Component: ARM Compiler 5.06 update 7 (build 960) Tool: armlink [4d3601]

==============================================================================

Section Cross References

    main.o(i._Z10drawStringR7SSD1306PKcjj) refers to main.o(i._Z8drawCharR7SSD1306cjj) for drawChar(SSD1306&, char, unsigned, unsigned)
    main.o(i._Z10fractionaltddd) refers to dflt_clz.o(x$fpl$dfltu) for __aeabi_ui2d
    main.o(i._Z10fractionaltddd) refers to main.o(i._Z12convert_datadd) for convert_data(double, double)
    main.o(i._Z10fractionaltddd) refers to dfixu.o(x$fpl$dfixu) for __aeabi_d2uiz
    main.o(i._Z10fractionaltddd) refers to pow.o(i.__hardfp_pow) for __hardfp_pow
    main.o(i._Z10fractionaltddd) refers to dmul.o(x$fpl$dmul) for __aeabi_dmul
    main.o(i._Z12convert_datadd) refers to daddsub_clz.o(x$fpl$drsb) for __aeabi_drsub
    main.o(i._Z12convert_datadd) refers to ddiv.o(x$fpl$ddiv) for __aeabi_ddiv
    main.o(i._Z12convert_datadd) refers to daddsub_clz.o(x$fpl$dadd) for __aeabi_dadd
    main.o(i._Z12convert_datadd) refers to dfixu.o(x$fpl$dfixu) for __aeabi_d2uiz
    main.o(i._Z12convert_datadd) refers to dflt_clz.o(x$fpl$dfltu) for __aeabi_ui2d
    main.o(i._Z12convert_distdd) refers to daddsub_clz.o(x$fpl$drsb) for __aeabi_drsub
    main.o(i._Z12convert_distdd) refers to ddiv.o(x$fpl$ddiv) for __aeabi_ddiv
    main.o(i._Z12convert_distdd) refers to daddsub_clz.o(x$fpl$dadd) for __aeabi_dadd
    main.o(i._Z12convert_distdd) refers to drleqf.o(x$fpl$drleqf) for __aeabi_cdrcmple
    main.o(i._Z12convert_distdd) refers to dleqf.o(x$fpl$dleqf) for __aeabi_cdcmple
    main.o(i._Z12convert_distdd) refers to main.o(.data) for .data
    main.o(i._Z12new_velocityi) refers to main.o(i._Z20get_line_from_points5pointS_) for get_line_from_points(point, point)
    main.o(i._Z12new_velocityi) refers to main.o(i._Z15get_y_from_line4linef) for get_y_from_line(line, float)
    main.o(i._Z12new_velocityi) refers to main.o(.bss) for .bss
    main.o(i._Z13is_in_bordersiii) refers to main.o(.data) for .data
    main.o(i._Z14sum_of_vectorsstst) refers to dflt_clz.o(x$fpl$dflt) for __aeabi_i2d
    main.o(i._Z14sum_of_vectorsstst) refers to dmul.o(x$fpl$dmul) for __aeabi_dmul
    main.o(i._Z14sum_of_vectorsstst) refers to sin.o(i.__hardfp_sin) for __hardfp_sin
    main.o(i._Z14sum_of_vectorsstst) refers to dflt_clz.o(x$fpl$dfltu) for __aeabi_ui2d
    main.o(i._Z14sum_of_vectorsstst) refers to dfix.o(x$fpl$dfix) for __aeabi_d2iz
    main.o(i._Z14sum_of_vectorsstst) refers to cos.o(i.__hardfp_cos) for __hardfp_cos
    main.o(i._Z14sum_of_vectorsstst) refers to atan2.o(i.__hardfp_atan2) for __hardfp_atan2
    main.o(i._Z14sum_of_vectorsstst) refers to pow.o(i.__hardfp_pow) for __hardfp_pow
    main.o(i._Z14sum_of_vectorsstst) refers to daddsub_clz.o(x$fpl$dadd) for __aeabi_dadd
    main.o(i._Z14sum_of_vectorsstst) refers to sqrt.o(i.__hardfp_sqrt) for __hardfp_sqrt
    main.o(i._Z14sum_of_vectorsstst) refers to main.o(.data) for .data
    main.o(i._Z15get_y_from_line4linef) refers to f2d.o(x$fpl$f2d) for __aeabi_f2d
    main.o(i._Z15get_y_from_line4linef) refers to dmul.o(x$fpl$dmul) for __aeabi_dmul
    main.o(i._Z15get_y_from_line4linef) refers to daddsub_clz.o(x$fpl$dadd) for __aeabi_dadd
    main.o(i._Z15get_y_from_line4linef) refers to dfix.o(x$fpl$dfix) for __aeabi_d2iz
    main.o(i._Z15read_from_FLASHv) refers to stm32f4xx_flash.o(i.FLASH_Unlock) for FLASH_Unlock
    main.o(i._Z18exponential_detourdddddd) refers to main.o(i._ZSt3absd) for std::abs(double)
    main.o(i._Z18exponential_detourdddddd) refers to dmul.o(x$fpl$dmul) for __aeabi_dmul
    main.o(i._Z18exponential_detourdddddd) refers to pow.o(i.__hardfp_pow) for __hardfp_pow
    main.o(i._Z18exponential_detourdddddd) refers to drleqf.o(x$fpl$drleqf) for __aeabi_cdrcmple
    main.o(i._Z18exponential_detourdddddd) refers to main.o(i._Z12convert_distdd) for convert_dist(double, double)
    main.o(i._Z18exponential_detourdddddd) refers to basic.o(x$fpl$basic) for __aeabi_dneg
    main.o(i._Z18exponential_detourdddddd) refers to dfix.o(x$fpl$dfix) for __aeabi_d2iz
    main.o(i._Z18exponential_detourdddddd) refers to main.o(.data) for .data
    main.o(i._Z18get_angle_to_point5pointS_) refers to dflt_clz.o(x$fpl$dflt) for __aeabi_i2d
    main.o(i._Z18get_angle_to_point5pointS_) refers to atan2.o(i.__hardfp_atan2) for __hardfp_atan2
    main.o(i._Z18get_angle_to_point5pointS_) refers to dmul.o(x$fpl$dmul) for __aeabi_dmul
    main.o(i._Z18get_angle_to_point5pointS_) refers to dfix.o(x$fpl$dfix) for __aeabi_d2iz
    main.o(i._Z18get_angle_to_point5pointS_) refers to main.o(i._ZSt3powdi) for std::pow(double, int)
    main.o(i._Z18get_angle_to_point5pointS_) refers to daddsub_clz.o(x$fpl$dadd) for __aeabi_dadd
    main.o(i._Z18get_angle_to_point5pointS_) refers to sqrt.o(i.__hardfp_sqrt) for __hardfp_sqrt
    main.o(i._Z18get_angle_to_point5pointS_) refers to main.o(.data) for .data
    main.o(i._Z18get_angle_to_pointssss) refers to dflt_clz.o(x$fpl$dflt) for __aeabi_i2d
[...]
    std::abs(double)                         0x080073c5   Thumb Code     4  main.o(i._ZSt3absd)
    std::pow(double, int)                    0x080073c9   Thumb Code    42  main.o(i._ZSt3powdi)
    operator delete (void*)                  0x080073f3   Thumb Code     8  delete.o(i._ZdlPv)
    operator new[] (unsigned)                0x080073fb   Thumb Code     8  array_new.o(i._Znaj)
    operator new(unsigned)                   0x08007405   Thumb Code    34  new.o(i._Znwj)
    __ARM_fpclassify                         0x0800742d   Thumb Code    48  fpclassify.o(i.__ARM_fpclassify)
    __ARM_fpclassifyf                        0x0800745d   Thumb Code    38  fpclassifyf.o(i.__ARM_fpclassifyf)
    __hardfp_atan                            0x08007489   Thumb Code   622  atan.o(i.__hardfp_atan)
    __hardfp_atan2                           0x08007761   Thumb Code   448  atan2.o(i.__hardfp_atan2)
    __hardfp_ceil                            0x08007961   Thumb Code   252  ceil.o(i.__hardfp_ceil)
    __hardfp_cos                             0x08007a79   Thumb Code   180  cos.o(i.__hardfp_cos)
    __hardfp_cosf                            0x08007b41   Thumb Code   280  cosf.o(i.__hardfp_cosf)
    __hardfp_fabs                            0x08007c91   Thumb Code    20  fabs.o(i.__hardfp_fabs)
    __hardfp_pow                             0x08007ca9   Thumb Code  3072  pow.o(i.__hardfp_pow)
    __hardfp_powf                            0x080088f9   Thumb Code  1606  powf.o(i.__hardfp_powf)
    __mathlib_powf                           0x080088f9   Thumb Code     0  powf.o(i.__hardfp_powf)
    __hardfp_sin                             0x08008f61   Thumb Code   180  sin.o(i.__hardfp_sin)
    __hardfp_sinf                            0x08009029   Thumb Code   344  sinf.o(i.__hardfp_sinf)
    __hardfp_sqrt                            0x080091b9   Thumb Code   122  sqrt.o(i.__hardfp_sqrt)
    __hardfp_sqrtf                           0x08009233   Thumb Code    58  sqrtf.o(i.__hardfp_sqrtf)
    __hardfp_tan                             0x08009271   Thumb Code   108  tan.o(i.__hardfp_tan)
    __ieee754_rem_pio2                       0x080092f1   Thumb Code   938  rred.o(i.__ieee754_rem_pio2)
    __kernel_cos                             0x08009729   Thumb Code   322  cos_i.o(i.__kernel_cos)
    __kernel_poly                            0x08009899   Thumb Code   248  poly.o(i.__kernel_poly)
    __kernel_sin                             0x08009991   Thumb Code   280  sin_i.o(i.__kernel_sin)
    __kernel_tan                             0x08009ac1   Thumb Code   764  tan_i.o(i.__kernel_tan)
    __mathlib_dbl_divzero                    0x08009e11   Thumb Code    28  dunder.o(i.__mathlib_dbl_divzero)
    __mathlib_dbl_infnan                     0x08009e41   Thumb Code    20  dunder.o(i.__mathlib_dbl_infnan)
    __mathlib_dbl_infnan2                    0x08009e55   Thumb Code    20  dunder.o(i.__mathlib_dbl_infnan2)
    __mathlib_dbl_invalid                    0x08009e69   Thumb Code    24  dunder.o(i.__mathlib_dbl_invalid)
    __mathlib_dbl_overflow                   0x08009e89   Thumb Code    24  dunder.o(i.__mathlib_dbl_overflow)
    __mathlib_dbl_underflow                  0x08009ea9   Thumb Code    24  dunder.o(i.__mathlib_dbl_underflow)
    __mathlib_flt_divzero                    0x08009ec9   Thumb Code    14  funder.o(i.__mathlib_flt_divzero)
    __mathlib_flt_infnan                     0x08009edd   Thumb Code     6  funder.o(i.__mathlib_flt_infnan)
    __mathlib_flt_infnan2                    0x08009ee3   Thumb Code     6  funder.o(i.__mathlib_flt_infnan2)
    __mathlib_flt_invalid                    0x08009ee9   Thumb Code    10  funder.o(i.__mathlib_flt_invalid)
    __mathlib_flt_overflow                   0x08009ef9   Thumb Code    10  funder.o(i.__mathlib_flt_overflow)
    __mathlib_flt_underflow                  0x08009f09   Thumb Code    10  funder.o(i.__mathlib_flt_underflow)
    __mathlib_rredf2                         0x08009f19   Thumb Code   316  rredf.o(i.__mathlib_rredf2)
    _sys_exit                                0x0800a4dd   Thumb Code     2  retarget.o(i._sys_exit)
    _ttywrch                                 0x0800a4df   Thumb Code     4  retarget.o(i._ttywrch)
    assert_failed                            0x0800a4e3   Thumb Code     6  retarget.o(i.assert_failed)
    atan                                     0x0800a4e9   Thumb Code    16  atan.o(i.atan)
    fabs                                     0x0800a4f9   Thumb Code    24  fabs.o(i.fabs)
    main                                     0x0800a511   Thumb Code  4726  main.o(i.main)
    sqrt                                     0x0800b7b1   Thumb Code   110  sqrt.o(i.sqrt)
    char* toPrint<float>(T1, short)          0x0800b81f   Thumb Code   480  main.o(t._Z7toPrintIfEPcT_s)
    char* toPrint<int>(T1, short)            0x0800b9ff   Thumb Code   264  main.o(t._Z7toPrintIiEPcT_s)
    void printTml<int>(SSD1306&, T1, int, int, int) 0x0800bb07   Thumb Code    44  main.o(t._Z8printTmlIiEvR7SSD1306T_iii)
    void Robot::display_data<int>(const char*, unsigned, T1, unsigned, unsigned, unsigned) 0x0800bb35   Thumb Code    44  main.o(t._ZN5Robot12display_dataIiEEvPKcjT_jjj)
    void Robot::display_draw_number<int>(T1, unsigned, unsigned, unsigned) 0x0800bb65   Thumb Code    18  main.o(t._ZN5Robot19display_draw_numberIiEEvT_jjj)
    __aeabi_dneg                             0x0800bb7d   Thumb Code     0  basic.o(x$fpl$basic)
    _dneg                                    0x0800bb7d   Thumb Code     6  basic.o(x$fpl$basic)
    __aeabi_fneg                             0x0800bb83   Thumb Code     0  basic.o(x$fpl$basic)
    _fneg                                    0x0800bb83   Thumb Code     6  basic.o(x$fpl$basic)
    _dabs                                    0x0800bb89   Thumb Code     6  basic.o(x$fpl$basic)
    _fabs                                    0x0800bb8f   Thumb Code     6  basic.o(x$fpl$basic)
    __aeabi_d2f                              0x0800bb95   Thumb Code     0  d2f.o(x$fpl$d2f)
    _d2f                                     0x0800bb95   Thumb Code    98  d2f.o(x$fpl$d2f)
    __aeabi_dadd                             0x0800bbf9   Thumb Code     0  daddsub_clz.o(x$fpl$dadd)
    _dadd                                    0x0800bbf9   Thumb Code   332  daddsub_clz.o(x$fpl$dadd)
    __fpl_dcheck_NaN1                        0x0800bd49   Thumb Code    10  dcheck1.o(x$fpl$dcheck1)
    __fpl_dcmp_Inf                           0x0800bd59   Thumb Code    24  dcmpi.o(x$fpl$dcmpinf)
    __aeabi_ddiv                             0x0800bd71   Thumb Code     0  ddiv.o(x$fpl$ddiv)
    _ddiv                                    0x0800bd71   Thumb Code   552  ddiv.o(x$fpl$ddiv)
    __aeabi_cdcmpeq                          0x0800c021   Thumb Code     0  deqf.o(x$fpl$deqf)
    _dcmpeq                                  0x0800c021   Thumb Code   120  deqf.o(x$fpl$deqf)
    __aeabi_d2iz                             0x0800c099   Thumb Code     0  dfix.o(x$fpl$dfix)
    _dfix                                    0x0800c099   Thumb Code    94  dfix.o(x$fpl$dfix)
    __aeabi_i2d                              0x0800c0f7   Thumb Code     0  dflt_clz.o(x$fpl$dflt)
    _dflt                                    0x0800c0f7   Thumb Code    46  dflt_clz.o(x$fpl$dflt)
    __aeabi_ui2d                             0x0800c125   Thumb Code     0  dflt_clz.o(x$fpl$dfltu)
    _dfltu                                   0x0800c125   Thumb Code    38  dflt_clz.o(x$fpl$dfltu)
    __aeabi_cdcmple                          0x0800c14d   Thumb Code     0  dleqf.o(x$fpl$dleqf)
    _dcmple                                  0x0800c14d   Thumb Code   120  dleqf.o(x$fpl$dleqf)
    __fpl_dcmple_InfNaN                      0x0800c1af   Thumb Code     0  dleqf.o(x$fpl$dleqf)
    __aeabi_dmul                             0x0800c1c5   Thumb Code     0  dmul.o(x$fpl$dmul)
    _dmul                                    0x0800c1c5   Thumb Code   332  dmul.o(x$fpl$dmul)
    __fpl_dnaninf                            0x0800c319   Thumb Code   156  dnaninf.o(x$fpl$dnaninf)
    __fpl_dretinf                            0x0800c3b5   Thumb Code    12  dretinf.o(x$fpl$dretinf)
    __aeabi_cdrcmple                         0x0800c3c1   Thumb Code     0  drleqf.o(x$fpl$drleqf)
    _drcmple                                 0x0800c3c1   Thumb Code   108  drleqf.o(x$fpl$drleqf)
    __aeabi_drsub                            0x0800c42d   Thumb Code     0  daddsub_clz.o(x$fpl$drsb)
    _drsb                                    0x0800c42d   Thumb Code    22  daddsub_clz.o(x$fpl$drsb)
    _dsqrt                                   0x0800c445   Thumb Code   404  dsqrt_umaal.o(x$fpl$dsqrt)
    __aeabi_dsub                             0x0800c5dd   Thumb Code     0  daddsub_clz.o(x$fpl$dsub)
    _dsub                                    0x0800c5dd   Thumb Code   464  daddsub_clz.o(x$fpl$dsub)
    __aeabi_f2d                              0x0800c7b1   Thumb Code     0  f2d.o(x$fpl$f2d)
    _f2d                                     0x0800c7b1   Thumb Code    86  f2d.o(x$fpl$f2d)
    __aeabi_ul2f                             0x0800c807   Thumb Code     0  ffltll_clz.o(x$fpl$ffltll)
    _ll_uto_f                                0x0800c807   Thumb Code     6  ffltll_clz.o(x$fpl$ffltll)
    __aeabi_l2f                              0x0800c80d   Thumb Code     0  ffltll_clz.o(x$fpl$ffltll)
    _ll_sto_f                                0x0800c80d   Thumb Code    90  ffltll_clz.o(x$fpl$ffltll)
    __fpl_fnaninf                            0x0800c867   Thumb Code   140  fnaninf.o(x$fpl$fnaninf)
    _fp_init                                 0x0800c8f3   Thumb Code    10  fpinit.o(x$fpl$fpinit)
    __fplib_config_fpu_vfp                   0x0800c8fb   Thumb Code     0  fpinit.o(x$fpl$fpinit)
    __fplib_config_pureend_doubles           0x0800c8fb   Thumb Code     0  fpinit.o(x$fpl$fpinit)
    __fpl_fretinf                            0x0800c8fd   Thumb Code    10  fretinf.o(x$fpl$fretinf)
    __aeabi_f2lz                             0x0800c909   Thumb Code     0  ffixll.o(x$fpl$llsfromf)
    _ll_sfrom_f                              0x0800c909   Thumb Code   134  ffixll.o(x$fpl$llsfromf)
    __fpl_return_NaN                         0x0800c98f   Thumb Code   100  retnan.o(x$fpl$retnan)
    __ARM_scalbn                             0x0800c9f3   Thumb Code    92  scalbn.o(x$fpl$scalbn)
    __fpl_cmpreturn                          0x0800ca4f   Thumb Code    48  trapv.o(x$fpl$trapveneer)
    __I$use$fp                               0x0800ca7e   Number         0  usenofp.o(x$fpl$usenofp)
    __mathlib_zero                           0x0800d4e0   Data           8  qnan.o(.constdata)
    vtable for SSD1306                       0x0800d658   Data          16  ssd1306.o(.constdata__ZTV7SSD1306)
    Region$$Table$$Base                      0x0800d668   Number         0  anon$$obj.o(Region$$Table)
    Region$$Table$$Limit                     0x0800d688   Number         0  anon$$obj.o(Region$$Table)
    SHT$$INIT_ARRAY$$Base                    0x0800d688   Number         0  main.o(.init_array)
    SHT$$INIT_ARRAY$$Limit                   0x0800d68c   Number         0  init_aeabi.o(.init_array)
    attacker_old_state                       0x20000000   Data           1  main.o(.data)
    attacker_state1_tim                      0x20000001   Data           1  main.o(.data)
    defender_state                           0x20000002   Data           1  main.o(.data)
    defender_old_state                       0x20000003   Data           1  main.o(.data)
    _daleko                                  0x20000004   Data           1  main.o(.data)
    attacker_use_detour                      0x20000005   Data           1  main.o(.data)
    role                                     0x20000006   Data           1  main.o(.data)
    gaming_state                             0x20000007   Data           1  main.o(.data)
    _aboba                                   0x20000008   Data           1  main.o(.data)
    Robot::_use_PID                          0x20000009   Data           1  main.o(.data)
    Robot::_use_game_zone_restriction        0x2000000a   Data           1  main.o(.data)
    Robot::_test_dribler_mode                0x2000000b   Data           1  main.o(.data)
    Robot::_use_dribler                      0x2000000c   Data           1  main.o(.data)
    Robot::trajectory_started                0x2000000d   Data           1  main.o(.data)
    Robot::use_delays                        0x2000000e   Data           1  main.o(.data)
    Robot::ball_distance_delay_disable       0x2000000f   Data           1  main.o(.data)
    Robot::fast_stop                         0x20000010   Data           1  main.o(.data)
    Robot::side                              0x20000011   Data           1  main.o(.data)
    Robot::leds_state                        0x20000012   Data           1  main.o(.data)
    Robot::motors_state                      0x20000013   Data           1  main.o(.data)
    Robot::init_image                        0x20000014   Data           1  main.o(.data)
    Robot::_game_state                       0x20000015   Data           1  main.o(.data)
    Robot::is_callibrated                    0x20000016   Data           1  main.o(.data)
    Robot::is_ball_seen                      0x20000017   Data           1  main.o(.data)
    Robot::use_trajectory                    0x20000018   Data           1  main.o(.data)
    Robot::trajectory_is_in_progress         0x20000019   Data           1  main.o(.data)
    Robot::trajectory_finished               0x2000001a   Data           1  main.o(.data)
    Robot::point_reached                     0x2000001b   Data           1  main.o(.data)
    Robot::waiting                           0x2000001c   Data           1  main.o(.data)
    Robot::wait_rotating                     0x2000001d   Data           1  main.o(.data)
    attacker_state                           0x2000001e   Data           1  main.o(.data)
    defender_defence_sector                  0x2000001f   Data           1  main.o(.data)
    defender_move_sector                     0x20000020   Data           1  main.o(.data)
    Robot::_role                             0x20000022   Data           2  main.o(.data)
    Robot::dribbler_mode                     0x20000024   Data           2  main.o(.data)
    Robot::change_speed_time                 0x20000026   Data           2  main.o(.data)
    Robot::start_trajectory_length           0x20000028   Data           2  main.o(.data)
    Robot::ball_sen_data                     0x2000002a   Data           2  main.o(.data)
    Robot::ball_threshold                    0x2000002c   Data           2  main.o(.data)
    attacker_2_state_side                    0x2000002e   Data           2  main.o(.data)
    Robot::robot_position_diff               0x20000030   Data           2  main.o(.data)
    Robot::buttons_data                      0x20000032   Data           3  main.o(.data)
    Robot::buttons_old_data                  0x20000035   Data           3  main.o(.data)
    Robot::pressed_buttons                   0x20000038   Data           3  main.o(.data)
    Robot::blinking_leds                     0x2000003b   Data           3  main.o(.data)
    ang_result                               0x20000040   Data           4  main.o(.data)
    len_result                               0x20000044   Data           4  main.o(.data)
    result                                   0x20000048   Data           4  main.o(.data)
    x1                                       0x2000004c   Data           4  main.o(.data)
    x2                                       0x20000050   Data           4  main.o(.data)
    y1                                       0x20000054   Data           4  main.o(.data)
    y2                                       0x20000058   Data           4  main.o(.data)
    _x_result                                0x2000005c   Data           4  main.o(.data)
    _y_result                                0x20000060   Data           4  main.o(.data)
    defender_move_speed                      0x20000064   Data           4  main.o(.data)
    additional_defender_y                    0x20000068   Data           4  main.o(.data)
    attacker_2_to_1_tim                      0x2000006c   Data           4  main.o(.data)
    defender_1_to_2_tim                      0x20000070   Data           4  main.o(.data)
    defender_3_to_1_tim                      0x20000074   Data           4  main.o(.data)
    attacker_2_state_trajectory_type         0x20000078   Data           4  main.o(.data)
    _attacker_4_tim                          0x2000007c   Data           4  main.o(.data)
    _attacker_4_sub_tim                      0x20000080   Data           4  main.o(.data)
    attacker_start_detour_timer              0x20000084   Data           4  main.o(.data)
    attacker_stop_detour_timer               0x20000088   Data           4  main.o(.data)
    _goida                                   0x2000008c   Data           4  main.o(.data)
    spas                                     0x20000090   Data           4  main.o(.data)
    Robot::a                                 0x20000094   Data           4  main.o(.data)
    Robot::ball_captured_timer               0x20000098   Data           4  main.o(.data)
    Robot::_ball_sen_low_data                0x2000009c   Data           4  main.o(.data)
    Robot::_ball_sen_high_data               0x200000a0   Data           4  main.o(.data)
    Robot::_ball_led_data                    0x200000a4   Data           4  main.o(.data)
    Robot::ball_sen_measure_index            0x200000a8   Data           4  main.o(.data)
    Robot::ball_measure_timer                0x200000ac   Data           4  main.o(.data)
    Robot::ball_sen_result_data              0x200000b0   Data           4  main.o(.data)
    Robot::ball_sen_sum_data                 0x200000b4   Data           4  main.o(.data)
    Robot::_capacitor1_tim                   0x200000b8   Data           4  main.o(.data)
    Robot::_capacitor2_tim                   0x200000bc   Data           4  main.o(.data)
    Robot::blinking_timer                    0x200000c0   Data           4  main.o(.data)
    Robot::init_timer                        0x200000c4   Data           4  main.o(.data)
    Robot::display_timer                     0x200000c8   Data           4  main.o(.data)
    Robot::loop_delay                        0x200000cc   Data           4  main.o(.data)
    Robot::old_time                          0x200000d0   Data           4  main.o(.data)
    Robot::prediction_timer                  0x200000d4   Data           4  main.o(.data)
    Robot::keck_timer                        0x200000d8   Data           4  main.o(.data)
    Robot::point_reached_timer               0x200000dc   Data           4  main.o(.data)
    Robot::dribler_speed_change_speed        0x200000e0   Data           4  main.o(.data)
    Robot::ball_grab_timer                   0x200000e4   Data           4  main.o(.data)
    Robot::timer10ms                         0x200000e8   Data           4  main.o(.data)
    Robot::timer_1000ms                      0x200000ec   Data           4  main.o(.data)
    Robot::display_update_time               0x200000f0   Data           4  main.o(.data)
    Robot::ball_data                         0x200000f4   Data           4  main.o(.data)
    Robot::adc1_sub                          0x200000f8   Data           4  main.o(.data)
    Robot::_change_game_state_tim            0x200000fc   Data           4  main.o(.data)
    Robot::otladka1                          0x20000100   Data           4  main.o(.data)
    Robot::otladka2                          0x20000104   Data           4  main.o(.data)
    Robot::angle_ki                          0x20000108   Data           4  main.o(.data)
    Robot::move_angle                        0x2000010c   Data           4  main.o(.data)
    Robot::gyro                              0x20000110   Data           4  main.o(.data)
    Robot::robot_x                           0x20000114   Data           4  main.o(.data)
    Robot::robot_y                           0x20000118   Data           4  main.o(.data)
    Robot::ball_loc_angle                    0x2000011c   Data           4  main.o(.data)
    Robot::ball_abs_angle                    0x20000120   Data           4  main.o(.data)
    Robot::ball_loc_x                        0x20000124   Data           4  main.o(.data)
    Robot::forward_angle                     0x20000128   Data           4  main.o(.data)
    Robot::backward_angle                    0x2000012c   Data           4  main.o(.data)
    Robot::dribler_speed                     0x20000130   Data           4  main.o(.data)
    Robot::gyro_zero_angle                   0x20000134   Data           4  main.o(.data)
    Robot::waiting_angle                     0x20000138   Data           4  main.o(.data)
    Robot::abs_move_angle                    0x2000013c   Data           4  main.o(.data)
    Robot::angular_speed                     0x20000140   Data           4  main.o(.data)
    Robot::ball_distance                     0x20000144   Data           4  main.o(.data)
    Robot::forward_distance                  0x20000148   Data           4  main.o(.data)
    Robot::backward_distance                 0x2000014c   Data           4  main.o(.data)
    Robot::point_distance                    0x20000150   Data           4  main.o(.data)
    Robot::old_b_x                           0x20000154   Data           4  main.o(.data)
    Robot::old_b_y                           0x20000158   Data           4  main.o(.data)
    Robot::ball_abs_x                        0x2000015c   Data           4  main.o(.data)
    Robot::ball_abs_y                        0x20000160   Data           4  main.o(.data)
    Robot::_dS                               0x20000164   Data           4  main.o(.data)
    Robot::_dSSoft                           0x20000168   Data           4  main.o(.data)
    Robot::_x1b                              0x2000016c   Data           4  main.o(.data)
    Robot::_y1b                              0x20000170   Data           4  main.o(.data)
    Robot::_defender_predicted_x             0x20000174   Data           4  main.o(.data)
    Robot::_defender_predicted_y             0x20000178   Data           4  main.o(.data)
    Robot::display_data_1                    0x2000017c   Data           4  main.o(.data)
    Robot::display_data_2                    0x20000180   Data           4  main.o(.data)
    Robot::display_delay_update_time         0x20000184   Data           4  main.o(.data)
    Robot::max_x                             0x20000188   Data           4  main.o(.data)
    Robot::min_x                             0x2000018c   Data           4  main.o(.data)
    Robot::max_y                             0x20000190   Data           4  main.o(.data)
    Robot::min_y                             0x20000194   Data           4  main.o(.data)
    Robot::move_speed                        0x20000198   Data           4  main.o(.data)
    Robot::select_arrow_y                    0x2000019c   Data           4  main.o(.data)
    Robot::menu_level                        0x200001a0   Data           4  main.o(.data)
    Robot::main_menu_arrow_y                 0x200001a4   Data           4  main.o(.data)
    Robot::cur_dribler_speed                 0x200001a8   Data           4  main.o(.data)
    Robot::voltage                           0x200001ac   Data           4  main.o(.data)
    Robot::dribler_acc                       0x200001b0   Data           4  main.o(.data)
    Robot::ball_detection_loghtness          0x200001b4   Data           4  main.o(.data)
    Robot::ball_sen_data_soft                0x200001b8   Data           4  main.o(.data)
    Robot::ball_sen_data_k                   0x200001bc   Data           4  main.o(.data)
    Robot::robot_global_speed_timer          0x200001c0   Data           4  main.o(.data)
    x3                                       0x200001c4   Data           4  main.o(.data)
    t                                        0x200001c8   Data           4  main.o(.data)
    _sub                                     0x200001cc   Data           4  main.o(.data)
    defender_move_point_dist                 0x200001d0   Data           4  main.o(.data)
    defender_2_to_1_tim                      0x200001d4   Data           4  main.o(.data)
    Robot::timer_100ms                       0x200001d8   Data           4  main.o(.data)
    Robot::time                              0x200001dc   Data           4  main.o(.data)
    Robot::blinking_durations                0x200001e0   Data           4  main.o(.data)
    Robot::ball_seen_time                    0x200001e4   Data           4  main.o(.data)
    Robot::x0_angle                          0x200001e8   Data           4  main.o(.data)
    Robot::angle_p                           0x200001ec   Data           4  main.o(.data)
    Robot::angle_d                           0x200001f0   Data           4  main.o(.data)
    Robot::angle_i                           0x200001f4   Data           4  main.o(.data)
    Robot::angle_e                           0x200001f8   Data           4  main.o(.data)
    Robot::angle_eold                        0x200001fc   Data           4  main.o(.data)
    Robot::angle_kp                          0x20000200   Data           4  main.o(.data)
    Robot::angle_kd                          0x20000204   Data           4  main.o(.data)
    Robot::angle_kp2                         0x20000208   Data           4  main.o(.data)
    Robot::ball_loc_y                        0x2000020c   Data           4  main.o(.data)
    Robot::max_angular_speed                 0x20000210   Data           4  main.o(.data)
    Robot::max_trajectory_linear_speed       0x20000214   Data           4  main.o(.data)
    Robot::min_trajectory_linear_speed       0x20000218   Data           4  main.o(.data)
    Robot::max_trajectory_angular_speed      0x2000021c   Data           4  main.o(.data)
    Robot::_dxb                              0x20000220   Data           8  main.o(.data)
    Robot::_dyb                              0x20000228   Data           8  main.o(.data)
    Robot::_alpha                            0x20000230   Data           8  main.o(.data)
    _data                                    0x20000238   Data           8  main.o(.data)
    angK                                     0x20000240   Data           8  main.o(.data)
    distK                                    0x20000248   Data           8  main.o(.data)
    Robot::start_trajectory_vector           0x20000250   Data           8  main.o(.data)
    Robot::moving_point                      0x20000258   Data          16  main.o(.data)
    SystemCoreClock                          0x20000268   Data           4  system_stm32f4xx.o(.data)
    time_service::systemTime                 0x2000026c   Data           4  time_service.o(.data)
    usart2::flag                             0x20000270   Data           1  uart2.o(.data)
    usart2::_bytesToSend                     0x20000271   Data           1  uart2.o(.data)
    usart2::_receiver_buffer_overflow_warning 0x20000272   Data           1  uart2.o(.data)
    usart2::_rxCnt                           0x20000274   Data           2  uart2.o(.data)
    usart2::_txCnt                           0x20000276   Data           2  uart2.o(.data)
    usart2::_readCnt                         0x20000278   Data           2  uart2.o(.data)
    usart2::_sendCnt                         0x2000027a   Data           2  uart2.o(.data)
    usart2::_tets                            0x2000027c   Data           4  uart2.o(.data)
    usart3::flag                             0x20000280   Data           1  usart3.o(.data)
    usart3::_bytesToSend                     0x20000281   Data           1  usart3.o(.data)
    usart3::_receiver_buffer_overflow_warning 0x20000282   Data           1  usart3.o(.data)
    usart3::_rxCnt                           0x20000284   Data           2  usart3.o(.data)
    usart3::_txCnt                           0x20000286   Data           2  usart3.o(.data)
    usart3::_readCnt                         0x20000288   Data           2  usart3.o(.data)
    usart3::_sendCnt                         0x2000028a   Data           2  usart3.o(.data)
    usart3::_tets                            0x2000028c   Data           4  usart3.o(.data)
    usart6::flag                             0x20000290   Data           1  usart6.o(.data)
    usart6::_bytesToSend                     0x20000291   Data           1  usart6.o(.data)
    usart6::_receiver_buffer_overflow_warning 0x20000292   Data           1  usart6.o(.data)
    usart6::_rxCnt                           0x20000294   Data           2  usart6.o(.data)
    usart6::_txCnt                           0x20000296   Data           2  usart6.o(.data)
    usart6::_readCnt                         0x20000298   Data           2  usart6.o(.data)
    usart6::_sendCnt                         0x2000029a   Data           2  usart6.o(.data)
    usart6::_tets                            0x2000029c   Data           4  usart6.o(.data)
    usartik1::flag                           0x200002a0   Data           1  usartik1.o(.data)
    usartik1::_rxCnt                         0x200002a2   Data           2  usartik1.o(.data)
    usartik1::_txCnt                         0x200002a4   Data           2  usartik1.o(.data)
    usartik1::_readCnt                       0x200002a6   Data           2  usartik1.o(.data)
    usartik1::_sendCnt                       0x200002a8   Data           2  usartik1.o(.data)
    usartik1::_buffer_size                   0x200002aa   Data           2  usartik1.o(.data)
    num3                                     0x200002ac   Data           1  spi3_dot.o(.data)
    _available3                              0x200002ad   Data           2  spi3_dot.o(.data)
    _RxData3                                 0x200002b0   Data           4  spi3_dot.o(.data)
    image2                                   0x200002c4   Data        8192  ssd1306.o(.data)
    image1                                   0x200022c4   Data        8192  ssd1306.o(.data)
    buffer                                   0x200042c4   Data        8192  ssd1306.o(.data)
    defender_move_point                      0x200062c8   Data          16  main.o(.bss)
    defender_defence_point                   0x200062d8   Data          16  main.o(.bss)
    defender_new_left_change_sector          0x200062e8   Data          16  main.o(.bss)
    defender_new_right_change_sector         0x200062f8   Data          16  main.o(.bss)
    attacker_start_2_state_point             0x20006308   Data          16  main.o(.bss)
    defender_gate_circle                     0x20006318   Data          28  main.o(.bss)
    defender_middle_cross_point              0x20006334   Data          16  main.o(.bss)
    defender_detour_left_point               0x20006344   Data          16  main.o(.bss)
    defender_detour_right_point              0x20006354   Data          16  main.o(.bss)
    defender_detour_point                    0x20006364   Data          16  main.o(.bss)
    ball_abs_position                        0x20006374   Data          16  main.o(.bss)
    defender_left_line                       0x20006388   Data          16  main.o(.bss)
    defender_middle_line                     0x20006398   Data          16  main.o(.bss)
    defender_right_line                      0x200063a8   Data          16  main.o(.bss)
    defender_ball_gate_line                  0x200063b8   Data          16  main.o(.bss)
    Points::backward_gate                    0x200063c8   Data          16  main.o(.bss)
    Points::forward_gate                     0x200063d8   Data          16  main.o(.bss)
    Points::gate_left_point                  0x200063e8   Data          16  main.o(.bss)
    Points::gate_right_point                 0x200063f8   Data          16  main.o(.bss)
    Points::long_ricochet_right              0x20006408   Data          16  main.o(.bss)
    Points::long_ricochet_left               0x20006418   Data          16  main.o(.bss)
    Points::back_kick                        0x20006428   Data          16  main.o(.bss)
    Points::speed_1                          0x20006438   Data          16  main.o(.bss)
    Points::speed_2                          0x20006448   Data          16  main.o(.bss)
    Points::speed_3                          0x20006458   Data          16  main.o(.bss)
    Points::defender_speed_1                 0x20006468   Data          16  main.o(.bss)
    Points::defender_speed_2                 0x20006478   Data          16  main.o(.bss)
    Points::defender_speed_3                 0x20006488   Data          16  main.o(.bss)
    Points::defender_left_end                0x20006498   Data          16  main.o(.bss)
    Points::defender_left_change_sector      0x200064a8   Data          16  main.o(.bss)
    Points::defender_right_end               0x200064b8   Data          16  main.o(.bss)
    Points::defender_right_change_sector     0x200064c8   Data          16  main.o(.bss)
    Points::defender_no_ball_right_point     0x200064d8   Data          16  main.o(.bss)
    Points::defender_no_ball_left_point      0x200064e8   Data          16  main.o(.bss)
    Robot::led3                              0x200064f8   Data          24  main.o(.bss)
    Robot::led2                              0x20006510   Data          24  main.o(.bss)
    Robot::led1                              0x20006528   Data          24  main.o(.bss)
    Robot::MotorA                            0x20006540   Data          16  main.o(.bss)
    Robot::MotorB                            0x20006550   Data          16  main.o(.bss)
    Robot::MotorC                            0x20006560   Data          16  main.o(.bss)
    Robot::MotorD                            0x20006570   Data          16  main.o(.bss)
    Robot::motors                            0x20006580   Data         168  main.o(.bss)
    Robot::spi2_miso                         0x20006628   Data          24  main.o(.bss)
    Robot::spi2_mosi                         0x20006640   Data          24  main.o(.bss)
    Robot::usart6_rx                         0x20006658   Data          24  main.o(.bss)
    Robot::motors_move                       0x20006670   Data          24  main.o(.bss)
    Robot::uart_test                         0x20006688   Data          24  main.o(.bss)
    Robot::dribler_control                   0x200066a0   Data          24  main.o(.bss)
    Robot::tssp_write_4                      0x200066b8   Data          24  main.o(.bss)
    Robot::tssp_write_3                      0x200066d0   Data          24  main.o(.bss)
    Robot::tssp_write_2                      0x200066e8   Data          24  main.o(.bss)
    Robot::tssp_write_1                      0x20006700   Data          24  main.o(.bss)
    Robot::tssp_left_read                    0x20006718   Data          24  main.o(.bss)
    Robot::tssp_right_read                   0x20006730   Data          24  main.o(.bss)
    Robot::up                                0x20006748   Data          24  main.o(.bss)
    Robot::down                              0x20006760   Data          24  main.o(.bss)
    Robot::enter                             0x20006778   Data          24  main.o(.bss)
    Robot::spi3_mosi                         0x20006790   Data          24  main.o(.bss)
    Robot::spi3_sck                          0x200067a8   Data          24  main.o(.bss)
    Robot::spi3_dc                           0x200067c0   Data          24  main.o(.bss)
    Robot::spi3_cs                           0x200067d8   Data          24  main.o(.bss)
    Robot::spi3_rst                          0x200067f0   Data          24  main.o(.bss)
    Robot::usart2_tx                         0x20006808   Data          24  main.o(.bss)
    Robot::usart2_rx                         0x20006820   Data          24  main.o(.bss)
    Robot::ball_sen_adc                      0x20006838   Data          24  main.o(.bss)
    Robot::ball_led_adc                      0x20006850   Data          24  main.o(.bss)
    Robot::usart3_tx                         0x20006868   Data          24  main.o(.bss)
    Robot::usart3_rx                         0x20006880   Data          24  main.o(.bss)
    Robot::kecker_cap_1                      0x20006898   Data          24  main.o(.bss)
    Robot::kecker_cap_2                      0x200068b0   Data          24  main.o(.bss)
    Robot::kecker_solenoid_L                 0x200068c8   Data          24  main.o(.bss)
    Robot::kecker_solenoid_C                 0x200068e0   Data          24  main.o(.bss)
    Robot::kecker_solenoid_R                 0x200068f8   Data          24  main.o(.bss)
    Robot::kecker_kick                       0x20006910   Data          24  main.o(.bss)
    Robot::Kecker                            0x20006928   Data          24  main.o(.bss)
    Robot::battery_charge                    0x20006940   Data          24  main.o(.bss)
    Robot::display                           0x20006958   Data         128  main.o(.bss)
    Robot::camera                            0x200069d8   Data         320  main.o(.bss)
    Robot::ball                              0x20006b18   Data         448  main.o(.bss)
    Robot::angle_pid                         0x20006cd8   Data          44  main.o(.bss)
    Robot::trajectory                        0x20006d04   Data         336  main.o(.bss)
    Robot::_ball_sen_raw_data                0x20006e54   Data          40  main.o(.bss)
    Robot::button_timers                     0x20006e7c   Data          12  main.o(.bss)
    Robot::robot_position                    0x20006e88   Data          16  main.o(.bss)
    Robot::robot_move                        0x20006e98   Data          16  main.o(.bss)
    Robot::_sub_point                        0x20006ea8   Data          16  main.o(.bss)
    Robot::start_trajectory                  0x20006eb8   Data          16  main.o(.bss)
    Robot::predicted_point                   0x20006ec8   Data          16  main.o(.bss)
    Robot::robot_previous_position           0x20006ed8   Data          16  main.o(.bss)
    Robot::ball_abs_position                 0x20006ee8   Data          16  main.o(.bss)
    usart2::tx                               0x20006ef8   Data          30  uart2.o(.bss)
    usart2::rx                               0x20006f16   Data          30  uart2.o(.bss)
    usart3::tx                               0x20006f34   Data         100  usart3.o(.bss)
    usart3::rx                               0x20006f98   Data         100  usart3.o(.bss)
    usart6::tx                               0x20006ffc   Data          30  usart6.o(.bss)
    usart6::rx                               0x2000701a   Data          30  usart6.o(.bss)
    usartik1::tx                             0x20007038   Data          25  usartik1.o(.bss)
    usartik1::rx                             0x20007051   Data          25  usartik1.o(.bss)
    __libspace_start                         0x2000706c   Data          96  libspace.o(.bss)
    __temporary_stack_top$libspace           0x200070cc   Data           0  libspace.o(.bss)



==============================================================================

Memory Map of the image

  Image Entry point : 0x08000189

  Load Region LR_IROM1 (Base: 0x08000000, Size: 0x00013950, Max: 0x00100000, ABSOLUTE, COMPRESSED[0x0000d93c])

    Execution Region ER_IROM1 (Exec base: 0x08000000, Load base: 0x08000000, Size: 0x0000d68c, Max: 0x00100000, ABSOLUTE)

    Exec Addr    Load Addr    Size         Type   Attr      Idx    E Section Name        Object

    0x08000000   0x08000000   0x00000188   Data   RO         1062    RESET               startup_stm32f407xx.o
    0x08000188   0x08000188   0x00000008   Code   RO         5673  * !!!main             c_w.l(__main.o)
    0x08000190   0x08000190   0x00000034   Code   RO         6466    !!!scatter          c_w.l(__scatter.o)
    0x080001c4   0x080001c4   0x0000005a   Code   RO         6464    !!dczerorl2         c_w.l(__dczerorl2.o)
    0x0800021e   0x0800021e   0x00000002   PAD
    0x08000220   0x08000220   0x0000001c   Code   RO         6468    !!handler_zi        c_w.l(__scatter_zi.o)
    0x0800023c   0x0800023c   0x00000002   Code   RO         6368    .ARM.Collect$$libinit$$00000000  c_w.l(libinit.o)
    0x0800023e   0x0800023e   0x00000004   Code   RO         6061    .ARM.Collect$$libinit$$00000001  c_w.l(libinit2.o)
    0x08000242   0x08000242   0x00000000   Code   RO         6064    .ARM.Collect$$libinit$$00000004  c_w.l(libinit2.o)
    0x08000242   0x08000242   0x00000008   Code   RO         6065    .ARM.Collect$$libinit$$00000005  c_w.l(libinit2.o)
    0x0800024a   0x0800024a   0x00000000   Code   RO         6067    .ARM.Collect$$libinit$$0000000A  c_w.l(libinit2.o)
    0x0800024a   0x0800024a   0x00000000   Code   RO         6069    .ARM.Collect$$libinit$$0000000C  c_w.l(libinit2.o)
    0x0800024a   0x0800024a   0x00000000   Code   RO         6071    .ARM.Collect$$libinit$$0000000E  c_w.l(libinit2.o)
    0x0800024a   0x0800024a   0x00000000   Code   RO         6074    .ARM.Collect$$libinit$$00000011  c_w.l(libinit2.o)
    0x0800024a   0x0800024a   0x00000000   Code   RO         6076    .ARM.Collect$$libinit$$00000013  c_w.l(libinit2.o)
    0x0800024a   0x0800024a   0x00000000   Code   RO         6078    .ARM.Collect$$libinit$$00000015  c_w.l(libinit2.o)
    0x0800024a   0x0800024a   0x00000000   Code   RO         6080    .ARM.Collect$$libinit$$00000017  c_w.l(libinit2.o)
    0x0800024a   0x0800024a   0x00000000   Code   RO         6082    .ARM.Collect$$libinit$$00000019  c_w.l(libinit2.o)
    0x0800024a   0x0800024a   0x00000000   Code   RO         6084    .ARM.Collect$$libinit$$0000001B  c_w.l(libinit2.o)
    0x0800024a   0x0800024a   0x00000000   Code   RO         6086    .ARM.Collect$$libinit$$0000001D  c_w.l(libinit2.o)
    0x0800024a   0x0800024a   0x00000000   Code   RO         6088    .ARM.Collect$$libinit$$0000001F  c_w.l(libinit2.o)
    0x0800024a   0x0800024a   0x00000000   Code   RO         6090    .ARM.Collect$$libinit$$00000021  c_w.l(libinit2.o)
    0x0800024a   0x0800024a   0x00000000   Code   RO         6092    .ARM.Collect$$libinit$$00000023  c_w.l(libinit2.o)
    0x0800024a   0x0800024a   0x00000000   Code   RO         6094    .ARM.Collect$$libinit$$00000025  c_w.l(libinit2.o)
    0x0800024a   0x0800024a   0x00000000   Code   RO         6098    .ARM.Collect$$libinit$$0000002C  c_w.l(libinit2.o)
    0x0800024a   0x0800024a   0x00000000   Code   RO         6100    .ARM.Collect$$libinit$$0000002E  c_w.l(libinit2.o)
    0x0800024a   0x0800024a   0x00000000   Code   RO         6102    .ARM.Collect$$libinit$$00000030  c_w.l(libinit2.o)
    0x0800024a   0x0800024a   0x00000004   Code   RO         6103    .ARM.Collect$$libinit$$00000031  c_w.l(libinit2.o)
    0x0800024e   0x0800024e   0x00000000   Code   RO         6104    .ARM.Collect$$libinit$$00000032  c_w.l(libinit2.o)
    0x0800024e   0x0800024e   0x00000002   Code   RO         6105    .ARM.Collect$$libinit$$00000033  c_w.l(libinit2.o)
    0x08000250   0x08000250   0x00000002   Code   RO         6449    .ARM.Collect$$libshutdown$$00000000  c_w.l(libshutdown.o)
    0x08000252   0x08000252   0x00000000   Code   RO         6428    .ARM.Collect$$libshutdown$$00000002  c_w.l(libshutdown2.o)
    0x08000252   0x08000252   0x00000000   Code   RO         6430    .ARM.Collect$$libshutdown$$00000004  c_w.l(libshutdown2.o)
    0x08000252   0x08000252   0x00000000   Code   RO         6432    .ARM.Collect$$libshutdown$$00000006  c_w.l(libshutdown2.o)
    0x08000252   0x08000252   0x00000000   Code   RO         6435    .ARM.Collect$$libshutdown$$00000009  c_w.l(libshutdown2.o)
    0x08000252   0x08000252   0x00000000   Code   RO         6438    .ARM.Collect$$libshutdown$$0000000C  c_w.l(libshutdown2.o)
    0x08000252   0x08000252   0x00000000   Code   RO         6440    .ARM.Collect$$libshutdown$$0000000E  c_w.l(libshutdown2.o)
    0x08000252   0x08000252   0x00000000   Code   RO         6443    .ARM.Collect$$libshutdown$$00000011  c_w.l(libshutdown2.o)
    0x08000252   0x08000252   0x00000002   Code   RO         6444    .ARM.Collect$$libshutdown$$00000012  c_w.l(libshutdown2.o)
    0x08000254   0x08000254   0x00000000   Code   RO         5998    .ARM.Collect$$rtentry$$00000000  c_w.l(__rtentry.o)
    0x08000254   0x08000254   0x00000000   Code   RO         6231    .ARM.Collect$$rtentry$$00000002  c_w.l(__rtentry2.o)
    0x08000254   0x08000254   0x00000006   Code   RO         6243    .ARM.Collect$$rtentry$$00000004  c_w.l(__rtentry4.o)
    0x0800025a   0x0800025a   0x00000000   Code   RO         6233    .ARM.Collect$$rtentry$$00000009  c_w.l(__rtentry2.o)
    0x0800025a   0x0800025a   0x00000004   Code   RO         6234    .ARM.Collect$$rtentry$$0000000A  c_w.l(__rtentry2.o)
    0x0800025e   0x0800025e   0x00000000   Code   RO         6236    .ARM.Collect$$rtentry$$0000000C  c_w.l(__rtentry2.o)
    0x0800025e   0x0800025e   0x00000008   Code   RO         6237    .ARM.Collect$$rtentry$$0000000D  c_w.l(__rtentry2.o)
    0x08000266   0x08000266   0x00000002   Code   RO         6384    .ARM.Collect$$rtexit$$00000000  c_w.l(rtexit.o)
    0x08000268   0x08000268   0x00000000   Code   RO         6409    .ARM.Collect$$rtexit$$00000002  c_w.l(rtexit2.o)
    0x08000268   0x08000268   0x00000004   Code   RO         6410    .ARM.Collect$$rtexit$$00000003  c_w.l(rtexit2.o)
    0x0800026c   0x0800026c   0x00000006   Code   RO         6411    .ARM.Collect$$rtexit$$00000004  c_w.l(rtexit2.o)
    0x08000272   0x08000272   0x00000002   PAD
    0x08000274   0x08000274   0x00000000   Code   RO         6336    .emb_text           c_w.l(maybetermalloc1.o)
    0x08000274   0x08000274   0x00000040   Code   RO         1063    .text               startup_stm32f407xx.o
    0x080002b4   0x080002b4   0x00000002   Code   RO         5663    .text               c_w.l(use_no_semi.o)
    0x080002b6   0x080002b6   0x00000048   Code   RO         5665    .text               c_w.l(llsdiv.o)
    0x080002fe   0x080002fe   0x00000064   Code   RO         5667    .text               c_w.l(rt_memcpy_w.o)
    0x08000362   0x08000362   0x00000044   Code   RO         5669    .text               c_w.l(rt_memclr.o)
    0x080003a6   0x080003a6   0x00000006   Code   RO         5671    .text               c_w.l(heapauxi.o)
    0x080003ac   0x080003ac   0x00000024   Code   RO         5678    .text               c_w.l(init_aeabi.o)
    0x080003d0   0x080003d0   0x0000004e   Code   RO         6001    .text               c_w.l(h1_free.o)
    0x0800041e   0x0800041e   0x000000ee   Code   RO         6055    .text               c_w.l(lludivv7m.o)
    0x0800050c   0x0800050c   0x00000016   Code   RO         6057    .text               c_w.l(_rserrno.o)
    0x08000522   0x08000522   0x0000004e   Code   RO         6059    .text               c_w.l(rt_memclr_w.o)
    0x08000570   0x08000570   0x00000008   Code   RO         6252    .text               c_w.l(rt_heap_descriptor_intlibspace.o)
    0x08000578   0x08000578   0x00000008   Code   RO         6257    .text               c_w.l(rt_new_handler_addr_intlibspace.o)
    0x08000580   0x08000580   0x00000008   Code   RO         6262    .text               c_w.l(rt_errno_addr_intlibspace.o)
    0x08000588   0x08000588   0x00000004   Code   RO         6264    .text               c_w.l(hguard.o)
    0x0800058c   0x0800058c   0x0000008a   Code   RO         6266    .text               c_w.l(init_alloc.o)
    0x08000616   0x08000616   0x0000005e   Code   RO         6272    .text               c_w.l(h1_alloc.o)
    0x08000674   0x08000674   0x00000004   Code   RO         6291    .text               cpprt_w.l(arm_newhandler_noexceptions.o)
    0x08000678   0x08000678   0x0000001a   Code   RO         6311    .text               cpprt_w.l(arm_exceptions_terminate.o)
    0x08000692   0x08000692   0x00000002   PAD
    0x08000694   0x08000694   0x00000050   Code   RO         6314    .text               cpprt_w.l(arm_exceptions_globs.o)
    0x080006e4   0x080006e4   0x00000008   Code   RO         6324    .text               c_w.l(libspace.o)
    0x080006ec   0x080006ec   0x0000004a   Code   RO         6327    .text               c_w.l(sys_stackheap_outer.o)
    0x08000736   0x08000736   0x00000002   PAD
    0x08000738   0x08000738   0x00000008   Code   RO         6334    .text               c_w.l(rt_eh_globals_addr_intlibspace.o)
    0x08000740   0x08000740   0x0000000e   Code   RO         6338    .text               c_w.l(h1_init.o)
    0x0800074e   0x0800074e   0x00000034   Code   RO         6340    .text               c_w.l(h1_extend.o)
    0x08000782   0x08000782   0x00000012   Code   RO         6346    .text               c_w.l(exit.o)
    0x08000794   0x08000794   0x00000016   Code   RO         6348    .text               c_w.l(abort.o)
    0x080007aa   0x080007aa   0x0000000e   Code   RO         6350    .text               c_w.l(defsig_rtmem_outer.o)
    0x080007b8   0x080007b8   0x0000003c   Code   RO         6372    .text               cpprt_w.l(arm_exceptions_mem.o)
    0x080007f4   0x080007f4   0x0000000a   Code   RO         6394    .text               c_w.l(defsig_exit.o)
    0x080007fe   0x080007fe   0x0000000e   Code   RO         6396    .text               c_w.l(defsig_abrt_outer.o)
    0x0800080c   0x0800080c   0x00000050   Code   RO         6404    .text               c_w.l(defsig_rtmem_inner.o)
    0x0800085c   0x0800085c   0x00000032   Code   RO         6421    .text               c_w.l(defsig_general.o)
    0x0800088e   0x0800088e   0x00000002   PAD
    0x08000890   0x08000890   0x00000030   Code   RO         6423    .text               c_w.l(defsig_abrt_inner.o)
    0x080008c0   0x080008c0   0x00000070   Code   RO         3034    i.ADC_Cmd           stm32f4xx_adc.o
    0x08000930   0x08000930   0x00000134   Code   RO         3035    i.ADC_CommonInit    stm32f4xx_adc.o
    0x08000a64   0x08000a64   0x00000070   Code   RO         3038    i.ADC_DMACmd        stm32f4xx_adc.o
    0x08000ad4   0x08000ad4   0x00000070   Code   RO         3039    i.ADC_DMARequestAfterLastTransferCmd  stm32f4xx_adc.o
    0x08000b44   0x08000b44   0x00000070   Code   RO         3043    i.ADC_EOCOnEachRegularChannelCmd  stm32f4xx_adc.o
    0x08000bb4   0x08000bb4   0x0000017c   Code   RO         3054    i.ADC_Init          stm32f4xx_adc.o
    0x08000d30   0x08000d30   0x00000158   Code   RO         3059    i.ADC_RegularChannelConfig  stm32f4xx_adc.o
    0x08000e88   0x08000e88   0x00000058   Code   RO         3061    i.ADC_SoftwareStartConv  stm32f4xx_adc.o
    0x08000ee0   0x08000ee0   0x000000d8   Code   RO         5061    i.DMA_Cmd           stm32f4xx_dma.o
    0x08000fb8   0x08000fb8   0x000001c0   Code   RO         5062    i.DMA_DeInit        stm32f4xx_dma.o
    0x08001178   0x08001178   0x00000268   Code   RO         5073    i.DMA_Init          stm32f4xx_dma.o
    0x080013e0   0x080013e0   0x00000024   Code   RO         5232    i.FLASH_Unlock      stm32f4xx_flash.o
    0x08001404   0x08001404   0x00000180   Code   RO         3458    i.GPIO_Init         stm32f4xx_gpio.o
    0x08001584   0x08001584   0x0000014c   Code   RO         3459    i.GPIO_PinAFConfig  stm32f4xx_gpio.o
    0x080016d0   0x080016d0   0x000000b0   Code   RO         3465    i.GPIO_ResetBits    stm32f4xx_gpio.o
    0x08001780   0x08001780   0x000000b0   Code   RO         3466    i.GPIO_SetBits      stm32f4xx_gpio.o
    0x08001830   0x08001830   0x000000a8   Code   RO         2898    i.NVIC_Init         misc.o
    0x080018d8   0x080018d8   0x00000050   Code   RO         2899    i.NVIC_PriorityGroupConfig  misc.o
    0x08001928   0x08001928   0x00000060   Code   RO         3793    i.RCC_AHB1PeriphClockCmd  stm32f4xx_rcc.o
    0x08001988   0x08001988   0x0000005c   Code   RO         3802    i.RCC_APB1PeriphClockCmd  stm32f4xx_rcc.o
    0x080019e4   0x080019e4   0x00000060   Code   RO         3805    i.RCC_APB2PeriphClockCmd  stm32f4xx_rcc.o
    0x08001a44   0x08001a44   0x00000090   Code   RO         3814    i.RCC_GetClocksFreq  stm32f4xx_rcc.o
    0x08001ad4   0x08001ad4   0x00000006   Code   RO         2711    i.SPI3_IRQHandler   spi3_dot.o
    0x08001ada   0x08001ada   0x00000002   PAD
    0x08001adc   0x08001adc   0x000000d0   Code   RO         1070    i.SetSysClock       system_stm32f4xx.o
    0x08001bac   0x08001bac   0x00000010   Code   RO         1502    i.SysTick_Handler   time_service.o
    0x08001bbc   0x08001bbc   0x00000054   Code   RO         1072    i.SystemInit        system_stm32f4xx.o
    0x08001c10   0x08001c10   0x000000e8   Code   RO         4308    i.TIM_BDTRConfig    stm32f4xx_tim.o
    0x08001cf8   0x08001cf8   0x000000dc   Code   RO         4319    i.TIM_Cmd           stm32f4xx_tim.o
    0x08001dd4   0x08001dd4   0x0000006c   Code   RO         4321    i.TIM_CtrlPWMOutputs  stm32f4xx_tim.o
    0x08001e40   0x08001e40   0x00000194   Code   RO         4348    i.TIM_OC1Init       stm32f4xx_tim.o
    0x08001fd4   0x08001fd4   0x0000018c   Code   RO         4353    i.TIM_OC2Init       stm32f4xx_tim.o
    0x08002160   0x08002160   0x00000174   Code   RO         4358    i.TIM_OC3Init       stm32f4xx_tim.o
    0x080022d4   0x080022d4   0x00000120   Code   RO         4363    i.TIM_OC4Init       stm32f4xx_tim.o
    0x080023f4   0x080023f4   0x000000a8   Code   RO         4381    i.TIM_SetCompare1   stm32f4xx_tim.o
    0x0800249c   0x0800249c   0x00000080   Code   RO         4382    i.TIM_SetCompare2   stm32f4xx_tim.o
    0x0800251c   0x0800251c   0x0000006c   Code   RO         4383    i.TIM_SetCompare3   stm32f4xx_tim.o
    0x08002588   0x08002588   0x0000006c   Code   RO         4384    i.TIM_SetCompare4   stm32f4xx_tim.o
    0x080025f4   0x080025f4   0x0000014c   Code   RO         4391    i.TIM_TimeBaseInit  stm32f4xx_tim.o
    0x08002740   0x08002740   0x0000007c   Code   RO         1768    i.USART1_IRQHandler  usartik1.o
    0x080027bc   0x080027bc   0x000000c0   Code   RO         1591    i.USART2_IRQHandler  uart2.o
    0x0800287c   0x0800287c   0x000000c0   Code   RO         1652    i.USART3_IRQHandler  usart3.o
    0x0800293c   0x0800293c   0x000000c0   Code   RO         1713    i.USART6_IRQHandler  usart6.o
    0x080029fc   0x080029fc   0x000000f0   Code   RO         4865    i.USART_ClearITPendingBit  stm32f4xx_usart.o
    0x08002aec   0x08002aec   0x000000b8   Code   RO         4868    i.USART_Cmd         stm32f4xx_usart.o
    0x08002ba4   0x08002ba4   0x00000150   Code   RO         4872    i.USART_GetITStatus  stm32f4xx_usart.o
    0x08002cf4   0x08002cf4   0x0000013c   Code   RO         4874    i.USART_ITConfig    stm32f4xx_usart.o
    0x08002e30   0x08002e30   0x000001ec   Code   RO         4875    i.USART_Init        stm32f4xx_usart.o
    0x0800301c   0x0800301c   0x0000009c   Code   RO         4882    i.USART_ReceiveData  stm32f4xx_usart.o
    0x080030b8   0x080030b8   0x000000ac   Code   RO         4885    i.USART_SendData    stm32f4xx_usart.o
    0x08003164   0x08003164   0x00000024   Code   RO         1323    i._Z10constrainffff  tools.o
    0x08003188   0x08003188   0x0000003a   Code   RO            4    i._Z10drawStringR7SSD1306PKcjj  main.o
    0x080031c2   0x080031c2   0x00000002   PAD
    0x080031c4   0x080031c4   0x00000028   Code   RO         1214    i._Z12ITM_SendCharj  retarget.o
    0x080031ec   0x080031ec   0x000000a4   Code   RO            8    i._Z12new_velocityi  main.o
    0x08003290   0x08003290   0x0000003a   Code   RO           13    i._Z15get_y_from_line4linef  main.o
    0x080032ca   0x080032ca   0x00000002   PAD
    0x080032cc   0x080032cc   0x00000010   Code   RO           14    i._Z15read_from_FLASHv  main.o
    0x080032dc   0x080032dc   0x000000e0   Code   RO           16    i._Z18get_angle_to_point5pointS_  main.o
    0x080033bc   0x080033bc   0x000000a4   Code   RO           17    i._Z18get_angle_to_pointssss  main.o
    0x08003460   0x08003460   0x00000020   Code   RO         2715    i._Z20SPIInterruptHandler3j  spi3_dot.o
    0x08003480   0x08003480   0x000000a8   Code   RO           18    i._Z20get_line_from_points5pointS_  main.o
    0x08003528   0x08003528   0x000000bc   Code   RO           19    i._Z21find_lines_crosspoint4lineS_  main.o
    0x080035e4   0x080035e4   0x00000098   Code   RO           21    i._Z21new_defender_velocityi  main.o
    0x0800367c   0x0800367c   0x00000026   Code   RO         1326    i._Z22lead_to_degree_bordersi  tools.o
    0x080036a2   0x080036a2   0x00000052   Code   RO           26    i._Z31find_vector_circle_cross_points6circle5pointa  main.o
    0x080036f4   0x080036f4   0x0000001a   Code   RO           29    i._Z6my_absi        main.o
    0x0800370e   0x0800370e   0x00000014   Code   RO           31    i._Z6my_sgni        main.o
    0x08003722   0x08003722   0x00000002   PAD
    0x08003724   0x08003724   0x000000c4   Code   RO           32    i._Z8drawCharR7SSD1306cjj  main.o
    0x080037e8   0x080037e8   0x000000f0   Code   RO         2716    i._Z8initSPI3bht    spi3_dot.o
    0x080038d8   0x080038d8   0x00000012   Code   RO         1329    i._Z9constrainiii   tools.o
    0x080038ea   0x080038ea   0x00000002   PAD
    0x080038ec   0x080038ec   0x00000018   Code   RO         2717    i._Z9writeSPI3t     spi3_dot.o
    0x08003904   0x08003904   0x0000000c   Code   RO         1503    i._ZN12time_service10getCurTimeEv  time_service.o
    0x08003910   0x08003910   0x00000038   Code   RO         1507    i._ZN12time_service4initEv  time_service.o
    0x08003948   0x08003948   0x00000014   Code   RO         1509    i._ZN12time_service8delay_msEj  time_service.o
    0x0800395c   0x0800395c   0x0000000e   Code   RO         1511    i._ZN12time_service9startTimeEv  time_service.o
    0x0800396a   0x0800396a   0x00000026   Code   RO         1980    i._ZN3Adc10adcDmaInitEv  adc.o
    0x08003990   0x08003990   0x00000024   Code   RO         1981    i._ZN3Adc10setChannelEv  adc.o
    0x080039b4   0x080039b4   0x00000012   Code   RO         1982    i._ZN3Adc13sendMeChannelEh  adc.o
    0x080039c6   0x080039c6   0x00000004   Code   RO         1983    i._ZN3Adc6getAdcEv  adc.o
    0x080039ca   0x080039ca   0x0000004a   Code   RO         1984    i._ZN3Adc7adcInitEh  adc.o
    0x08003a14   0x08003a14   0x00000036   Code   RO         1985    i._ZN3Adc8startAdcEv  adc.o
    0x08003a4a   0x08003a4a   0x00000036   Code   RO         1986    i._ZN3AdcC1EP11ADC_TypeDefhhjR3pinh  adc.o
    0x08003a80   0x08003a80   0x0000001e   Code   RO         2044    i._ZN3Dma12adcInitInDmaEh  dma.o
    0x08003a9e   0x08003a9e   0x00000066   Code   RO         2045    i._ZN3Dma7dmaInitEP18DMA_Stream_TypeDefjj  dma.o
    0x08003b04   0x08003b04   0x00000016   Code   RO         2046    i._ZN3DmaC1EjR3Adc  dma.o
    0x08003b1a   0x08003b1a   0x0000002c   Code   RO         1405    i._ZN3pin3pwmEj     pin_setup.o
    0x08003b46   0x08003b46   0x00000010   Code   RO         1408    i._ZN3pin5writeEb   pin_setup.o
    0x08003b56   0x08003b56   0x0000000a   Code   RO         1409    i._ZN3pin6setBitEv  pin_setup.o
    0x08003b60   0x08003b60   0x000000d0   Code   RO         1410    i._ZN3pin7pinInitEv  pin_setup.o
    0x08003c30   0x08003c30   0x000001b4   Code   RO         1411    i._ZN3pin7pwmInitEjtjjhP11TIM_TypeDefb  pin_setup.o
    0x08003de4   0x08003de4   0x0000000a   Code   RO         1413    i._ZN3pin8resetBitEv  pin_setup.o
    0x08003dee   0x08003dee   0x00000002   PAD
    0x08003df0   0x08003df0   0x0000032c   Code   RO         1415    i._ZN3pinC1Echt     pin_setup.o
    0x0800411c   0x0800411c   0x00000074   Code   RO         2202    i._ZN4BLDC12send_commandEcic  motors.o
    0x08004190   0x08004190   0x000000bc   Code   RO         2220    i._ZN4BLDC13send_commandfEcfc  motors.o
    0x0800424c   0x0800424c   0x000000a4   Code   RO         2208    i._ZN4BLDC17set_speed_percentEf  motors.o
    0x080042f0   0x080042f0   0x0000000a   Code   RO         2214    i._ZN4BLDC9set_speedEi  motors.o
    0x080042fa   0x080042fa   0x0000001a   Code   RO          760    i._ZN4BLDCC1Ehccct  main.o
    0x08004314   0x08004314   0x0000008e   Code   RO         2828    i._ZN4TSSPC1EtR3pinS1_S1_S1_S1_S1_h  tssp.o
    0x080043a2   0x080043a2   0x0000008e   Code   RO          742    i._ZN5Queue18calculate_distanceE5point  main.o
    0x08004430   0x08004430   0x0000007c   Code   RO          687    i._ZN5Queue3popEv   main.o
    0x080044ac   0x080044ac   0x00000072   Code   RO          700    i._ZN5Queue4pushE5pointh  main.o
    0x0800451e   0x0800451e   0x00000002   PAD
    0x08004520   0x08004520   0x0000014c   Code   RO           49    i._ZN5Robot10init_robotEh  main.o
    0x0800466c   0x0800466c   0x00000018   Code   RO           51    i._ZN5Robot11change_sideEv  main.o
    0x08004684   0x08004684   0x00000044   Code   RO           52    i._ZN5Robot11control_ledEhb  main.o
    0x080046c8   0x080046c8   0x00000250   Code   RO           55    i._ZN5Robot11moveToPointE5pointssss  main.o
    0x08004918   0x08004918   0x00000020   Code   RO           57    i._ZN5Robot11rotateRobotEff  main.o
    0x08004938   0x08004938   0x00000020   Code   RO           59    i._ZN5Robot12check_buttonEh  main.o
    0x08004958   0x08004958   0x00000010   Code   RO           60    i._ZN5Robot12display_dataEii  main.o
    0x08004968   0x08004968   0x00000040   Code   RO           64    i._ZN5Robot12moveRobotAbsEsf  main.o
    0x080049a8   0x080049a8   0x0000004c   Code   RO           65    i._ZN5Robot12set_blinkingEhj  main.o
    0x080049f4   0x080049f4   0x00000080   Code   RO           66    i._ZN5Robot13check_buttonsEv  main.o
    0x08004a74   0x08004a74   0x0000001c   Code   RO           68    i._ZN5Robot13motors_on_offEb  main.o
    0x08004a90   0x08004a90   0x00000060   Code   RO          718    i._ZN5Robot14display_updateEb  main.o
    0x08004af0   0x08004af0   0x0000004c   Code   RO           71    i._ZN5Robot15callibrate_gyroEv  main.o
    0x08004b3c   0x08004b3c   0x0000003c   Code   RO           72    i._ZN5Robot15getAngleToPointE5point  main.o
    0x08004b78   0x08004b78   0x00000020   Code   RO           74    i._ZN5Robot16changeSmoothnessEh  main.o
    0x08004b98   0x08004b98   0x00000014   Code   RO           75    i._ZN5Robot16is_ball_capturedEv  main.o
    0x08004bac   0x08004bac   0x00000030   Code   RO           77    i._ZN5Robot17add_stop_to_routeEiiih  main.o
    0x08004bdc   0x08004bdc   0x00000078   Code   RO           78    i._ZN5Robot17change_game_stateEv  main.o
    0x08004c54   0x08004c54   0x0000004c   Code   RO           79    i._ZN5Robot17enable_trajectoryEb  main.o
    0x08004ca0   0x08004ca0   0x00000024   Code   RO           81    i._ZN5Robot17set_dribler_speedEtb  main.o
    0x08004cc4   0x08004cc4   0x0000003c   Code   RO           82    i._ZN5Robot18getDistanceToPointE5point  main.o
    0x08004d00   0x08004d00   0x00000070   Code   RO           85    i._ZN5Robot19avoid_out_of_boundsEh  main.o
    0x08004d70   0x08004d70   0x00000010   Code   RO          724    i._ZN5Robot19display_draw_stringEPKcjj  main.o
    0x08004d80   0x08004d80   0x00000020   Code   RO           88    i._ZN5Robot21get_trajectory_lengthEv  main.o
    0x08004da0   0x08004da0   0x000000ec   Code   RO           94    i._ZN5Robot4waitEjbsfs  main.o
    0x08004e8c   0x08004e8c   0x000007d0   Code   RO           95    i._ZN5Robot6updateEv  main.o
    0x0800565c   0x0800565c   0x0000011c   Code   RO           97    i._ZN5Robot8keck_newEhhj  main.o
    0x08005778   0x08005778   0x00000044   Code   RO           98    i._ZN5Robot8setAngleEsfffff  main.o
    0x080057bc   0x080057bc   0x000003c4   Code   RO           99    i._ZN5Robot9draw_menuEv  main.o
    0x08005b80   0x08005b80   0x0000003c   Code   RO          100    i._ZN5Robot9moveRobotEsf  main.o
    0x08005bbc   0x08005bbc   0x00000022   Code   RO          748    i._ZN5pointC1Eii    main.o
    0x08005bde   0x08005bde   0x00000022   Code   RO          754    i._ZN5pointC1Eiiii  main.o
    0x08005c00   0x08005c00   0x00000006   Code   RO         2251    i._ZN6camera10get_dSSoftEv  openmv.o
    0x08005c06   0x08005c06   0x00000008   Code   RO         2252    i._ZN6camera11get_old_b_xEv  openmv.o
    0x08005c0e   0x08005c0e   0x00000006   Code   RO         2253    i._ZN6camera11get_old_b_yEv  openmv.o
    0x08005c14   0x08005c14   0x00000540   Code   RO         2254    i._ZN6camera13calculate_posEsb  openmv.o
    0x08006154   0x08006154   0x00000008   Code   RO         2255    i._ZN6camera14get_ball_abs_xEv  openmv.o
    0x0800615c   0x0800615c   0x00000008   Code   RO         2256    i._ZN6camera14get_ball_abs_yEv  openmv.o
    0x08006164   0x08006164   0x00000020   Code   RO         2257    i._ZN6camera14get_ball_angleEv  openmv.o
    0x08006184   0x08006184   0x00000008   Code   RO         2258    i._ZN6camera14get_ball_loc_xEv  openmv.o
    0x0800618c   0x0800618c   0x00000008   Code   RO         2259    i._ZN6camera14get_ball_loc_yEv  openmv.o
    0x08006194   0x08006194   0x0000001c   Code   RO         2261    i._ZN6camera15check_ball_seenEj  openmv.o
    0x080061b0   0x080061b0   0x00000008   Code   RO         2262    i._ZN6camera17get_ball_distanceEv  openmv.o
    0x080061b8   0x080061b8   0x00000020   Code   RO         2263    i._ZN6camera17get_forward_angleEv  openmv.o
    0x080061d8   0x080061d8   0x00000020   Code   RO         2264    i._ZN6camera18get_abs_ball_angleEv  openmv.o
    0x080061f8   0x080061f8   0x000000ac   Code   RO         2265    i._ZN6camera18get_angle_to_pointEssss  openmv.o
    0x080062a4   0x080062a4   0x00000020   Code   RO         2266    i._ZN6camera18get_backward_angleEv  openmv.o
    0x080062c4   0x080062c4   0x00000006   Code   RO         2267    i._ZN6camera18get_ball_seen_timeEv  openmv.o
    0x080062ca   0x080062ca   0x00000008   Code   RO         2268    i._ZN6camera20get_forward_distanceEv  openmv.o
    0x080062d2   0x080062d2   0x00000008   Code   RO         2269    i._ZN6camera21get_backward_distanceEv  openmv.o
    0x080062da   0x080062da   0x00000030   Code   RO         2271    i._ZN6camera4crc8EPhi  openmv.o
    0x0800630a   0x0800630a   0x00000008   Code   RO         2272    i._ZN6camera5get_xEv  openmv.o
    0x08006312   0x08006312   0x00000008   Code   RO         2273    i._ZN6camera5get_yEv  openmv.o
    0x0800631a   0x0800631a   0x00000006   Code   RO         2274    i._ZN6camera6get_dSEv  openmv.o
    0x08006320   0x08006320   0x000000f6   Code   RO         2275    i._ZN6camera7getDataEv  openmv.o
    0x08006416   0x08006416   0x00000008   Code   RO         2276    i._ZN6camera7get_dbxEv  openmv.o
    0x0800641e   0x0800641e   0x00000006   Code   RO         2277    i._ZN6camera7get_dbyEv  openmv.o
    0x08006424   0x08006424   0x000000d8   Code   RO         2278    i._ZN6cameraC1EbR3pinS1_  openmv.o
    0x080064fc   0x080064fc   0x00000224   Code   RO         2136    i._ZN6motors12_move_vectorEv  motors.o
    0x08006720   0x08006720   0x00000006   Code   RO         2137    i._ZN6motors12change_robotEh  motors.o
    0x08006726   0x08006726   0x00000024   Code   RO         2138    i._ZN6motors12enableMotorsEv  motors.o
    0x0800674a   0x0800674a   0x00000010   Code   RO         2139    i._ZN6motors13disableMotorsEv  motors.o
    0x0800675a   0x0800675a   0x00000006   Code   RO         2140    i._ZN6motors17change_smoothnessEf  motors.o
    0x08006760   0x08006760   0x0000001e   Code   RO         2141    i._ZN6motors9calibrateEv  motors.o
    0x0800677e   0x0800677e   0x00000038   Code   RO         2142    i._ZN6motors9moveMotorEi  motors.o
    0x080067b6   0x080067b6   0x00000002   PAD
    0x080067b8   0x080067b8   0x000003e4   Code   RO         2143    i._ZN6motors9moveRobotEddddjj  motors.o
    0x08006b9c   0x08006b9c   0x00000048   Code   RO         2144    i._ZN6motorsC1ER4BLDCS1_S1_S1_f  motors.o
    0x08006be4   0x08006be4   0x000000e0   Code   RO         1592    i._ZN6usart210usart2InitEjhf  uart2.o
    0x08006cc4   0x08006cc4   0x00000034   Code   RO         1593    i._ZN6usart24readEv  uart2.o
    0x08006cf8   0x08006cf8   0x00000020   Code   RO         1595    i._ZN6usart29availableEv  uart2.o
    0x08006d18   0x08006d18   0x0000000c   Code   RO         1653    i._ZN6usart310reset_uartEv  usart3.o
    0x08006d24   0x08006d24   0x000000e0   Code   RO         1654    i._ZN6usart310usart3InitEjhf  usart3.o
    0x08006e04   0x08006e04   0x00000054   Code   RO         1656    i._ZN6usart35writeEh  usart3.o
    0x08006e58   0x08006e58   0x000000e0   Code   RO         1714    i._ZN6usart610usart6InitEjhf  usart6.o
    0x08006f38   0x08006f38   0x00000034   Code   RO         1715    i._ZN6usart64readEv  usart6.o
    0x08006f6c   0x08006f6c   0x00000020   Code   RO         1717    i._ZN6usart69availableEv  usart6.o
    0x08006f8c   0x08006f8c   0x00000034   Code   RO         5491    i._ZN7SSD130615ssd1306_commandEh  ssd1306.o
    0x08006fc0   0x08006fc0   0x00000126   Code   RO         5498    i._ZN7SSD13065beginEhb  ssd1306.o
    0x080070e6   0x080070e6   0x00000002   PAD
    0x080070e8   0x080070e8   0x00000010   Code   RO         5499    i._ZN7SSD13065clearEv  ssd1306.o
    0x080070f8   0x080070f8   0x0000001c   Code   RO         5619    i._ZN7SSD13066my_absEi  ssd1306.o
    0x08007114   0x08007114   0x00000070   Code   RO         5502    i._ZN7SSD13067displayEv  ssd1306.o
    0x08007184   0x08007184   0x00000156   Code   RO         5503    i._ZN7SSD13068drawLineEssss  ssd1306.o
    0x080072da   0x080072da   0x00000002   PAD
    0x080072dc   0x080072dc   0x000000a4   Code   RO         5505    i._ZN7SSD13069drawPixelEsst  ssd1306.o
    0x08007380   0x08007380   0x00000044   Code   RO         5506    i._ZN7SSD1306C1EjR3pinS1_S1_ttt  ssd1306.o
    0x080073c4   0x080073c4   0x00000004   Code   RO          706    i._ZSt3absd         main.o
    0x080073c8   0x080073c8   0x0000002a   Code   RO          712    i._ZSt3powdi        main.o
    0x080073f2   0x080073f2   0x00000008   Code   RO         5685    i._ZdlPv            cpprt_w.l(delete.o)
    0x080073fa   0x080073fa   0x00000008   Code   RO         5681    i._Znaj             cpprt_w.l(array_new.o)
    0x08007402   0x08007402   0x00000002   PAD
    0x08007404   0x08007404   0x00000028   Code   RO         6106    i._Znwj             cpprt_w.l(new.o)
    0x0800742c   0x0800742c   0x00000030   Code   RO         6187    i.__ARM_fpclassify  m_wm.l(fpclassify.o)
    0x0800745c   0x0800745c   0x00000026   Code   RO         6189    i.__ARM_fpclassifyf  m_wm.l(fpclassifyf.o)
    0x08007482   0x08007482   0x00000006   PAD
    0x08007488   0x08007488   0x000002d8   Code   RO         6156    i.__hardfp_atan     m_wm.l(atan.o)
    0x08007760   0x08007760   0x00000200   Code   RO         5856    i.__hardfp_atan2    m_wm.l(atan2.o)
    0x08007960   0x08007960   0x00000118   Code   RO         5868    i.__hardfp_ceil     m_wm.l(ceil.o)
    0x08007a78   0x08007a78   0x000000c8   Code   RO         5874    i.__hardfp_cos      m_wm.l(cos.o)
    0x08007b40   0x08007b40   0x00000150   Code   RO         5886    i.__hardfp_cosf     m_wm.l(cosf.o)
    0x08007c90   0x08007c90   0x00000014   Code   RO         5898    i.__hardfp_fabs     m_wm.l(fabs.o)
    0x08007ca4   0x08007ca4   0x00000004   PAD
    0x08007ca8   0x08007ca8   0x00000c50   Code   RO         5910    i.__hardfp_pow      m_wm.l(pow.o)
    0x080088f8   0x080088f8   0x00000664   Code   RO         5924    i.__hardfp_powf     m_wm.l(powf.o)
    0x08008f5c   0x08008f5c   0x00000004   PAD
    0x08008f60   0x08008f60   0x000000c8   Code   RO         5938    i.__hardfp_sin      m_wm.l(sin.o)
    0x08009028   0x08009028   0x00000190   Code   RO         5950    i.__hardfp_sinf     m_wm.l(sinf.o)
    0x080091b8   0x080091b8   0x0000007a   Code   RO         5962    i.__hardfp_sqrt     m_wm.l(sqrt.o)
    0x08009232   0x08009232   0x0000003a   Code   RO         5974    i.__hardfp_sqrtf    m_wm.l(sqrtf.o)
    0x0800926c   0x0800926c   0x00000004   PAD
    0x08009270   0x08009270   0x00000080   Code   RO         5986    i.__hardfp_tan      m_wm.l(tan.o)
    0x080092f0   0x080092f0   0x00000438   Code   RO         6208    i.__ieee754_rem_pio2  m_wm.l(rred.o)
    0x08009728   0x08009728   0x00000170   Code   RO         6170    i.__kernel_cos      m_wm.l(cos_i.o)
    0x08009898   0x08009898   0x000000f8   Code   RO         6205    i.__kernel_poly     m_wm.l(poly.o)
    0x08009990   0x08009990   0x00000130   Code   RO         6216    i.__kernel_sin      m_wm.l(sin_i.o)
    0x08009ac0   0x08009ac0   0x00000350   Code   RO         6222    i.__kernel_tan      m_wm.l(tan_i.o)
    0x08009e10   0x08009e10   0x00000030   Code   RO         6173    i.__mathlib_dbl_divzero  m_wm.l(dunder.o)
    0x08009e40   0x08009e40   0x00000014   Code   RO         6174    i.__mathlib_dbl_infnan  m_wm.l(dunder.o)
    0x08009e54   0x08009e54   0x00000014   Code   RO         6175    i.__mathlib_dbl_infnan2  m_wm.l(dunder.o)
    0x08009e68   0x08009e68   0x00000020   Code   RO         6176    i.__mathlib_dbl_invalid  m_wm.l(dunder.o)
    0x08009e88   0x08009e88   0x00000020   Code   RO         6177    i.__mathlib_dbl_overflow  m_wm.l(dunder.o)
    0x08009ea8   0x08009ea8   0x00000020   Code   RO         6179    i.__mathlib_dbl_underflow  m_wm.l(dunder.o)
    0x08009ec8   0x08009ec8   0x00000014   Code   RO         6191    i.__mathlib_flt_divzero  m_wm.l(funder.o)
    0x08009edc   0x08009edc   0x00000006   Code   RO         6192    i.__mathlib_flt_infnan  m_wm.l(funder.o)
    0x08009ee2   0x08009ee2   0x00000006   Code   RO         6193    i.__mathlib_flt_infnan2  m_wm.l(funder.o)
    0x08009ee8   0x08009ee8   0x00000010   Code   RO         6194    i.__mathlib_flt_invalid  m_wm.l(funder.o)
    0x08009ef8   0x08009ef8   0x00000010   Code   RO         6195    i.__mathlib_flt_overflow  m_wm.l(funder.o)
    0x08009f08   0x08009f08   0x00000010   Code   RO         6197    i.__mathlib_flt_underflow  m_wm.l(funder.o)
    0x08009f18   0x08009f18   0x00000154   Code   RO         6213    i.__mathlib_rredf2  m_wm.l(rredf.o)
    0x0800a06c   0x0800a06c   0x00000470   Code   RO          102    i.__sti___8_main_cpp_e4150d42  main.o
    0x0800a4dc   0x0800a4dc   0x00000002   Code   RO         1217    i._sys_exit         retarget.o
    0x0800a4de   0x0800a4de   0x00000004   Code   RO         1218    i._ttywrch          retarget.o
    0x0800a4e2   0x0800a4e2   0x00000006   Code   RO         1219    i.assert_failed     retarget.o
    0x0800a4e8   0x0800a4e8   0x00000010   Code   RO         6158    i.atan              m_wm.l(atan.o)
    0x0800a4f8   0x0800a4f8   0x00000018   Code   RO         5900    i.fabs              m_wm.l(fabs.o)
    0x0800a510   0x0800a510   0x000012a0   Code   RO          103    i.main              main.o
    0x0800b7b0   0x0800b7b0   0x0000006e   Code   RO         5964    i.sqrt              m_wm.l(sqrt.o)
    0x0800b81e   0x0800b81e   0x000001e0   Code   RO          693    t._Z7toPrintIfEPcT_s  main.o
    0x0800b9fe   0x0800b9fe   0x00000108   Code   RO          680    t._Z7toPrintIiEPcT_s  main.o
    0x0800bb06   0x0800bb06   0x0000002c   Code   RO          766    t._Z8printTmlIiEvR7SSD1306T_iii  main.o
    0x0800bb32   0x0800bb32   0x00000002   PAD
    0x0800bb34   0x0800bb34   0x00000030   Code   RO          736    t._ZN5Robot12display_dataIiEEvPKcjT_jjj  main.o
    0x0800bb64   0x0800bb64   0x00000018   Code   RO          730    t._ZN5Robot19display_draw_numberIiEEvT_jjj  main.o
    0x0800bb7c   0x0800bb7c   0x00000018   Code   RO         5794    x$fpl$basic         fz_wm.l(basic.o)
    0x0800bb94   0x0800bb94   0x00000062   Code   RO         5796    x$fpl$d2f           fz_wm.l(d2f.o)
    0x0800bbf6   0x0800bbf6   0x00000002   PAD
    0x0800bbf8   0x0800bbf8   0x00000150   Code   RO         5798    x$fpl$dadd          fz_wm.l(daddsub_clz.o)
    0x0800bd48   0x0800bd48   0x00000010   Code   RO         6320    x$fpl$dcheck1       fz_wm.l(dcheck1.o)
    0x0800bd58   0x0800bd58   0x00000018   Code   RO         6139    x$fpl$dcmpinf       fz_wm.l(dcmpi.o)
    0x0800bd70   0x0800bd70   0x000002b0   Code   RO         5805    x$fpl$ddiv          fz_wm.l(ddiv.o)
    0x0800c020   0x0800c020   0x00000078   Code   RO         5808    x$fpl$deqf          fz_wm.l(deqf.o)
    0x0800c098   0x0800c098   0x0000005e   Code   RO         5810    x$fpl$dfix          fz_wm.l(dfix.o)
    0x0800c0f6   0x0800c0f6   0x0000002e   Code   RO         5819    x$fpl$dflt          fz_wm.l(dflt_clz.o)
    0x0800c124   0x0800c124   0x00000026   Code   RO         5818    x$fpl$dfltu         fz_wm.l(dflt_clz.o)
    0x0800c14a   0x0800c14a   0x00000002   PAD
    0x0800c14c   0x0800c14c   0x00000078   Code   RO         5828    x$fpl$dleqf         fz_wm.l(dleqf.o)
    0x0800c1c4   0x0800c1c4   0x00000154   Code   RO         5830    x$fpl$dmul          fz_wm.l(dmul.o)
    0x0800c318   0x0800c318   0x0000009c   Code   RO         6141    x$fpl$dnaninf       fz_wm.l(dnaninf.o)
    0x0800c3b4   0x0800c3b4   0x0000000c   Code   RO         6143    x$fpl$dretinf       fz_wm.l(dretinf.o)
    0x0800c3c0   0x0800c3c0   0x0000006c   Code   RO         5832    x$fpl$drleqf        fz_wm.l(drleqf.o)
    0x0800c42c   0x0800c42c   0x00000016   Code   RO         5799    x$fpl$drsb          fz_wm.l(daddsub_clz.o)
    0x0800c442   0x0800c442   0x00000002   PAD
    0x0800c444   0x0800c444   0x00000198   Code   RO         6145    x$fpl$dsqrt         fz_wm.l(dsqrt_umaal.o)
    0x0800c5dc   0x0800c5dc   0x000001d4   Code   RO         5800    x$fpl$dsub          fz_wm.l(daddsub_clz.o)
    0x0800c7b0   0x0800c7b0   0x00000056   Code   RO         5834    x$fpl$f2d           fz_wm.l(f2d.o)
    0x0800c806   0x0800c806   0x00000060   Code   RO         5840    x$fpl$ffltll        fz_wm.l(ffltll_clz.o)
    0x0800c866   0x0800c866   0x0000008c   Code   RO         6147    x$fpl$fnaninf       fz_wm.l(fnaninf.o)
    0x0800c8f2   0x0800c8f2   0x0000000a   Code   RO         6322    x$fpl$fpinit        fz_wm.l(fpinit.o)
    0x0800c8fc   0x0800c8fc   0x0000000a   Code   RO         6149    x$fpl$fretinf       fz_wm.l(fretinf.o)
    0x0800c906   0x0800c906   0x00000002   PAD
    0x0800c908   0x0800c908   0x00000086   Code   RO         5836    x$fpl$llsfromf      fz_wm.l(ffixll.o)
    0x0800c98e   0x0800c98e   0x00000064   Code   RO         6382    x$fpl$retnan        fz_wm.l(retnan.o)
    0x0800c9f2   0x0800c9f2   0x0000005c   Code   RO         6153    x$fpl$scalbn        fz_wm.l(scalbn.o)
    0x0800ca4e   0x0800ca4e   0x00000030   Code   RO         6406    x$fpl$trapveneer    fz_wm.l(trapv.o)
    0x0800ca7e   0x0800ca7e   0x00000000   Code   RO         6155    x$fpl$usenofp       fz_wm.l(usenofp.o)
    0x0800ca7e   0x0800ca7e   0x00000002   PAD
    0x0800ca80   0x0800ca80   0x00000790   Data   RO          206    .constdata          main.o
    0x0800d210   0x0800d210   0x0000003d   Data   RO         1232    .constdata          retarget.o
    0x0800d24d   0x0800d24d   0x00000003   PAD
    0x0800d250   0x0800d250   0x00000088   Data   RO         5913    .constdata          m_wm.l(pow.o)
    0x0800d2d8   0x0800d2d8   0x00000140   Data   RO         5927    .constdata          m_wm.l(powf.o)
    0x0800d418   0x0800d418   0x00000098   Data   RO         6159    .constdata          m_wm.l(atan.o)
    0x0800d4b0   0x0800d4b0   0x00000030   Data   RO         6171    .constdata          m_wm.l(cos_i.o)
    0x0800d4e0   0x0800d4e0   0x00000008   Data   RO         6207    .constdata          m_wm.l(qnan.o)
    0x0800d4e8   0x0800d4e8   0x000000c8   Data   RO         6210    .constdata          m_wm.l(rred.o)
    0x0800d5b0   0x0800d5b0   0x00000020   Data   RO         6214    .constdata          m_wm.l(rredf.o)
    0x0800d5d0   0x0800d5d0   0x00000028   Data   RO         6217    .constdata          m_wm.l(sin_i.o)
    0x0800d5f8   0x0800d5f8   0x00000060   Data   RO         6223    .constdata          m_wm.l(tan_i.o)
    0x0800d658   0x0800d658   0x00000010   Data   RO         5618    .constdata__ZTV7SSD1306  ssd1306.o
    0x0800d668   0x0800d668   0x00000020   Data   RO         6462    Region$$Table       anon$$obj.o
    0x0800d688   0x0800d688   0x00000004   Data   RO          241    .init_array         main.o
    0x0800d68c   0x0800d688   0x00000000   Data   RO         5676    .init_array         c_w.l(init_aeabi.o)


    Execution Region RW_IRAM1 (Exec base: 0x20000000, Load base: 0x0800d68c, Size: 0x00008fc0, Max: 0x00020000, ABSOLUTE, COMPRESSED[0x000002b0])

    Exec Addr    Load Addr    Size         Type   Attr      Idx    E Section Name        Object

    0x20000000   COMPRESSED   0x00000268   Data   RW          207    .data               main.o
    0x20000268   COMPRESSED   0x00000004   Data   RW         1075    .data               system_stm32f4xx.o
    0x2000026c   COMPRESSED   0x00000004   Data   RW         1522    .data               time_service.o
    0x20000270   COMPRESSED   0x00000010   Data   RW         1602    .data               uart2.o
    0x20000280   COMPRESSED   0x00000010   Data   RW         1665    .data               usart3.o
    0x20000290   COMPRESSED   0x00000010   Data   RW         1724    .data               usart6.o
    0x200002a0   COMPRESSED   0x0000000c   Data   RW         1781    .data               usartik1.o
    0x200002ac   COMPRESSED   0x00000008   Data   RW         2725    .data               spi3_dot.o
    0x200002b4   COMPRESSED   0x00000010   Data   RW         3846    .data               stm32f4xx_rcc.o
    0x200002c4   COMPRESSED   0x00006000   Data   RW         5526    .data               ssd1306.o
    0x200062c4   COMPRESSED   0x00000004   PAD
    0x200062c8        -       0x00000c30   Zero   RW          204    .bss                main.o
    0x20006ef8        -       0x0000003c   Zero   RW         1601    .bss                uart2.o
    0x20006f34        -       0x000000c8   Zero   RW         1664    .bss                usart3.o
    0x20006ffc        -       0x0000003c   Zero   RW         1723    .bss                usart6.o
    0x20007038        -       0x00000032   Zero   RW         1780    .bss                usartik1.o
    0x2000706a   COMPRESSED   0x00000002   PAD
    0x2000706c        -       0x00000060   Zero   RW         6325    .bss                c_w.l(libspace.o)
    0x200070cc   COMPRESSED   0x00000004   PAD
    0x200070d0        -       0x00000f00   Zero   RW         1061    HEAP                startup_stm32f407xx.o
    0x20007fd0        -       0x00000ff0   Zero   RW         1060    STACK               startup_stm32f407xx.o


==============================================================================

Image component sizes


      Code (inc. data)   RO Data    RW Data    ZI Data      Debug   Object Name

       278          0          0          0          0       4968   adc.o
       154          0          0          0          0       2724   dma.o
     14588        796       1940        616       3120     380155   main.o
       248         52          0          0          0      18747   misc.o
      2244         90          0          0          0      13324   motors.o
      2300         66          0          0          0      17824   openmv.o
      1536        128          0          0          0       7336   pin_setup.o
        52          4         61          0          0      33814   retarget.o
       302         26          0          8          0       3128   spi3_dot.o
      1076         22         16      24576          0      10947   ssd1306.o
        64         26        392          0       7920        844   startup_stm32f407xx.o
      1568        364          0          0          0      20864   stm32f4xx_adc.o
      1280        142          0          0          0      16354   stm32f4xx_dma.o
        36         14          0          0          0        495   stm32f4xx_flash.o
      1068        310          0          0          0      10587   stm32f4xx_gpio.o
       428        128          0         16          0      20463   stm32f4xx_rcc.o
      2864        730          0          0          0      30239   stm32f4xx_tim.o
      1896        514          0          0          0      12589   stm32f4xx_usart.o
       292         26          0          4          0     243255   system_stm32f4xx.o
       118         28          0          4          0      32992   time_service.o
        92          0          0          0          0       3602   tools.o
       142          0          0          0          0       3020   tssp.o
       500         34          0         16         60       8380   uart2.o
       512         38          0         16        200       3556   usart3.o
       500         34          0         16         60       3684   usart6.o
       124         12          0         12         50       1364   usartik1.o

    ----------------------------------------------------------------------
     34284       3584       2444      25284      11416     905255   Object Totals
         0          0         32          0          0          0   (incl. Generated)
        22          0          3          0          6          0   (incl. Padding)

    ----------------------------------------------------------------------

      Code (inc. data)   RO Data    RW Data    ZI Data      Debug   Library Member Name

        90          0          0          0          0          0   __dczerorl2.o
         8          0          0          0          0         68   __main.o
         0          0          0          0          0          0   __rtentry.o
        12          0          0          0          0          0   __rtentry2.o
         6          0          0          0          0          0   __rtentry4.o
        52          8          0          0          0          0   __scatter.o
        28          0          0          0          0          0   __scatter_zi.o
        22          0          0          0          0        100   _rserrno.o
        22          0          0          0          0         80   abort.o
        48         34          0          0          0         76   defsig_abrt_inner.o
        14          0          0          0          0         80   defsig_abrt_outer.o
        10          0          0          0          0         68   defsig_exit.o
        50          0          0          0          0         88   defsig_general.o
        80         58          0          0          0         76   defsig_rtmem_inner.o
        14          0          0          0          0         80   defsig_rtmem_outer.o
        18          0          0          0          0         80   exit.o
        94          0          0          0          0         80   h1_alloc.o
        52          0          0          0          0         68   h1_extend.o
        78          0          0          0          0         80   h1_free.o
        14          0          0          0          0         84   h1_init.o
         6          0          0          0          0        152   heapauxi.o
         4          0          0          0          0        136   hguard.o
        36         10          0          0          0         80   init_aeabi.o
       138          0          0          0          0        168   init_alloc.o
         2          0          0          0          0          0   libinit.o
        18          0          0          0          0          0   libinit2.o
         2          0          0          0          0          0   libshutdown.o
         2          0          0          0          0          0   libshutdown2.o
         8          4          0          0         96         68   libspace.o
        72          0          0          0          0         76   llsdiv.o
       238          0          0          0          0        100   lludivv7m.o
         0          0          0          0          0          0   maybetermalloc1.o
         8          4          0          0          0         68   rt_eh_globals_addr_intlibspace.o
         8          4          0          0          0         68   rt_errno_addr_intlibspace.o
         8          4          0          0          0         68   rt_heap_descriptor_intlibspace.o
        68          0          0          0          0         68   rt_memclr.o
        78          0          0          0          0         80   rt_memclr_w.o
       100          0          0          0          0         80   rt_memcpy_w.o
         8          4          0          0          0         68   rt_new_handler_addr_intlibspace.o
         2          0          0          0          0          0   rtexit.o
        10          0          0          0          0          0   rtexit2.o
        74          0          0          0          0         80   sys_stackheap_outer.o
         2          0          0          0          0         68   use_no_semi.o
        80         12          0          0          0        104   arm_exceptions_globs.o
        60          0          0          0          0        108   arm_exceptions_mem.o
        26          0          0          0          0         76   arm_exceptions_terminate.o
         4          0          0          0          0         68   arm_newhandler_noexceptions.o
         8          0          0          0          0         76   array_new.o
         8          0          0          0          0         76   delete.o
        40          6          0          0          0         76   new.o
        24          0          0          0          0        164   basic.o
        98          4          0          0          0        140   d2f.o
       826         16          0          0          0        492   daddsub_clz.o
        16          4          0          0          0        116   dcheck1.o
        24          0          0          0          0        116   dcmpi.o
       688        140          0          0          0        256   ddiv.o
       120          4          0          0          0        140   deqf.o
        94          4          0          0          0        140   dfix.o
        84          0          0          0          0        232   dflt_clz.o
       120          4          0          0          0        140   dleqf.o
       340         12          0          0          0        152   dmul.o
       156          4          0          0          0        140   dnaninf.o
        12          0          0          0          0        116   dretinf.o
       108          0          0          0          0        128   drleqf.o
       408         56          0          0          0        168   dsqrt_umaal.o
        86          4          0          0          0        132   f2d.o
       134          4          0          0          0        132   ffixll.o
        96          0          0          0          0        132   ffltll_clz.o
       140          4          0          0          0        132   fnaninf.o
        10          0          0          0          0        116   fpinit.o
        10          0          0          0          0        116   fretinf.o
       100          0          0          0          0        116   retnan.o
        92          0          0          0          0        116   scalbn.o
        48          0          0          0          0        116   trapv.o
         0          0          0          0          0          0   usenofp.o
       744        106        152          0          0        352   atan.o
       512         64          0          0          0        208   atan2.o
       280         28          0          0          0        156   ceil.o
       200         20          0          0          0        164   cos.o
       368         46         48          0          0        200   cos_i.o
       336         56          0          0          0        136   cosf.o
       184         44          0          0          0        744   dunder.o
        44          0          0          0          0        248   fabs.o
        48          0          0          0          0        124   fpclassify.o
        38          0          0          0          0        116   fpclassifyf.o
        80         24          0          0          0        696   funder.o
       248          0          0          0          0        152   poly.o
      3152        296        136          0          0        352   pow.o
      1636        110        320          0          0        372   powf.o
         0          0          8          0          0          0   qnan.o
      1080        142        200          0          0        188   rred.o
       340         24         32          0          0        160   rredf.o
       200         20          0          0          0        164   sin.o
       304         24         40          0          0        208   sin_i.o
       400         56          0          0          0        212   sinf.o
       232          0          0          0          0        296   sqrt.o
        58          0          0          0          0        136   sqrtf.o
       128         20          0          0          0        144   tan.o
       848         84         96          0          0        196   tan_i.o

    ----------------------------------------------------------------------
     17164       1576       1032          0        100      12592   Library Totals
        40          4          0          0          4          0   (incl. Padding)

    ----------------------------------------------------------------------

      Code (inc. data)   RO Data    RW Data    ZI Data      Debug   Library Name

      1604        130          0          0         96       2536   c_w.l
       226         18          0          0          0        584   cpprt_w.l
      3834        260          0          0          0       3748   fz_wm.l
     11460       1164       1032          0          0       5724   m_wm.l

    ----------------------------------------------------------------------
     17164       1576       1032          0        100      12592   Library Totals

    ----------------------------------------------------------------------

==============================================================================


      Code (inc. data)   RO Data    RW Data    ZI Data      Debug   

     51448       5160       3476      25284      11516     891579   Grand Totals
     51448       5160       3476        688      11516     891579   ELF Image Totals (compressed)
     51448       5160       3476        688          0          0   ROM Totals

==============================================================================

    Total RO  Size (Code + RO Data)                54924 (  53.64kB)
    Total RW  Size (RW Data + ZI Data)             36800 (  35.94kB)
    Total ROM Size (Code + RO Data + RW Data)      55612 (  54.31kB)

==============================================================================

