Component: ARM Compiler 5.06 update 7 (build 960) Tool: armlink [4d3601]

==============================================================================

Section Cross References

    main.o(i._Z10drawStringR7SSD1306PKcjj) refers to ssd1306.o(i._ZN7SSD13069drawPixelEsst) for SSD1306::drawPixel(short, short, unsigned short)
    main.o(i._Z10drawStringR7SSD1306PKcjj) refers to main.o(.constdata) for .constdata
    main.o(i._Z10fractionaltddd) refers to dflt_clz.o(x$fpl$dfltu) for __aeabi_ui2d
    main.o(i._Z10fractionaltddd) refers to daddsub_clz.o(x$fpl$drsb) for __aeabi_drsub
    main.o(i._Z10fractionaltddd) refers to ddiv.o(x$fpl$ddiv) for __aeabi_ddiv
    main.o(i._Z10fractionaltddd) refers to daddsub_clz.o(x$fpl$dadd) for __aeabi_dadd
    main.o(i._Z10fractionaltddd) refers to dfixu.o(x$fpl$dfixu) for __aeabi_d2uiz
    main.o(i._Z10fractionaltddd) refers to pow.o(i.__hardfp_pow) for __hardfp_pow
    main.o(i._Z10fractionaltddd) refers to dmul.o(x$fpl$dmul) for __aeabi_dmul
    main.o(i._Z12convert_datadd) refers to daddsub_clz.o(x$fpl$drsb) for __aeabi_drsub
    main.o(i._Z12convert_datadd) refers to ddiv.o(x$fpl$ddiv) for __aeabi_ddiv
    main.o(i._Z12convert_datadd) refers to daddsub_clz.o(x$fpl$dadd) for __aeabi_dadd
    main.o(i._Z12convert_datadd) refers to dfixu.o(x$fpl$dfixu) for __aeabi_d2uiz
    main.o(i._Z12convert_datadd) refers to dflt_clz.o(x$fpl$dfltu) for __aeabi_ui2d
    main.o(i._Z12convert_distdd) refers to daddsub_clz.o(x$fpl$drsb) for __aeabi_drsub
    main.o(i._Z12convert_distdd) refers to ddiv.o(x$fpl$ddiv) for __aeabi_ddiv
    main.o(i._Z12convert_distdd) refers to daddsub_clz.o(x$fpl$dadd) for __aeabi_dadd
    main.o(i._Z12convert_distdd) refers to drleqf.o(x$fpl$drleqf) for __aeabi_cdrcmple
    main.o(i._Z12convert_distdd) refers to dleqf.o(x$fpl$dleqf) for __aeabi_cdcmple
    main.o(i._Z12convert_distdd) refers to main.o(.data) for .data
    main.o(i._Z12new_velocityi) refers to main.o(i._Z20get_line_from_points5pointS_) for get_line_from_points(point, point)
    main.o(i._Z12new_velocityi) refers to main.o(i._Z15get_y_from_line4linef) for get_y_from_line(line, float)
    main.o(i._Z12new_velocityi) refers to main.o(.bss) for .bss
    main.o(i._Z13is_in_bordersiii) refers to main.o(.data) for .data
    main.o(i._Z14sum_of_vectorsstst) refers to dflt_clz.o(x$fpl$dflt) for __aeabi_i2d
    main.o(i._Z14sum_of_vectorsstst) refers to dmul.o(x$fpl$dmul) for __aeabi_dmul
    main.o(i._Z14sum_of_vectorsstst) refers to sin.o(i.__hardfp_sin) for __hardfp_sin
    main.o(i._Z14sum_of_vectorsstst) refers to dflt_clz.o(x$fpl$dfltu) for __aeabi_ui2d
    main.o(i._Z14sum_of_vectorsstst) refers to dfix.o(x$fpl$dfix) for __aeabi_d2iz
    main.o(i._Z14sum_of_vectorsstst) refers to cos.o(i.__hardfp_cos) for __hardfp_cos
    main.o(i._Z14sum_of_vectorsstst) refers to atan2.o(i.__hardfp_atan2) for __hardfp_atan2
    main.o(i._Z14sum_of_vectorsstst) refers to pow.o(i.__hardfp_pow) for __hardfp_pow
    main.o(i._Z14sum_of_vectorsstst) refers to daddsub_clz.o(x$fpl$dadd) for __aeabi_dadd
    main.o(i._Z14sum_of_vectorsstst) refers to sqrt.o(i.__hardfp_sqrt) for __hardfp_sqrt
    main.o(i._Z14sum_of_vectorsstst) refers to main.o(.data) for .data
    main.o(i._Z15get_y_from_line4linef) refers to f2d.o(x$fpl$f2d) for __aeabi_f2d
    main.o(i._Z15get_y_from_line4linef) refers to dmul.o(x$fpl$dmul) for __aeabi_dmul
    main.o(i._Z15get_y_from_line4linef) refers to daddsub_clz.o(x$fpl$dadd) for __aeabi_dadd
    main.o(i._Z15get_y_from_line4linef) refers to dfix.o(x$fpl$dfix) for __aeabi_d2iz
    main.o(i._Z15read_from_FLASHv) refers to stm32f4xx_flash.o(i.FLASH_Unlock) for FLASH_Unlock
    main.o(i._Z18exponential_detourdddddd) refers to fabs.o(i.__hardfp_fabs) for __hardfp_fabs
    main.o(i._Z18exponential_detourdddddd) refers to dmul.o(x$fpl$dmul) for __aeabi_dmul
    main.o(i._Z18exponential_detourdddddd) refers to pow.o(i.__hardfp_pow) for __hardfp_pow
    main.o(i._Z18exponential_detourdddddd) refers to drleqf.o(x$fpl$drleqf) for __aeabi_cdrcmple
    main.o(i._Z18exponential_detourdddddd) refers to main.o(i._Z12convert_distdd) for convert_dist(double, double)
    main.o(i._Z18exponential_detourdddddd) refers to basic.o(x$fpl$basic) for __aeabi_dneg
    main.o(i._Z18exponential_detourdddddd) refers to dfix.o(x$fpl$dfix) for __aeabi_d2iz
    main.o(i._Z18exponential_detourdddddd) refers to main.o(.data) for .data
    main.o(i._Z18get_angle_to_point5pointS_) refers to dflt_clz.o(x$fpl$dflt) for __aeabi_i2d
    main.o(i._Z18get_angle_to_point5pointS_) refers to atan2.o(i.__hardfp_atan2) for __hardfp_atan2
    main.o(i._Z18get_angle_to_point5pointS_) refers to dmul.o(x$fpl$dmul) for __aeabi_dmul
    main.o(i._Z18get_angle_to_point5pointS_) refers to dfix.o(x$fpl$dfix) for __aeabi_d2iz
    main.o(i._Z18get_angle_to_point5pointS_) refers to pow.o(i.__hardfp_pow) for __hardfp_pow
    main.o(i._Z18get_angle_to_point5pointS_) refers to daddsub_clz.o(x$fpl$dadd) for __aeabi_dadd
[...]
    operator new[] (unsigned)                0x080088ad   Thumb Code     8  array_new.o(i._Znaj)
    operator new(unsigned)                   0x080088b5   Thumb Code    34  new.o(i._Znwj)
    __ARM_fpclassify                         0x080088dd   Thumb Code    48  fpclassify.o(i.__ARM_fpclassify)
    __ARM_fpclassifyf                        0x0800890d   Thumb Code    38  fpclassifyf.o(i.__ARM_fpclassifyf)
    __hardfp_asin                            0x08008939   Thumb Code   770  asin.o(i.__hardfp_asin)
    __hardfp_atan                            0x08008c99   Thumb Code   622  atan.o(i.__hardfp_atan)
    __hardfp_atan2                           0x08008f71   Thumb Code   448  atan2.o(i.__hardfp_atan2)
    __hardfp_ceil                            0x08009171   Thumb Code   252  ceil.o(i.__hardfp_ceil)
    __hardfp_cos                             0x08009289   Thumb Code   180  cos.o(i.__hardfp_cos)
    __hardfp_cosf                            0x08009351   Thumb Code   280  cosf.o(i.__hardfp_cosf)
    __hardfp_fabs                            0x080094a1   Thumb Code    20  fabs.o(i.__hardfp_fabs)
    __hardfp_pow                             0x080094b9   Thumb Code  3072  pow.o(i.__hardfp_pow)
    __hardfp_powf                            0x0800a109   Thumb Code  1606  powf.o(i.__hardfp_powf)
    __mathlib_powf                           0x0800a109   Thumb Code     0  powf.o(i.__hardfp_powf)
    __hardfp_sin                             0x0800a771   Thumb Code   180  sin.o(i.__hardfp_sin)
    __hardfp_sinf                            0x0800a839   Thumb Code   344  sinf.o(i.__hardfp_sinf)
    __hardfp_sqrt                            0x0800a9c9   Thumb Code   122  sqrt.o(i.__hardfp_sqrt)
    __hardfp_sqrtf                           0x0800aa43   Thumb Code    58  sqrtf.o(i.__hardfp_sqrtf)
    __hardfp_tan                             0x0800aa81   Thumb Code   108  tan.o(i.__hardfp_tan)
    __ieee754_rem_pio2                       0x0800ab01   Thumb Code   938  rred.o(i.__ieee754_rem_pio2)
    __kernel_cos                             0x0800af39   Thumb Code   322  cos_i.o(i.__kernel_cos)
    __kernel_poly                            0x0800b0a9   Thumb Code   248  poly.o(i.__kernel_poly)
    __kernel_sin                             0x0800b1a1   Thumb Code   280  sin_i.o(i.__kernel_sin)
    __kernel_tan                             0x0800b2d1   Thumb Code   764  tan_i.o(i.__kernel_tan)
    __mathlib_dbl_divzero                    0x0800b621   Thumb Code    28  dunder.o(i.__mathlib_dbl_divzero)
    __mathlib_dbl_infnan                     0x0800b651   Thumb Code    20  dunder.o(i.__mathlib_dbl_infnan)
    __mathlib_dbl_infnan2                    0x0800b665   Thumb Code    20  dunder.o(i.__mathlib_dbl_infnan2)
    __mathlib_dbl_invalid                    0x0800b679   Thumb Code    24  dunder.o(i.__mathlib_dbl_invalid)
    __mathlib_dbl_overflow                   0x0800b699   Thumb Code    24  dunder.o(i.__mathlib_dbl_overflow)
    __mathlib_dbl_underflow                  0x0800b6b9   Thumb Code    24  dunder.o(i.__mathlib_dbl_underflow)
    __mathlib_flt_divzero                    0x0800b6d9   Thumb Code    14  funder.o(i.__mathlib_flt_divzero)
    __mathlib_flt_infnan                     0x0800b6ed   Thumb Code     6  funder.o(i.__mathlib_flt_infnan)
    __mathlib_flt_infnan2                    0x0800b6f3   Thumb Code     6  funder.o(i.__mathlib_flt_infnan2)
    __mathlib_flt_invalid                    0x0800b6f9   Thumb Code    10  funder.o(i.__mathlib_flt_invalid)
    __mathlib_flt_overflow                   0x0800b709   Thumb Code    10  funder.o(i.__mathlib_flt_overflow)
    __mathlib_flt_underflow                  0x0800b719   Thumb Code    10  funder.o(i.__mathlib_flt_underflow)
    __mathlib_rredf2                         0x0800b729   Thumb Code   316  rredf.o(i.__mathlib_rredf2)
    assert_failed                            0x0800be25   Thumb Code     6  retarget.o(i.assert_failed)
    atan                                     0x0800be2b   Thumb Code    16  atan.o(i.atan)
    fabs                                     0x0800be3b   Thumb Code    24  fabs.o(i.fabs)
    main                                     0x0800be59   Thumb Code  5668  main.o(i.main)
    sqrt                                     0x0800d4a1   Thumb Code   110  sqrt.o(i.sqrt)
    char* toPrint<float>(T1, short)          0x0800d50f   Thumb Code   544  main.o(t._Z7toPrintIfEPcT_s)
    void printTml<int>(SSD1306&, T1, int, int, int) 0x0800d72f   Thumb Code   296  main.o(t._Z8printTmlIiEvR7SSD1306T_iii)
    void Robot::display_data<int>(const char*, unsigned, T1, unsigned, unsigned, unsigned) 0x0800d859   Thumb Code    44  main.o(t._ZN5Robot12display_dataIiEEvPKcjT_jjj)
    __aeabi_dneg                             0x0800d889   Thumb Code     0  basic.o(x$fpl$basic)
    _dneg                                    0x0800d889   Thumb Code     6  basic.o(x$fpl$basic)
    __aeabi_fneg                             0x0800d88f   Thumb Code     0  basic.o(x$fpl$basic)
    _fneg                                    0x0800d88f   Thumb Code     6  basic.o(x$fpl$basic)
    _dabs                                    0x0800d895   Thumb Code     6  basic.o(x$fpl$basic)
    _fabs                                    0x0800d89b   Thumb Code     6  basic.o(x$fpl$basic)
    __aeabi_d2f                              0x0800d8a1   Thumb Code     0  d2f.o(x$fpl$d2f)
    _d2f                                     0x0800d8a1   Thumb Code    98  d2f.o(x$fpl$d2f)
    __aeabi_dadd                             0x0800d905   Thumb Code     0  daddsub_clz.o(x$fpl$dadd)
    _dadd                                    0x0800d905   Thumb Code   332  daddsub_clz.o(x$fpl$dadd)
    __fpl_dcheck_NaN1                        0x0800da55   Thumb Code    10  dcheck1.o(x$fpl$dcheck1)
    __fpl_dcmp_Inf                           0x0800da65   Thumb Code    24  dcmpi.o(x$fpl$dcmpinf)
    __aeabi_ddiv                             0x0800da7d   Thumb Code     0  ddiv.o(x$fpl$ddiv)
    _ddiv                                    0x0800da7d   Thumb Code   552  ddiv.o(x$fpl$ddiv)
    __aeabi_cdcmpeq                          0x0800dd2d   Thumb Code     0  deqf.o(x$fpl$deqf)
    _dcmpeq                                  0x0800dd2d   Thumb Code   120  deqf.o(x$fpl$deqf)
    __aeabi_d2iz                             0x0800dda5   Thumb Code     0  dfix.o(x$fpl$dfix)
    _dfix                                    0x0800dda5   Thumb Code    94  dfix.o(x$fpl$dfix)
    __aeabi_d2uiz                            0x0800de05   Thumb Code     0  dfixu.o(x$fpl$dfixu)
    _dfixu                                   0x0800de05   Thumb Code    90  dfixu.o(x$fpl$dfixu)
    __aeabi_i2d                              0x0800de5f   Thumb Code     0  dflt_clz.o(x$fpl$dflt)
    _dflt                                    0x0800de5f   Thumb Code    46  dflt_clz.o(x$fpl$dflt)
    __aeabi_l2d                              0x0800de8d   Thumb Code     0  dfltll_clz.o(x$fpl$dfltll)
    _ll_sto_d                                0x0800de8d   Thumb Code   162  dfltll_clz.o(x$fpl$dfltll)
    __aeabi_ui2d                             0x0800df2f   Thumb Code     0  dflt_clz.o(x$fpl$dfltu)
    _dfltu                                   0x0800df2f   Thumb Code    38  dflt_clz.o(x$fpl$dfltu)
    __aeabi_cdcmple                          0x0800df55   Thumb Code     0  dleqf.o(x$fpl$dleqf)
    _dcmple                                  0x0800df55   Thumb Code   120  dleqf.o(x$fpl$dleqf)
    __fpl_dcmple_InfNaN                      0x0800dfb7   Thumb Code     0  dleqf.o(x$fpl$dleqf)
    __aeabi_dmul                             0x0800dfcd   Thumb Code     0  dmul.o(x$fpl$dmul)
    _dmul                                    0x0800dfcd   Thumb Code   332  dmul.o(x$fpl$dmul)
    __fpl_dnaninf                            0x0800e121   Thumb Code   156  dnaninf.o(x$fpl$dnaninf)
    __fpl_dretinf                            0x0800e1bd   Thumb Code    12  dretinf.o(x$fpl$dretinf)
    __aeabi_cdrcmple                         0x0800e1c9   Thumb Code     0  drleqf.o(x$fpl$drleqf)
    _drcmple                                 0x0800e1c9   Thumb Code   108  drleqf.o(x$fpl$drleqf)
    __aeabi_drsub                            0x0800e235   Thumb Code     0  daddsub_clz.o(x$fpl$drsb)
    _drsb                                    0x0800e235   Thumb Code    22  daddsub_clz.o(x$fpl$drsb)
    _dsqrt                                   0x0800e24d   Thumb Code   404  dsqrt_umaal.o(x$fpl$dsqrt)
    __aeabi_dsub                             0x0800e3e5   Thumb Code     0  daddsub_clz.o(x$fpl$dsub)
    _dsub                                    0x0800e3e5   Thumb Code   464  daddsub_clz.o(x$fpl$dsub)
    __aeabi_f2d                              0x0800e5b9   Thumb Code     0  f2d.o(x$fpl$f2d)
    _f2d                                     0x0800e5b9   Thumb Code    86  f2d.o(x$fpl$f2d)
    __aeabi_ul2f                             0x0800e60f   Thumb Code     0  ffltll_clz.o(x$fpl$ffltll)
    _ll_uto_f                                0x0800e60f   Thumb Code     6  ffltll_clz.o(x$fpl$ffltll)
    __aeabi_l2f                              0x0800e615   Thumb Code     0  ffltll_clz.o(x$fpl$ffltll)
    _ll_sto_f                                0x0800e615   Thumb Code    90  ffltll_clz.o(x$fpl$ffltll)
    __fpl_fnaninf                            0x0800e66f   Thumb Code   140  fnaninf.o(x$fpl$fnaninf)
    _fp_init                                 0x0800e6fb   Thumb Code    10  fpinit.o(x$fpl$fpinit)
    __fplib_config_fpu_vfp                   0x0800e703   Thumb Code     0  fpinit.o(x$fpl$fpinit)
    __fplib_config_pureend_doubles           0x0800e703   Thumb Code     0  fpinit.o(x$fpl$fpinit)
    __fpl_fretinf                            0x0800e705   Thumb Code    10  fretinf.o(x$fpl$fretinf)
    __aeabi_f2lz                             0x0800e711   Thumb Code     0  ffixll.o(x$fpl$llsfromf)
    _ll_sfrom_f                              0x0800e711   Thumb Code   134  ffixll.o(x$fpl$llsfromf)
    __fpl_return_NaN                         0x0800e797   Thumb Code   100  retnan.o(x$fpl$retnan)
    __ARM_scalbn                             0x0800e7fb   Thumb Code    92  scalbn.o(x$fpl$scalbn)
    __fpl_cmpreturn                          0x0800e857   Thumb Code    48  trapv.o(x$fpl$trapveneer)
    __I$use$fp                               0x0800e886   Number         0  usenofp.o(x$fpl$usenofp)
    __mathlib_zero                           0x0800f338   Data           8  qnan.o(.constdata)
    vtable for SSD1306                       0x0800f4b0   Data          16  ssd1306.o(.constdata__ZTV7SSD1306)
    Region$$Table$$Base                      0x0800f4c0   Number         0  anon$$obj.o(Region$$Table)
    Region$$Table$$Limit                     0x0800f4e0   Number         0  anon$$obj.o(Region$$Table)
    SHT$$INIT_ARRAY$$Base                    0x0800f4e0   Number         0  main.o(.init_array)
    SHT$$INIT_ARRAY$$Limit                   0x0800f4e4   Number         0  init_aeabi.o(.init_array)
    attacker_old_state                       0x20000000   Data           1  main.o(.data)
    attacker_state1_tim                      0x20000001   Data           1  main.o(.data)
    defender_state                           0x20000002   Data           1  main.o(.data)
    defender_old_state                       0x20000003   Data           1  main.o(.data)
    _daleko                                  0x20000004   Data           1  main.o(.data)
    attacker_use_detour                      0x20000005   Data           1  main.o(.data)
    role                                     0x20000006   Data           1  main.o(.data)
    gaming_state                             0x20000007   Data           1  main.o(.data)
    _aboba                                   0x20000008   Data           1  main.o(.data)
    Robot::_use_PID                          0x20000009   Data           1  main.o(.data)
    Robot::_use_game_zone_restriction        0x2000000a   Data           1  main.o(.data)
    Robot::_test_dribler_mode                0x2000000b   Data           1  main.o(.data)
    Robot::_use_dribler                      0x2000000c   Data           1  main.o(.data)
    Robot::trajectory_started                0x2000000d   Data           1  main.o(.data)
    Robot::use_delays                        0x2000000e   Data           1  main.o(.data)
    Robot::ball_distance_delay_disable       0x2000000f   Data           1  main.o(.data)
    Robot::fast_stop                         0x20000010   Data           1  main.o(.data)
    Robot::side                              0x20000011   Data           1  main.o(.data)
    Robot::leds_state                        0x20000012   Data           1  main.o(.data)
    Robot::motors_state                      0x20000013   Data           1  main.o(.data)
    Robot::init_image                        0x20000014   Data           1  main.o(.data)
    Robot::_game_state                       0x20000015   Data           1  main.o(.data)
    Robot::is_callibrated                    0x20000016   Data           1  main.o(.data)
    Robot::is_ball_seen                      0x20000017   Data           1  main.o(.data)
    Robot::use_trajectory                    0x20000018   Data           1  main.o(.data)
    Robot::trajectory_is_in_progress         0x20000019   Data           1  main.o(.data)
    Robot::trajectory_finished               0x2000001a   Data           1  main.o(.data)
    Robot::point_reached                     0x2000001b   Data           1  main.o(.data)
    Robot::waiting                           0x2000001c   Data           1  main.o(.data)
    Robot::wait_rotating                     0x2000001d   Data           1  main.o(.data)
    attacker_state                           0x2000001e   Data           1  main.o(.data)
    defender_defence_sector                  0x2000001f   Data           1  main.o(.data)
    defender_move_sector                     0x20000020   Data           1  main.o(.data)
    Robot::_role                             0x20000022   Data           2  main.o(.data)
    Robot::dribbler_mode                     0x20000024   Data           2  main.o(.data)
    Robot::change_speed_time                 0x20000026   Data           2  main.o(.data)
    Robot::start_trajectory_length           0x20000028   Data           2  main.o(.data)
    Robot::ball_sen_data                     0x2000002a   Data           2  main.o(.data)
    Robot::ball_threshold                    0x2000002c   Data           2  main.o(.data)
    attacker_2_state_side                    0x2000002e   Data           2  main.o(.data)
    Robot::robot_position_diff               0x20000030   Data           2  main.o(.data)
    Robot::buttons_data                      0x20000032   Data           3  main.o(.data)
    Robot::buttons_old_data                  0x20000035   Data           3  main.o(.data)
    Robot::pressed_buttons                   0x20000038   Data           3  main.o(.data)
    Robot::blinking_leds                     0x2000003b   Data           3  main.o(.data)
    ang_result                               0x20000040   Data           4  main.o(.data)
    len_result                               0x20000044   Data           4  main.o(.data)
    result                                   0x20000048   Data           4  main.o(.data)
    x1                                       0x2000004c   Data           4  main.o(.data)
    x2                                       0x20000050   Data           4  main.o(.data)
    y1                                       0x20000054   Data           4  main.o(.data)
    y2                                       0x20000058   Data           4  main.o(.data)
    _x_result                                0x2000005c   Data           4  main.o(.data)
    _y_result                                0x20000060   Data           4  main.o(.data)
    defender_move_speed                      0x20000064   Data           4  main.o(.data)
    additional_defender_y                    0x20000068   Data           4  main.o(.data)
    attacker_2_to_1_tim                      0x2000006c   Data           4  main.o(.data)
    defender_1_to_2_tim                      0x20000070   Data           4  main.o(.data)
    defender_3_to_1_tim                      0x20000074   Data           4  main.o(.data)
    attacker_2_state_trajectory_type         0x20000078   Data           4  main.o(.data)
    _attacker_4_tim                          0x2000007c   Data           4  main.o(.data)
    _attacker_4_sub_tim                      0x20000080   Data           4  main.o(.data)
    attacker_start_detour_timer              0x20000084   Data           4  main.o(.data)
    attacker_stop_detour_timer               0x20000088   Data           4  main.o(.data)
    _goida                                   0x2000008c   Data           4  main.o(.data)
    spas                                     0x20000090   Data           4  main.o(.data)
    Robot::a                                 0x20000094   Data           4  main.o(.data)
    Robot::ball_captured_timer               0x20000098   Data           4  main.o(.data)
    Robot::_ball_sen_low_data                0x2000009c   Data           4  main.o(.data)
    Robot::_ball_sen_high_data               0x200000a0   Data           4  main.o(.data)
    Robot::_ball_led_data                    0x200000a4   Data           4  main.o(.data)
    Robot::ball_sen_measure_index            0x200000a8   Data           4  main.o(.data)
    Robot::ball_measure_timer                0x200000ac   Data           4  main.o(.data)
    Robot::ball_sen_result_data              0x200000b0   Data           4  main.o(.data)
    Robot::ball_sen_sum_data                 0x200000b4   Data           4  main.o(.data)
    Robot::_capacitor1_tim                   0x200000b8   Data           4  main.o(.data)
    Robot::_capacitor2_tim                   0x200000bc   Data           4  main.o(.data)
    Robot::blinking_timer                    0x200000c0   Data           4  main.o(.data)
    Robot::init_timer                        0x200000c4   Data           4  main.o(.data)
    Robot::display_timer                     0x200000c8   Data           4  main.o(.data)
    Robot::loop_delay                        0x200000cc   Data           4  main.o(.data)
    Robot::old_time                          0x200000d0   Data           4  main.o(.data)
    Robot::prediction_timer                  0x200000d4   Data           4  main.o(.data)
    Robot::keck_timer                        0x200000d8   Data           4  main.o(.data)
    Robot::point_reached_timer               0x200000dc   Data           4  main.o(.data)
    Robot::dribler_speed_change_speed        0x200000e0   Data           4  main.o(.data)
    Robot::ball_grab_timer                   0x200000e4   Data           4  main.o(.data)
    Robot::timer10ms                         0x200000e8   Data           4  main.o(.data)
    Robot::timer_1000ms                      0x200000ec   Data           4  main.o(.data)
    Robot::display_update_time               0x200000f0   Data           4  main.o(.data)
    Robot::ball_data                         0x200000f4   Data           4  main.o(.data)
    Robot::adc1_sub                          0x200000f8   Data           4  main.o(.data)
    Robot::_change_game_state_tim            0x200000fc   Data           4  main.o(.data)
    Robot::otladka1                          0x20000100   Data           4  main.o(.data)
    Robot::otladka2                          0x20000104   Data           4  main.o(.data)
    Robot::angle_ki                          0x20000108   Data           4  main.o(.data)
    Robot::move_angle                        0x2000010c   Data           4  main.o(.data)
    Robot::gyro                              0x20000110   Data           4  main.o(.data)
    Robot::robot_x                           0x20000114   Data           4  main.o(.data)
    Robot::robot_y                           0x20000118   Data           4  main.o(.data)
    Robot::ball_loc_angle                    0x2000011c   Data           4  main.o(.data)
    Robot::ball_abs_angle                    0x20000120   Data           4  main.o(.data)
    Robot::ball_loc_x                        0x20000124   Data           4  main.o(.data)
    Robot::forward_angle                     0x20000128   Data           4  main.o(.data)
    Robot::backward_angle                    0x2000012c   Data           4  main.o(.data)
    Robot::dribler_speed                     0x20000130   Data           4  main.o(.data)
    Robot::gyro_zero_angle                   0x20000134   Data           4  main.o(.data)
    Robot::waiting_angle                     0x20000138   Data           4  main.o(.data)
    Robot::abs_move_angle                    0x2000013c   Data           4  main.o(.data)
    Robot::angular_speed                     0x20000140   Data           4  main.o(.data)
    Robot::ball_distance                     0x20000144   Data           4  main.o(.data)
    Robot::forward_distance                  0x20000148   Data           4  main.o(.data)
    Robot::backward_distance                 0x2000014c   Data           4  main.o(.data)
    Robot::point_distance                    0x20000150   Data           4  main.o(.data)
    Robot::old_b_x                           0x20000154   Data           4  main.o(.data)
    Robot::old_b_y                           0x20000158   Data           4  main.o(.data)
    Robot::ball_abs_x                        0x2000015c   Data           4  main.o(.data)
    Robot::ball_abs_y                        0x20000160   Data           4  main.o(.data)
    Robot::_dS                               0x20000164   Data           4  main.o(.data)
    Robot::_dSSoft                           0x20000168   Data           4  main.o(.data)
    Robot::_x1b                              0x2000016c   Data           4  main.o(.data)
    Robot::_y1b                              0x20000170   Data           4  main.o(.data)
    Robot::_defender_predicted_x             0x20000174   Data           4  main.o(.data)
    Robot::_defender_predicted_y             0x20000178   Data           4  main.o(.data)
    Robot::display_data_1                    0x2000017c   Data           4  main.o(.data)
    Robot::display_data_2                    0x20000180   Data           4  main.o(.data)
    Robot::display_delay_update_time         0x20000184   Data           4  main.o(.data)
    Robot::max_x                             0x20000188   Data           4  main.o(.data)
    Robot::min_x                             0x2000018c   Data           4  main.o(.data)
    Robot::max_y                             0x20000190   Data           4  main.o(.data)
    Robot::min_y                             0x20000194   Data           4  main.o(.data)
    Robot::move_speed                        0x20000198   Data           4  main.o(.data)
    Robot::select_arrow_y                    0x2000019c   Data           4  main.o(.data)
    Robot::menu_level                        0x200001a0   Data           4  main.o(.data)
    Robot::main_menu_arrow_y                 0x200001a4   Data           4  main.o(.data)
    Robot::cur_dribler_speed                 0x200001a8   Data           4  main.o(.data)
    Robot::voltage                           0x200001ac   Data           4  main.o(.data)
    Robot::dribler_acc                       0x200001b0   Data           4  main.o(.data)
    Robot::ball_detection_loghtness          0x200001b4   Data           4  main.o(.data)
    Robot::ball_sen_data_soft                0x200001b8   Data           4  main.o(.data)
    Robot::ball_sen_data_k                   0x200001bc   Data           4  main.o(.data)
    Robot::robot_global_speed_timer          0x200001c0   Data           4  main.o(.data)
    x3                                       0x200001c4   Data           4  main.o(.data)
    t                                        0x200001c8   Data           4  main.o(.data)
    _sub                                     0x200001cc   Data           4  main.o(.data)
    defender_move_point_dist                 0x200001d0   Data           4  main.o(.data)
    defender_2_to_1_tim                      0x200001d4   Data           4  main.o(.data)
    Robot::timer_100ms                       0x200001d8   Data           4  main.o(.data)
    Robot::time                              0x200001dc   Data           4  main.o(.data)
    Robot::blinking_durations                0x200001e0   Data           4  main.o(.data)
    Robot::ball_seen_time                    0x200001e4   Data           4  main.o(.data)
    Robot::x0_angle                          0x200001e8   Data           4  main.o(.data)
    Robot::angle_p                           0x200001ec   Data           4  main.o(.data)
    Robot::angle_d                           0x200001f0   Data           4  main.o(.data)
    Robot::angle_i                           0x200001f4   Data           4  main.o(.data)
    Robot::angle_e                           0x200001f8   Data           4  main.o(.data)
    Robot::angle_eold                        0x200001fc   Data           4  main.o(.data)
    Robot::angle_kp                          0x20000200   Data           4  main.o(.data)
    Robot::angle_kd                          0x20000204   Data           4  main.o(.data)
    Robot::angle_kp2                         0x20000208   Data           4  main.o(.data)
    Robot::ball_loc_y                        0x2000020c   Data           4  main.o(.data)
    Robot::max_angular_speed                 0x20000210   Data           4  main.o(.data)
    Robot::max_trajectory_linear_speed       0x20000214   Data           4  main.o(.data)
    Robot::min_trajectory_linear_speed       0x20000218   Data           4  main.o(.data)
    Robot::max_trajectory_angular_speed      0x2000021c   Data           4  main.o(.data)
    Robot::_dxb                              0x20000220   Data           8  main.o(.data)
    Robot::_dyb                              0x20000228   Data           8  main.o(.data)
    Robot::_alpha                            0x20000230   Data           8  main.o(.data)
    _data                                    0x20000238   Data           8  main.o(.data)
    angK                                     0x20000240   Data           8  main.o(.data)
    distK                                    0x20000248   Data           8  main.o(.data)
    Robot::start_trajectory_vector           0x20000250   Data           8  main.o(.data)
    Robot::moving_point                      0x20000258   Data          16  main.o(.data)
    SystemCoreClock                          0x20000268   Data           4  system_stm32f4xx.o(.data)
    time_service::systemTime                 0x2000026c   Data           4  time_service.o(.data)
    usart2::flag                             0x20000270   Data           1  uart2.o(.data)
    usart2::_bytesToSend                     0x20000271   Data           1  uart2.o(.data)
    usart2::_receiver_buffer_overflow_warning 0x20000272   Data           1  uart2.o(.data)
    usart2::_rxCnt                           0x20000274   Data           2  uart2.o(.data)
    usart2::_txCnt                           0x20000276   Data           2  uart2.o(.data)
    usart2::_readCnt                         0x20000278   Data           2  uart2.o(.data)
    usart2::_sendCnt                         0x2000027a   Data           2  uart2.o(.data)
    usart2::_tets                            0x2000027c   Data           4  uart2.o(.data)
    usart3::flag                             0x20000280   Data           1  usart3.o(.data)
    usart3::_bytesToSend                     0x20000281   Data           1  usart3.o(.data)
    usart3::_receiver_buffer_overflow_warning 0x20000282   Data           1  usart3.o(.data)
    usart3::_rxCnt                           0x20000284   Data           2  usart3.o(.data)
    usart3::_txCnt                           0x20000286   Data           2  usart3.o(.data)
    usart3::_readCnt                         0x20000288   Data           2  usart3.o(.data)
    usart3::_sendCnt                         0x2000028a   Data           2  usart3.o(.data)
    usart3::_tets                            0x2000028c   Data           4  usart3.o(.data)
    usart6::flag                             0x20000290   Data           1  usart6.o(.data)
    usart6::_bytesToSend                     0x20000291   Data           1  usart6.o(.data)
    usart6::_receiver_buffer_overflow_warning 0x20000292   Data           1  usart6.o(.data)
    usart6::_rxCnt                           0x20000294   Data           2  usart6.o(.data)
    usart6::_txCnt                           0x20000296   Data           2  usart6.o(.data)
    usart6::_readCnt                         0x20000298   Data           2  usart6.o(.data)
    usart6::_sendCnt                         0x2000029a   Data           2  usart6.o(.data)
    usart6::_tets                            0x2000029c   Data           4  usart6.o(.data)
    usartik1::flag                           0x200002a0   Data           1  usartik1.o(.data)
    usartik1::_rxCnt                         0x200002a2   Data           2  usartik1.o(.data)
    usartik1::_txCnt                         0x200002a4   Data           2  usartik1.o(.data)
    usartik1::_readCnt                       0x200002a6   Data           2  usartik1.o(.data)
    usartik1::_sendCnt                       0x200002a8   Data           2  usartik1.o(.data)
    usartik1::_buffer_size                   0x200002aa   Data           2  usartik1.o(.data)
    num3                                     0x200002ac   Data           1  spi3_dot.o(.data)
    _available3                              0x200002ad   Data           2  spi3_dot.o(.data)
    _RxData3                                 0x200002b0   Data           4  spi3_dot.o(.data)
    num                                      0x200002b4   Data           1  spi1_dot.o(.data)
    _available                               0x200002b5   Data           2  spi1_dot.o(.data)
    _RxData                                  0x200002b8   Data           4  spi1_dot.o(.data)
    image2                                   0x200002cc   Data        8192  ssd1306.o(.data)
    image1                                   0x200022cc   Data        8192  ssd1306.o(.data)
    buffer                                   0x200042cc   Data        8192  ssd1306.o(.data)
    defender_move_point                      0x200062d0   Data          16  main.o(.bss)
    defender_defence_point                   0x200062e0   Data          16  main.o(.bss)
    defender_new_left_change_sector          0x200062f0   Data          16  main.o(.bss)
    defender_new_right_change_sector         0x20006300   Data          16  main.o(.bss)
    attacker_start_2_state_point             0x20006310   Data          16  main.o(.bss)
    defender_gate_circle                     0x20006320   Data          28  main.o(.bss)
    defender_middle_cross_point              0x2000633c   Data          16  main.o(.bss)
    defender_detour_left_point               0x2000634c   Data          16  main.o(.bss)
    defender_detour_right_point              0x2000635c   Data          16  main.o(.bss)
    defender_detour_point                    0x2000636c   Data          16  main.o(.bss)
    ball_abs_position                        0x2000637c   Data          16  main.o(.bss)
    defender_left_line                       0x20006390   Data          16  main.o(.bss)
    defender_middle_line                     0x200063a0   Data          16  main.o(.bss)
    defender_right_line                      0x200063b0   Data          16  main.o(.bss)
    defender_ball_gate_line                  0x200063c0   Data          16  main.o(.bss)
    Points::backward_gate                    0x200063d0   Data          16  main.o(.bss)
    Points::forward_gate                     0x200063e0   Data          16  main.o(.bss)
    Points::gate_left_point                  0x200063f0   Data          16  main.o(.bss)
    Points::gate_right_point                 0x20006400   Data          16  main.o(.bss)
    Points::long_ricochet_right              0x20006410   Data          16  main.o(.bss)
    Points::long_ricochet_left               0x20006420   Data          16  main.o(.bss)
    Points::back_kick                        0x20006430   Data          16  main.o(.bss)
    Points::speed_1                          0x20006440   Data          16  main.o(.bss)
    Points::speed_2                          0x20006450   Data          16  main.o(.bss)
    Points::speed_3                          0x20006460   Data          16  main.o(.bss)
    Points::defender_speed_1                 0x20006470   Data          16  main.o(.bss)
    Points::defender_speed_2                 0x20006480   Data          16  main.o(.bss)
    Points::defender_speed_3                 0x20006490   Data          16  main.o(.bss)
    Points::defender_left_end                0x200064a0   Data          16  main.o(.bss)
    Points::defender_left_change_sector      0x200064b0   Data          16  main.o(.bss)
    Points::defender_right_end               0x200064c0   Data          16  main.o(.bss)
    Points::defender_right_change_sector     0x200064d0   Data          16  main.o(.bss)
    Points::defender_no_ball_right_point     0x200064e0   Data          16  main.o(.bss)
    Points::defender_no_ball_left_point      0x200064f0   Data          16  main.o(.bss)
    Robot::led3                              0x20006500   Data          24  main.o(.bss)
    Robot::led2                              0x20006518   Data          24  main.o(.bss)
    Robot::led1                              0x20006530   Data          24  main.o(.bss)
    Robot::MotorA                            0x20006548   Data          16  main.o(.bss)
    Robot::MotorB                            0x20006558   Data          16  main.o(.bss)
    Robot::MotorC                            0x20006568   Data          16  main.o(.bss)
    Robot::MotorD                            0x20006578   Data          16  main.o(.bss)
    Robot::motors                            0x20006588   Data         168  main.o(.bss)
    Robot::spi2_miso                         0x20006630   Data          24  main.o(.bss)
    Robot::spi2_mosi                         0x20006648   Data          24  main.o(.bss)
    Robot::usart6_rx                         0x20006660   Data          24  main.o(.bss)
    Robot::motors_move                       0x20006678   Data          24  main.o(.bss)
    Robot::uart_test                         0x20006690   Data          24  main.o(.bss)
    Robot::dribler_control                   0x200066a8   Data          24  main.o(.bss)
    Robot::tssp_write_4                      0x200066c0   Data          24  main.o(.bss)
    Robot::tssp_write_3                      0x200066d8   Data          24  main.o(.bss)
    Robot::tssp_write_2                      0x200066f0   Data          24  main.o(.bss)
    Robot::tssp_write_1                      0x20006708   Data          24  main.o(.bss)
    Robot::tssp_left_read                    0x20006720   Data          24  main.o(.bss)
    Robot::tssp_right_read                   0x20006738   Data          24  main.o(.bss)
    Robot::up                                0x20006750   Data          24  main.o(.bss)
    Robot::down                              0x20006768   Data          24  main.o(.bss)
    Robot::enter                             0x20006780   Data          24  main.o(.bss)
    Robot::spi3_mosi                         0x20006798   Data          24  main.o(.bss)
    Robot::spi3_sck                          0x200067b0   Data          24  main.o(.bss)
    Robot::spi3_dc                           0x200067c8   Data          24  main.o(.bss)
    Robot::spi3_cs                           0x200067e0   Data          24  main.o(.bss)
    Robot::spi3_rst                          0x200067f8   Data          24  main.o(.bss)
    Robot::usart2_tx                         0x20006810   Data          24  main.o(.bss)
    Robot::usart2_rx                         0x20006828   Data          24  main.o(.bss)
    Robot::spi1_mosi                         0x20006840   Data          24  main.o(.bss)
    Robot::spi1_miso                         0x20006858   Data          24  main.o(.bss)
    Robot::spi1_sck                          0x20006870   Data          24  main.o(.bss)
    Robot::spi1_ck                           0x20006888   Data          24  main.o(.bss)
    Robot::ball_sen_adc                      0x200068a0   Data          24  main.o(.bss)
    Robot::ball_led_adc                      0x200068b8   Data          24  main.o(.bss)
    Robot::usart3_tx                         0x200068d0   Data          24  main.o(.bss)
    Robot::usart3_rx                         0x200068e8   Data          24  main.o(.bss)
    Robot::kecker_cap_1                      0x20006900   Data          24  main.o(.bss)
    Robot::kecker_cap_2                      0x20006918   Data          24  main.o(.bss)
    Robot::kecker_solenoid_L                 0x20006930   Data          24  main.o(.bss)
    Robot::kecker_solenoid_C                 0x20006948   Data          24  main.o(.bss)
    Robot::kecker_solenoid_R                 0x20006960   Data          24  main.o(.bss)
    Robot::kecker_kick                       0x20006978   Data          24  main.o(.bss)
    Robot::Kecker                            0x20006990   Data          24  main.o(.bss)
    Robot::mpu_sensor                        0x200069a8   Data         304  main.o(.bss)
    Robot::mpu                               0x20006ad8   Data         360  main.o(.bss)
    Robot::battery_charge                    0x20006c40   Data          24  main.o(.bss)
    Robot::display                           0x20006c58   Data         128  main.o(.bss)
    Robot::camera                            0x20006cd8   Data         320  main.o(.bss)
    Robot::ball                              0x20006e18   Data         448  main.o(.bss)
    Robot::angle_pid                         0x20006fd8   Data          44  main.o(.bss)
    Robot::trajectory                        0x20007004   Data         336  main.o(.bss)
    Robot::_ball_sen_raw_data                0x20007154   Data          40  main.o(.bss)
    Robot::button_timers                     0x2000717c   Data          12  main.o(.bss)
    Robot::robot_position                    0x20007188   Data          16  main.o(.bss)
    Robot::robot_move                        0x20007198   Data          16  main.o(.bss)
    Robot::_sub_point                        0x200071a8   Data          16  main.o(.bss)
    Robot::start_trajectory                  0x200071b8   Data          16  main.o(.bss)
    Robot::predicted_point                   0x200071c8   Data          16  main.o(.bss)
    Robot::robot_previous_position           0x200071d8   Data          16  main.o(.bss)
    Robot::ball_abs_position                 0x200071e8   Data          16  main.o(.bss)
    usart2::tx                               0x200071f8   Data          30  uart2.o(.bss)
    usart2::rx                               0x20007216   Data          30  uart2.o(.bss)
    usart3::tx                               0x20007234   Data         100  usart3.o(.bss)
    usart3::rx                               0x20007298   Data         100  usart3.o(.bss)
    usart6::tx                               0x200072fc   Data          30  usart6.o(.bss)
    usart6::rx                               0x2000731a   Data          30  usart6.o(.bss)
    usartik1::tx                             0x20007338   Data          25  usartik1.o(.bss)
    usartik1::rx                             0x20007351   Data          25  usartik1.o(.bss)
    __libspace_start                         0x2000736c   Data          96  libspace.o(.bss)
    __temporary_stack_top$libspace           0x200073cc   Data           0  libspace.o(.bss)



==============================================================================

Memory Map of the image

  Image Entry point : 0x08000189

  Load Region LR_IROM1 (Base: 0x08000000, Size: 0x000157b0, Max: 0x00100000, ABSOLUTE, COMPRESSED[0x0000f794])

    Execution Region ER_IROM1 (Exec base: 0x08000000, Load base: 0x08000000, Size: 0x0000f4e4, Max: 0x00100000, ABSOLUTE)

    Exec Addr    Load Addr    Size         Type   Attr      Idx    E Section Name        Object

    0x08000000   0x08000000   0x00000188   Data   RO         1007    RESET               startup_stm32f407xx.o
    0x08000188   0x08000188   0x00000008   Code   RO         5558  * !!!main             c_w.l(__main.o)
    0x08000190   0x08000190   0x00000034   Code   RO         6360    !!!scatter          c_w.l(__scatter.o)
    0x080001c4   0x080001c4   0x0000005a   Code   RO         6358    !!dczerorl2         c_w.l(__dczerorl2.o)
    0x0800021e   0x0800021e   0x00000002   PAD
    0x08000220   0x08000220   0x0000001c   Code   RO         6362    !!handler_zi        c_w.l(__scatter_zi.o)
    0x0800023c   0x0800023c   0x00000002   Code   RO         6253    .ARM.Collect$$libinit$$00000000  c_w.l(libinit.o)
    0x0800023e   0x0800023e   0x00000004   Code   RO         5946    .ARM.Collect$$libinit$$00000001  c_w.l(libinit2.o)
    0x08000242   0x08000242   0x00000000   Code   RO         5949    .ARM.Collect$$libinit$$00000004  c_w.l(libinit2.o)
    0x08000242   0x08000242   0x00000008   Code   RO         5950    .ARM.Collect$$libinit$$00000005  c_w.l(libinit2.o)
    0x0800024a   0x0800024a   0x00000000   Code   RO         5952    .ARM.Collect$$libinit$$0000000A  c_w.l(libinit2.o)
    0x0800024a   0x0800024a   0x00000000   Code   RO         5954    .ARM.Collect$$libinit$$0000000C  c_w.l(libinit2.o)
    0x0800024a   0x0800024a   0x00000000   Code   RO         5956    .ARM.Collect$$libinit$$0000000E  c_w.l(libinit2.o)
    0x0800024a   0x0800024a   0x00000000   Code   RO         5959    .ARM.Collect$$libinit$$00000011  c_w.l(libinit2.o)
    0x0800024a   0x0800024a   0x00000000   Code   RO         5961    .ARM.Collect$$libinit$$00000013  c_w.l(libinit2.o)
    0x0800024a   0x0800024a   0x00000000   Code   RO         5963    .ARM.Collect$$libinit$$00000015  c_w.l(libinit2.o)
    0x0800024a   0x0800024a   0x00000000   Code   RO         5965    .ARM.Collect$$libinit$$00000017  c_w.l(libinit2.o)
    0x0800024a   0x0800024a   0x00000000   Code   RO         5967    .ARM.Collect$$libinit$$00000019  c_w.l(libinit2.o)
    0x0800024a   0x0800024a   0x00000000   Code   RO         5969    .ARM.Collect$$libinit$$0000001B  c_w.l(libinit2.o)
    0x0800024a   0x0800024a   0x00000000   Code   RO         5971    .ARM.Collect$$libinit$$0000001D  c_w.l(libinit2.o)
    0x0800024a   0x0800024a   0x00000000   Code   RO         5973    .ARM.Collect$$libinit$$0000001F  c_w.l(libinit2.o)
    0x0800024a   0x0800024a   0x00000000   Code   RO         5975    .ARM.Collect$$libinit$$00000021  c_w.l(libinit2.o)
    0x0800024a   0x0800024a   0x00000000   Code   RO         5977    .ARM.Collect$$libinit$$00000023  c_w.l(libinit2.o)
    0x0800024a   0x0800024a   0x00000000   Code   RO         5979    .ARM.Collect$$libinit$$00000025  c_w.l(libinit2.o)
    0x0800024a   0x0800024a   0x00000000   Code   RO         5983    .ARM.Collect$$libinit$$0000002C  c_w.l(libinit2.o)
    0x0800024a   0x0800024a   0x00000000   Code   RO         5985    .ARM.Collect$$libinit$$0000002E  c_w.l(libinit2.o)
    0x0800024a   0x0800024a   0x00000000   Code   RO         5987    .ARM.Collect$$libinit$$00000030  c_w.l(libinit2.o)
    0x0800024a   0x0800024a   0x00000004   Code   RO         5988    .ARM.Collect$$libinit$$00000031  c_w.l(libinit2.o)
    0x0800024e   0x0800024e   0x00000000   Code   RO         5989    .ARM.Collect$$libinit$$00000032  c_w.l(libinit2.o)
    0x0800024e   0x0800024e   0x00000002   Code   RO         5990    .ARM.Collect$$libinit$$00000033  c_w.l(libinit2.o)
    0x08000250   0x08000250   0x00000002   Code   RO         6343    .ARM.Collect$$libshutdown$$00000000  c_w.l(libshutdown.o)
    0x08000252   0x08000252   0x00000000   Code   RO         6320    .ARM.Collect$$libshutdown$$00000002  c_w.l(libshutdown2.o)
    0x08000252   0x08000252   0x00000000   Code   RO         6322    .ARM.Collect$$libshutdown$$00000004  c_w.l(libshutdown2.o)
    0x08000252   0x08000252   0x00000000   Code   RO         6324    .ARM.Collect$$libshutdown$$00000006  c_w.l(libshutdown2.o)
    0x08000252   0x08000252   0x00000000   Code   RO         6327    .ARM.Collect$$libshutdown$$00000009  c_w.l(libshutdown2.o)
    0x08000252   0x08000252   0x00000000   Code   RO         6330    .ARM.Collect$$libshutdown$$0000000C  c_w.l(libshutdown2.o)
    0x08000252   0x08000252   0x00000000   Code   RO         6332    .ARM.Collect$$libshutdown$$0000000E  c_w.l(libshutdown2.o)
    0x08000252   0x08000252   0x00000000   Code   RO         6335    .ARM.Collect$$libshutdown$$00000011  c_w.l(libshutdown2.o)
    0x08000252   0x08000252   0x00000002   Code   RO         6336    .ARM.Collect$$libshutdown$$00000012  c_w.l(libshutdown2.o)
    0x08000254   0x08000254   0x00000000   Code   RO         5883    .ARM.Collect$$rtentry$$00000000  c_w.l(__rtentry.o)
    0x08000254   0x08000254   0x00000000   Code   RO         6116    .ARM.Collect$$rtentry$$00000002  c_w.l(__rtentry2.o)
    0x08000254   0x08000254   0x00000006   Code   RO         6128    .ARM.Collect$$rtentry$$00000004  c_w.l(__rtentry4.o)
    0x0800025a   0x0800025a   0x00000000   Code   RO         6118    .ARM.Collect$$rtentry$$00000009  c_w.l(__rtentry2.o)
    0x0800025a   0x0800025a   0x00000004   Code   RO         6119    .ARM.Collect$$rtentry$$0000000A  c_w.l(__rtentry2.o)
    0x0800025e   0x0800025e   0x00000000   Code   RO         6121    .ARM.Collect$$rtentry$$0000000C  c_w.l(__rtentry2.o)
    0x0800025e   0x0800025e   0x00000008   Code   RO         6122    .ARM.Collect$$rtentry$$0000000D  c_w.l(__rtentry2.o)
    0x08000266   0x08000266   0x00000002   Code   RO         6273    .ARM.Collect$$rtexit$$00000000  c_w.l(rtexit.o)
    0x08000268   0x08000268   0x00000000   Code   RO         6301    .ARM.Collect$$rtexit$$00000002  c_w.l(rtexit2.o)
    0x08000268   0x08000268   0x00000004   Code   RO         6302    .ARM.Collect$$rtexit$$00000003  c_w.l(rtexit2.o)
    0x0800026c   0x0800026c   0x00000006   Code   RO         6303    .ARM.Collect$$rtexit$$00000004  c_w.l(rtexit2.o)
    0x08000272   0x08000272   0x00000002   PAD
    0x08000274   0x08000274   0x00000000   Code   RO         6221    .emb_text           c_w.l(maybetermalloc1.o)
    0x08000274   0x08000274   0x00000040   Code   RO         1008    .text               startup_stm32f407xx.o
    0x080002b4   0x080002b4   0x00000048   Code   RO         5550    .text               c_w.l(llsdiv.o)
    0x080002fc   0x080002fc   0x00000064   Code   RO         5552    .text               c_w.l(rt_memcpy_w.o)
    0x08000360   0x08000360   0x00000044   Code   RO         5554    .text               c_w.l(rt_memclr.o)
    0x080003a4   0x080003a4   0x00000006   Code   RO         5556    .text               c_w.l(heapauxi.o)
    0x080003aa   0x080003aa   0x00000002   PAD
    0x080003ac   0x080003ac   0x00000024   Code   RO         5563    .text               c_w.l(init_aeabi.o)
    0x080003d0   0x080003d0   0x0000004e   Code   RO         5886    .text               c_w.l(h1_free.o)
    0x0800041e   0x0800041e   0x000000ee   Code   RO         5940    .text               c_w.l(lludivv7m.o)
    0x0800050c   0x0800050c   0x00000016   Code   RO         5942    .text               c_w.l(_rserrno.o)
    0x08000522   0x08000522   0x0000004e   Code   RO         5944    .text               c_w.l(rt_memclr_w.o)
    0x08000570   0x08000570   0x00000008   Code   RO         6137    .text               c_w.l(rt_heap_descriptor_intlibspace.o)
    0x08000578   0x08000578   0x00000008   Code   RO         6142    .text               c_w.l(rt_new_handler_addr_intlibspace.o)
    0x08000580   0x08000580   0x00000008   Code   RO         6147    .text               c_w.l(rt_errno_addr_intlibspace.o)
    0x08000588   0x08000588   0x00000004   Code   RO         6149    .text               c_w.l(hguard.o)
    0x0800058c   0x0800058c   0x0000008a   Code   RO         6151    .text               c_w.l(init_alloc.o)
    0x08000616   0x08000616   0x0000005e   Code   RO         6157    .text               c_w.l(h1_alloc.o)
    0x08000674   0x08000674   0x00000004   Code   RO         6176    .text               cpprt_w.l(arm_newhandler_noexceptions.o)
    0x08000678   0x08000678   0x0000001a   Code   RO         6196    .text               cpprt_w.l(arm_exceptions_terminate.o)
    0x08000692   0x08000692   0x00000002   PAD
    0x08000694   0x08000694   0x00000050   Code   RO         6199    .text               cpprt_w.l(arm_exceptions_globs.o)
    0x080006e4   0x080006e4   0x00000008   Code   RO         6209    .text               c_w.l(libspace.o)
    0x080006ec   0x080006ec   0x0000004a   Code   RO         6212    .text               c_w.l(sys_stackheap_outer.o)
    0x08000736   0x08000736   0x00000002   PAD
    0x08000738   0x08000738   0x00000008   Code   RO         6219    .text               c_w.l(rt_eh_globals_addr_intlibspace.o)
    0x08000740   0x08000740   0x0000000e   Code   RO         6223    .text               c_w.l(h1_init.o)
    0x0800074e   0x0800074e   0x00000034   Code   RO         6225    .text               c_w.l(h1_extend.o)
    0x08000782   0x08000782   0x00000012   Code   RO         6231    .text               c_w.l(exit.o)
    0x08000794   0x08000794   0x00000016   Code   RO         6233    .text               c_w.l(abort.o)
    0x080007aa   0x080007aa   0x0000000e   Code   RO         6235    .text               c_w.l(defsig_rtmem_outer.o)
    0x080007b8   0x080007b8   0x0000003c   Code   RO         6257    .text               cpprt_w.l(arm_exceptions_mem.o)
    0x080007f4   0x080007f4   0x0000000c   Code   RO         6271    .text               c_w.l(sys_exit.o)
    0x08000800   0x08000800   0x0000000a   Code   RO         6283    .text               c_w.l(defsig_exit.o)
    0x0800080a   0x0800080a   0x0000000e   Code   RO         6285    .text               c_w.l(defsig_abrt_outer.o)
    0x08000818   0x08000818   0x00000050   Code   RO         6293    .text               c_w.l(defsig_rtmem_inner.o)
    0x08000868   0x08000868   0x00000002   Code   RO         6297    .text               c_w.l(use_no_semi.o)
    0x0800086a   0x0800086a   0x00000000   Code   RO         6299    .text               c_w.l(indicate_semi.o)
    0x0800086a   0x0800086a   0x00000032   Code   RO         6313    .text               c_w.l(defsig_general.o)
    0x0800089c   0x0800089c   0x00000030   Code   RO         6315    .text               c_w.l(defsig_abrt_inner.o)
    0x080008cc   0x080008cc   0x0000000e   Code   RO         6337    .text               c_w.l(sys_wrch.o)
    0x080008da   0x080008da   0x00000002   PAD
    0x080008dc   0x080008dc   0x00000070   Code   RO         2934    i.ADC_Cmd           stm32f4xx_adc.o
    0x0800094c   0x0800094c   0x0000013c   Code   RO         2935    i.ADC_CommonInit    stm32f4xx_adc.o
    0x08000a88   0x08000a88   0x00000070   Code   RO         2938    i.ADC_DMACmd        stm32f4xx_adc.o
    0x08000af8   0x08000af8   0x00000070   Code   RO         2939    i.ADC_DMARequestAfterLastTransferCmd  stm32f4xx_adc.o
    0x08000b68   0x08000b68   0x00000070   Code   RO         2943    i.ADC_EOCOnEachRegularChannelCmd  stm32f4xx_adc.o
    0x08000bd8   0x08000bd8   0x00000190   Code   RO         2954    i.ADC_Init          stm32f4xx_adc.o
    0x08000d68   0x08000d68   0x00000168   Code   RO         2959    i.ADC_RegularChannelConfig  stm32f4xx_adc.o
    0x08000ed0   0x08000ed0   0x00000054   Code   RO         2961    i.ADC_SoftwareStartConv  stm32f4xx_adc.o
    0x08000f24   0x08000f24   0x000000f4   Code   RO         4954    i.DMA_Cmd           stm32f4xx_dma.o
    0x08001018   0x08001018   0x000001e8   Code   RO         4955    i.DMA_DeInit        stm32f4xx_dma.o
    0x08001200   0x08001200   0x00000294   Code   RO         4966    i.DMA_Init          stm32f4xx_dma.o
    0x08001494   0x08001494   0x00000028   Code   RO         5125    i.FLASH_Unlock      stm32f4xx_flash.o
    0x080014bc   0x080014bc   0x0000018c   Code   RO         3358    i.GPIO_Init         stm32f4xx_gpio.o
    0x08001648   0x08001648   0x00000154   Code   RO         3359    i.GPIO_PinAFConfig  stm32f4xx_gpio.o
    0x0800179c   0x0800179c   0x000000ac   Code   RO         3365    i.GPIO_ResetBits    stm32f4xx_gpio.o
    0x08001848   0x08001848   0x000000ac   Code   RO         3366    i.GPIO_SetBits      stm32f4xx_gpio.o
    0x080018f4   0x080018f4   0x000000b4   Code   RO         2798    i.NVIC_Init         misc.o
    0x080019a8   0x080019a8   0x00000050   Code   RO         2799    i.NVIC_PriorityGroupConfig  misc.o
    0x080019f8   0x080019f8   0x00000064   Code   RO         3693    i.RCC_AHB1PeriphClockCmd  stm32f4xx_rcc.o
    0x08001a5c   0x08001a5c   0x00000060   Code   RO         3702    i.RCC_APB1PeriphClockCmd  stm32f4xx_rcc.o
    0x08001abc   0x08001abc   0x00000064   Code   RO         3705    i.RCC_APB2PeriphClockCmd  stm32f4xx_rcc.o
    0x08001b20   0x08001b20   0x000000a0   Code   RO         3714    i.RCC_GetClocksFreq  stm32f4xx_rcc.o
    0x08001bc0   0x08001bc0   0x00000024   Code   RO         2573    i.SPI3_IRQHandler   spi3_dot.o
    0x08001be4   0x08001be4   0x00000010   Code   RO         1377    i.SysTick_Handler   time_service.o
    0x08001bf4   0x08001bf4   0x00000120   Code   RO         1016    i.SystemInit        system_stm32f4xx.o
    0x08001d14   0x08001d14   0x000000f4   Code   RO         4207    i.TIM_BDTRConfig    stm32f4xx_tim.o
    0x08001e08   0x08001e08   0x000000dc   Code   RO         4218    i.TIM_Cmd           stm32f4xx_tim.o
    0x08001ee4   0x08001ee4   0x00000070   Code   RO         4220    i.TIM_CtrlPWMOutputs  stm32f4xx_tim.o
    0x08001f54   0x08001f54   0x000001a8   Code   RO         4247    i.TIM_OC1Init       stm32f4xx_tim.o
    0x080020fc   0x080020fc   0x000001a0   Code   RO         4252    i.TIM_OC2Init       stm32f4xx_tim.o
    0x0800229c   0x0800229c   0x00000188   Code   RO         4257    i.TIM_OC3Init       stm32f4xx_tim.o
    0x08002424   0x08002424   0x0000012c   Code   RO         4262    i.TIM_OC4Init       stm32f4xx_tim.o
    0x08002550   0x08002550   0x000000a8   Code   RO         4280    i.TIM_SetCompare1   stm32f4xx_tim.o
    0x080025f8   0x080025f8   0x00000080   Code   RO         4281    i.TIM_SetCompare2   stm32f4xx_tim.o
    0x08002678   0x08002678   0x0000006c   Code   RO         4282    i.TIM_SetCompare3   stm32f4xx_tim.o
    0x080026e4   0x080026e4   0x0000006c   Code   RO         4283    i.TIM_SetCompare4   stm32f4xx_tim.o
    0x08002750   0x08002750   0x00000150   Code   RO         4290    i.TIM_TimeBaseInit  stm32f4xx_tim.o
    0x080028a0   0x080028a0   0x00000088   Code   RO         1643    i.USART1_IRQHandler  usartik1.o
    0x08002928   0x08002928   0x000000c8   Code   RO         1466    i.USART2_IRQHandler  uart2.o
    0x080029f0   0x080029f0   0x000000c8   Code   RO         1527    i.USART3_IRQHandler  usart3.o
    0x08002ab8   0x08002ab8   0x000000c8   Code   RO         1588    i.USART6_IRQHandler  usart6.o
    0x08002b80   0x08002b80   0x000000f8   Code   RO         4758    i.USART_ClearITPendingBit  stm32f4xx_usart.o
    0x08002c78   0x08002c78   0x000000b8   Code   RO         4761    i.USART_Cmd         stm32f4xx_usart.o
    0x08002d30   0x08002d30   0x00000154   Code   RO         4765    i.USART_GetITStatus  stm32f4xx_usart.o
    0x08002e84   0x08002e84   0x0000014c   Code   RO         4767    i.USART_ITConfig    stm32f4xx_usart.o
    0x08002fd0   0x08002fd0   0x00000200   Code   RO         4768    i.USART_Init        stm32f4xx_usart.o
    0x080031d0   0x080031d0   0x0000009c   Code   RO         4775    i.USART_ReceiveData  stm32f4xx_usart.o
    0x0800326c   0x0800326c   0x000000ac   Code   RO         4778    i.USART_SendData    stm32f4xx_usart.o
    0x08003318   0x08003318   0x00000024   Code   RO         1198    i._Z10constrainffff  tools.o
    0x0800333c   0x0800333c   0x000000fc   Code   RO            4    i._Z10drawStringR7SSD1306PKcjj  main.o
    0x08003438   0x08003438   0x000000d0   Code   RO            8    i._Z12new_velocityi  main.o
    0x08003508   0x08003508   0x0000003a   Code   RO           13    i._Z15get_y_from_line4linef  main.o
    0x08003542   0x08003542   0x00000006   PAD
    0x08003548   0x08003548   0x000000f8   Code   RO           16    i._Z18get_angle_to_point5pointS_  main.o
    0x08003640   0x08003640   0x000000c0   Code   RO           17    i._Z18get_angle_to_pointssss  main.o
    0x08003700   0x08003700   0x000000e6   Code   RO           18    i._Z20get_line_from_points5pointS_  main.o
    0x080037e6   0x080037e6   0x00000002   PAD
    0x080037e8   0x080037e8   0x000000b8   Code   RO           19    i._Z21find_lines_crosspoint4lineS_  main.o
    0x080038a0   0x080038a0   0x000000d0   Code   RO           21    i._Z21new_defender_velocityi  main.o
    0x08003970   0x08003970   0x0000002c   Code   RO         1201    i._Z22lead_to_degree_bordersi  tools.o
    0x0800399c   0x0800399c   0x0000001a   Code   RO           29    i._Z6my_absi        main.o
    0x080039b6   0x080039b6   0x00000002   PAD
    0x080039b8   0x080039b8   0x00000108   Code   RO         2646    i._Z8initSPI1bht    spi1_dot.o
    0x08003ac0   0x08003ac0   0x00000108   Code   RO         2578    i._Z8initSPI3bht    spi3_dot.o
    0x08003bc8   0x08003bc8   0x0000001c   Code   RO         2647    i._Z8writeSPIt      spi1_dot.o
    0x08003be4   0x08003be4   0x00000012   Code   RO         1204    i._Z9constrainiii   tools.o
    0x08003bf6   0x08003bf6   0x00000002   PAD
    0x08003bf8   0x08003bf8   0x0000001c   Code   RO         2579    i._Z9writeSPI3t     spi3_dot.o
    0x08003c14   0x08003c14   0x00000004   PAD
    0x08003c18   0x08003c18   0x00000298   Code   RO         2314    i._ZN11mpu9250_spi12updateAnglesEdb  mpu9250_spi.o
    0x08003eb0   0x08003eb0   0x00000080   Code   RO         2318    i._ZN11mpu9250_spi20updateAnglesFromFIFOEv  mpu9250_spi.o
    0x08003f30   0x08003f30   0x000008bc   Code   RO         2319    i._ZN11mpu9250_spi21MadgwickAHRSupdateIMUEd  mpu9250_spi.o
    0x080047ec   0x080047ec   0x00000004   PAD
    0x080047f0   0x080047f0   0x00000204   Code   RO         2327    i._ZN11mpu9250_spi7initIMUEv  mpu9250_spi.o
    0x080049f4   0x080049f4   0x000000c4   Code   RO         2329    i._ZN11mpu9250_spi7readAccEv  mpu9250_spi.o
    0x08004ab8   0x08004ab8   0x00000048   Code   RO         2330    i._ZN11mpu9250_spi7readRegEiPii  mpu9250_spi.o
    0x08004b00   0x08004b00   0x000000c4   Code   RO         2332    i._ZN11mpu9250_spi8readGyroEv  mpu9250_spi.o
    0x08004bc4   0x08004bc4   0x00000026   Code   RO         2334    i._ZN11mpu9250_spi8writeRegEih  mpu9250_spi.o
    0x08004bea   0x08004bea   0x00000012   Code   RO         2336    i._ZN11mpu9250_spiC1ER3pin  mpu9250_spi.o
    0x08004bfc   0x08004bfc   0x0000000c   Code   RO         1378    i._ZN12time_service10getCurTimeEv  time_service.o
    0x08004c08   0x08004c08   0x00000038   Code   RO         1382    i._ZN12time_service4initEv  time_service.o
    0x08004c40   0x08004c40   0x00000014   Code   RO         1384    i._ZN12time_service8delay_msEj  time_service.o
    0x08004c54   0x08004c54   0x0000000e   Code   RO         1386    i._ZN12time_service9startTimeEv  time_service.o
    0x08004c62   0x08004c62   0x00000026   Code   RO         1855    i._ZN3Adc10adcDmaInitEv  adc.o
    0x08004c88   0x08004c88   0x0000002a   Code   RO         1856    i._ZN3Adc10setChannelEv  adc.o
    0x08004cb2   0x08004cb2   0x00000016   Code   RO         1857    i._ZN3Adc13sendMeChannelEh  adc.o
    0x08004cc8   0x08004cc8   0x00000004   Code   RO         1858    i._ZN3Adc6getAdcEv  adc.o
    0x08004ccc   0x08004ccc   0x00000052   Code   RO         1859    i._ZN3Adc7adcInitEh  adc.o
    0x08004d1e   0x08004d1e   0x00000036   Code   RO         1860    i._ZN3Adc8startAdcEv  adc.o
    0x08004d54   0x08004d54   0x00000032   Code   RO         1861    i._ZN3AdcC1EP11ADC_TypeDefhhjR3pinh  adc.o
    0x08004d86   0x08004d86   0x0000001e   Code   RO         1919    i._ZN3Dma12adcInitInDmaEh  dma.o
    0x08004da4   0x08004da4   0x00000068   Code   RO         1920    i._ZN3Dma7dmaInitEP18DMA_Stream_TypeDefjj  dma.o
    0x08004e0c   0x08004e0c   0x00000016   Code   RO         1921    i._ZN3DmaC1EjR3Adc  dma.o
    0x08004e22   0x08004e22   0x00000006   PAD
    0x08004e28   0x08004e28   0x000000c8   Code   RO           37    i._ZN3IMU4initEv    main.o
    0x08004ef0   0x08004ef0   0x0000002c   Code   RO         1280    i._ZN3pin3pwmEj     pin_setup.o
    0x08004f1c   0x08004f1c   0x00000012   Code   RO         1283    i._ZN3pin5writeEb   pin_setup.o
    0x08004f2e   0x08004f2e   0x0000000a   Code   RO         1284    i._ZN3pin6setBitEv  pin_setup.o
    0x08004f38   0x08004f38   0x000000de   Code   RO         1285    i._ZN3pin7pinInitEv  pin_setup.o
    0x08005016   0x08005016   0x00000002   PAD
    0x08005018   0x08005018   0x000001b0   Code   RO         1286    i._ZN3pin7pwmInitEjtjjhP11TIM_TypeDefb  pin_setup.o
    0x080051c8   0x080051c8   0x0000000a   Code   RO         1288    i._ZN3pin8resetBitEv  pin_setup.o
    0x080051d2   0x080051d2   0x00000002   PAD
    0x080051d4   0x080051d4   0x0000033c   Code   RO         1290    i._ZN3pinC1Echt     pin_setup.o
    0x08005510   0x08005510   0x00000084   Code   RO         2083    i._ZN4BLDC12send_commandEcic  motors.o
    0x08005594   0x08005594   0x00000004   PAD
    0x08005598   0x08005598   0x00000158   Code   RO         2077    i._ZN4BLDC17set_speed_percentEf  motors.o
    0x080056f0   0x080056f0   0x00000072   Code   RO         2728    i._ZN4TSSPC1EtR3pinS1_S1_S1_S1_S1_h  tssp.o
    0x08005762   0x08005762   0x00000002   PAD
    0x08005764   0x08005764   0x00000088   Code   RO          683    i._ZN5Queue3popEv   main.o
    0x080057ec   0x080057ec   0x00000170   Code   RO           49    i._ZN5Robot10init_robotEh  main.o
    0x0800595c   0x0800595c   0x00000058   Code   RO           52    i._ZN5Robot11control_ledEhb  main.o
    0x080059b4   0x080059b4   0x00000004   PAD
    0x080059b8   0x080059b8   0x000002e0   Code   RO           55    i._ZN5Robot11moveToPointE5pointssss  main.o
    0x08005c98   0x08005c98   0x00000028   Code   RO           59    i._ZN5Robot12check_buttonEh  main.o
    0x08005cc0   0x08005cc0   0x00000044   Code   RO           64    i._ZN5Robot12moveRobotAbsEsf  main.o
    0x08005d04   0x08005d04   0x0000008c   Code   RO           66    i._ZN5Robot13check_buttonsEv  main.o
    0x08005d90   0x08005d90   0x00000078   Code   RO           77    i._ZN5Robot17add_stop_to_routeEiiih  main.o
    0x08005e08   0x08005e08   0x00000074   Code   RO           78    i._ZN5Robot17change_game_stateEv  main.o
    0x08005e7c   0x08005e7c   0x00000050   Code   RO           79    i._ZN5Robot17enable_trajectoryEb  main.o
    0x08005ecc   0x08005ecc   0x00000024   Code   RO           81    i._ZN5Robot17set_dribler_speedEtb  main.o
    0x08005ef0   0x08005ef0   0x0000007c   Code   RO           85    i._ZN5Robot19avoid_out_of_boundsEh  main.o
    0x08005f6c   0x08005f6c   0x000000a0   Code   RO           88    i._ZN5Robot21get_trajectory_lengthEv  main.o
    0x0800600c   0x0800600c   0x00000108   Code   RO           94    i._ZN5Robot4waitEjbsfs  main.o
    0x08006114   0x08006114   0x00000004   PAD
    0x08006118   0x08006118   0x00000828   Code   RO           95    i._ZN5Robot6updateEv  main.o
    0x08006940   0x08006940   0x00000114   Code   RO           97    i._ZN5Robot8keck_newEhhj  main.o
    0x08006a54   0x08006a54   0x00000038   Code   RO           98    i._ZN5Robot8setAngleEsfffff  main.o
    0x08006a8c   0x08006a8c   0x000004b8   Code   RO           99    i._ZN5Robot9draw_menuEv  main.o
    0x08006f44   0x08006f44   0x00000038   Code   RO          100    i._ZN5Robot9moveRobotEsf  main.o
    0x08006f7c   0x08006f7c   0x00000022   Code   RO          701    i._ZN5pointC1Eii    main.o
    0x08006f9e   0x08006f9e   0x00000006   Code   RO         2116    i._ZN6camera10get_dSSoftEv  openmv.o
    0x08006fa4   0x08006fa4   0x00000008   Code   RO         2117    i._ZN6camera11get_old_b_xEv  openmv.o
    0x08006fac   0x08006fac   0x00000006   Code   RO         2118    i._ZN6camera11get_old_b_yEv  openmv.o
    0x08006fb2   0x08006fb2   0x00000006   PAD
    0x08006fb8   0x08006fb8   0x00000580   Code   RO         2119    i._ZN6camera13calculate_posEsb  openmv.o
    0x08007538   0x08007538   0x00000008   Code   RO         2120    i._ZN6camera14get_ball_abs_xEv  openmv.o
    0x08007540   0x08007540   0x00000008   Code   RO         2121    i._ZN6camera14get_ball_abs_yEv  openmv.o
    0x08007548   0x08007548   0x00000022   Code   RO         2122    i._ZN6camera14get_ball_angleEv  openmv.o
    0x0800756a   0x0800756a   0x00000008   Code   RO         2123    i._ZN6camera14get_ball_loc_xEv  openmv.o
    0x08007572   0x08007572   0x00000008   Code   RO         2124    i._ZN6camera14get_ball_loc_yEv  openmv.o
    0x0800757a   0x0800757a   0x0000001a   Code   RO         2126    i._ZN6camera15check_ball_seenEj  openmv.o
    0x08007594   0x08007594   0x00000008   Code   RO         2127    i._ZN6camera17get_ball_distanceEv  openmv.o
    0x0800759c   0x0800759c   0x00000022   Code   RO         2128    i._ZN6camera17get_forward_angleEv  openmv.o
    0x080075be   0x080075be   0x00000022   Code   RO         2129    i._ZN6camera18get_abs_ball_angleEv  openmv.o
    0x080075e0   0x080075e0   0x000000c0   Code   RO         2130    i._ZN6camera18get_angle_to_pointEssss  openmv.o
    0x080076a0   0x080076a0   0x00000022   Code   RO         2131    i._ZN6camera18get_backward_angleEv  openmv.o
    0x080076c2   0x080076c2   0x00000006   Code   RO         2132    i._ZN6camera18get_ball_seen_timeEv  openmv.o
    0x080076c8   0x080076c8   0x00000008   Code   RO         2133    i._ZN6camera20get_forward_distanceEv  openmv.o
    0x080076d0   0x080076d0   0x00000008   Code   RO         2134    i._ZN6camera21get_backward_distanceEv  openmv.o
    0x080076d8   0x080076d8   0x00000008   Code   RO         2137    i._ZN6camera5get_xEv  openmv.o
    0x080076e0   0x080076e0   0x00000008   Code   RO         2138    i._ZN6camera5get_yEv  openmv.o
    0x080076e8   0x080076e8   0x00000006   Code   RO         2139    i._ZN6camera6get_dSEv  openmv.o
    0x080076ee   0x080076ee   0x00000132   Code   RO         2140    i._ZN6camera7getDataEv  openmv.o
    0x08007820   0x08007820   0x00000008   Code   RO         2141    i._ZN6camera7get_dbxEv  openmv.o
    0x08007828   0x08007828   0x00000006   Code   RO         2142    i._ZN6camera7get_dbyEv  openmv.o
    0x0800782e   0x0800782e   0x00000002   PAD
    0x08007830   0x08007830   0x000000d0   Code   RO         2143    i._ZN6cameraC1EbR3pinS1_  openmv.o
    0x08007900   0x08007900   0x00000220   Code   RO         2011    i._ZN6motors12_move_vectorEv  motors.o
    0x08007b20   0x08007b20   0x00000006   Code   RO         2012    i._ZN6motors12change_robotEh  motors.o
    0x08007b26   0x08007b26   0x00000028   Code   RO         2013    i._ZN6motors12enableMotorsEv  motors.o
    0x08007b4e   0x08007b4e   0x00000006   Code   RO         2015    i._ZN6motors17change_smoothnessEf  motors.o
    0x08007b54   0x08007b54   0x00000022   Code   RO         2016    i._ZN6motors9calibrateEv  motors.o
    0x08007b76   0x08007b76   0x00000052   Code   RO         2017    i._ZN6motors9moveMotorEi  motors.o
    0x08007bc8   0x08007bc8   0x000003e8   Code   RO         2018    i._ZN6motors9moveRobotEddddjj  motors.o
    0x08007fb0   0x08007fb0   0x00000050   Code   RO         2019    i._ZN6motorsC1ER4BLDCS1_S1_S1_f  motors.o
    0x08008000   0x08008000   0x000000e0   Code   RO         1467    i._ZN6usart210usart2InitEjhf  uart2.o
    0x080080e0   0x080080e0   0x00000034   Code   RO         1468    i._ZN6usart24readEv  uart2.o
    0x08008114   0x08008114   0x00000024   Code   RO         1470    i._ZN6usart29availableEv  uart2.o
    0x08008138   0x08008138   0x0000000c   Code   RO         1528    i._ZN6usart310reset_uartEv  usart3.o
    0x08008144   0x08008144   0x000000e0   Code   RO         1529    i._ZN6usart310usart3InitEjhf  usart3.o
    0x08008224   0x08008224   0x00000054   Code   RO         1531    i._ZN6usart35writeEh  usart3.o
    0x08008278   0x08008278   0x000000e0   Code   RO         1589    i._ZN6usart610usart6InitEjhf  usart6.o
    0x08008358   0x08008358   0x00000034   Code   RO         1590    i._ZN6usart64readEv  usart6.o
    0x0800838c   0x0800838c   0x00000024   Code   RO         1592    i._ZN6usart69availableEv  usart6.o
    0x080083b0   0x080083b0   0x00000036   Code   RO         5384    i._ZN7SSD130615ssd1306_commandEh  ssd1306.o
    0x080083e6   0x080083e6   0x0000013a   Code   RO         5391    i._ZN7SSD13065beginEhb  ssd1306.o
    0x08008520   0x08008520   0x00000010   Code   RO         5392    i._ZN7SSD13065clearEv  ssd1306.o
    0x08008530   0x08008530   0x00000070   Code   RO         5395    i._ZN7SSD13067displayEv  ssd1306.o
    0x080085a0   0x080085a0   0x0000021c   Code   RO         5396    i._ZN7SSD13068drawLineEssss  ssd1306.o
    0x080087bc   0x080087bc   0x000000b4   Code   RO         5398    i._ZN7SSD13069drawPixelEsst  ssd1306.o
    0x08008870   0x08008870   0x00000034   Code   RO         5399    i._ZN7SSD1306C1EjR3pinS1_S1_ttt  ssd1306.o
    0x080088a4   0x080088a4   0x00000008   Code   RO         5570    i._ZdlPv            cpprt_w.l(delete.o)
    0x080088ac   0x080088ac   0x00000008   Code   RO         5566    i._Znaj             cpprt_w.l(array_new.o)
    0x080088b4   0x080088b4   0x00000028   Code   RO         5991    i._Znwj             cpprt_w.l(new.o)
    0x080088dc   0x080088dc   0x00000030   Code   RO         6072    i.__ARM_fpclassify  m_wm.l(fpclassify.o)
    0x0800890c   0x0800890c   0x00000026   Code   RO         6074    i.__ARM_fpclassifyf  m_wm.l(fpclassifyf.o)
    0x08008932   0x08008932   0x00000006   PAD
    0x08008938   0x08008938   0x00000360   Code   RO         5727    i.__hardfp_asin     m_wm.l(asin.o)
    0x08008c98   0x08008c98   0x000002d8   Code   RO         6041    i.__hardfp_atan     m_wm.l(atan.o)
    0x08008f70   0x08008f70   0x00000200   Code   RO         5741    i.__hardfp_atan2    m_wm.l(atan2.o)
    0x08009170   0x08009170   0x00000118   Code   RO         5753    i.__hardfp_ceil     m_wm.l(ceil.o)
    0x08009288   0x08009288   0x000000c8   Code   RO         5759    i.__hardfp_cos      m_wm.l(cos.o)
    0x08009350   0x08009350   0x00000150   Code   RO         5771    i.__hardfp_cosf     m_wm.l(cosf.o)
    0x080094a0   0x080094a0   0x00000014   Code   RO         5783    i.__hardfp_fabs     m_wm.l(fabs.o)
    0x080094b4   0x080094b4   0x00000004   PAD
    0x080094b8   0x080094b8   0x00000c50   Code   RO         5795    i.__hardfp_pow      m_wm.l(pow.o)
    0x0800a108   0x0800a108   0x00000664   Code   RO         5809    i.__hardfp_powf     m_wm.l(powf.o)
    0x0800a76c   0x0800a76c   0x00000004   PAD
    0x0800a770   0x0800a770   0x000000c8   Code   RO         5823    i.__hardfp_sin      m_wm.l(sin.o)
    0x0800a838   0x0800a838   0x00000190   Code   RO         5835    i.__hardfp_sinf     m_wm.l(sinf.o)
    0x0800a9c8   0x0800a9c8   0x0000007a   Code   RO         5847    i.__hardfp_sqrt     m_wm.l(sqrt.o)
    0x0800aa42   0x0800aa42   0x0000003a   Code   RO         5859    i.__hardfp_sqrtf    m_wm.l(sqrtf.o)
    0x0800aa7c   0x0800aa7c   0x00000004   PAD
    0x0800aa80   0x0800aa80   0x00000080   Code   RO         5871    i.__hardfp_tan      m_wm.l(tan.o)
    0x0800ab00   0x0800ab00   0x00000438   Code   RO         6093    i.__ieee754_rem_pio2  m_wm.l(rred.o)
    0x0800af38   0x0800af38   0x00000170   Code   RO         6055    i.__kernel_cos      m_wm.l(cos_i.o)
    0x0800b0a8   0x0800b0a8   0x000000f8   Code   RO         6090    i.__kernel_poly     m_wm.l(poly.o)
    0x0800b1a0   0x0800b1a0   0x00000130   Code   RO         6101    i.__kernel_sin      m_wm.l(sin_i.o)
    0x0800b2d0   0x0800b2d0   0x00000350   Code   RO         6107    i.__kernel_tan      m_wm.l(tan_i.o)
    0x0800b620   0x0800b620   0x00000030   Code   RO         6058    i.__mathlib_dbl_divzero  m_wm.l(dunder.o)
    0x0800b650   0x0800b650   0x00000014   Code   RO         6059    i.__mathlib_dbl_infnan  m_wm.l(dunder.o)
    0x0800b664   0x0800b664   0x00000014   Code   RO         6060    i.__mathlib_dbl_infnan2  m_wm.l(dunder.o)
    0x0800b678   0x0800b678   0x00000020   Code   RO         6061    i.__mathlib_dbl_invalid  m_wm.l(dunder.o)
    0x0800b698   0x0800b698   0x00000020   Code   RO         6062    i.__mathlib_dbl_overflow  m_wm.l(dunder.o)
    0x0800b6b8   0x0800b6b8   0x00000020   Code   RO         6064    i.__mathlib_dbl_underflow  m_wm.l(dunder.o)
    0x0800b6d8   0x0800b6d8   0x00000014   Code   RO         6076    i.__mathlib_flt_divzero  m_wm.l(funder.o)
    0x0800b6ec   0x0800b6ec   0x00000006   Code   RO         6077    i.__mathlib_flt_infnan  m_wm.l(funder.o)
    0x0800b6f2   0x0800b6f2   0x00000006   Code   RO         6078    i.__mathlib_flt_infnan2  m_wm.l(funder.o)
    0x0800b6f8   0x0800b6f8   0x00000010   Code   RO         6079    i.__mathlib_flt_invalid  m_wm.l(funder.o)
    0x0800b708   0x0800b708   0x00000010   Code   RO         6080    i.__mathlib_flt_overflow  m_wm.l(funder.o)
    0x0800b718   0x0800b718   0x00000010   Code   RO         6082    i.__mathlib_flt_underflow  m_wm.l(funder.o)
    0x0800b728   0x0800b728   0x00000154   Code   RO         6098    i.__mathlib_rredf2  m_wm.l(rredf.o)
    0x0800b87c   0x0800b87c   0x000005a8   Code   RO          102    i.__sti___8_main_cpp_e4150d42  main.o
    0x0800be24   0x0800be24   0x00000006   Code   RO         1155    i.assert_failed     retarget.o
    0x0800be2a   0x0800be2a   0x00000010   Code   RO         6043    i.atan              m_wm.l(atan.o)
    0x0800be3a   0x0800be3a   0x00000018   Code   RO         5785    i.fabs              m_wm.l(fabs.o)
    0x0800be52   0x0800be52   0x00000006   PAD
    0x0800be58   0x0800be58   0x00001648   Code   RO          103    i.main              main.o
    0x0800d4a0   0x0800d4a0   0x0000006e   Code   RO         5849    i.sqrt              m_wm.l(sqrt.o)
    0x0800d50e   0x0800d50e   0x00000220   Code   RO          695    t._Z7toPrintIfEPcT_s  main.o
    0x0800d72e   0x0800d72e   0x00000128   Code   RO          676    t._Z8printTmlIiEvR7SSD1306T_iii  main.o
    0x0800d856   0x0800d856   0x00000002   PAD
    0x0800d858   0x0800d858   0x00000030   Code   RO          689    t._ZN5Robot12display_dataIiEEvPKcjT_jjj  main.o
    0x0800d888   0x0800d888   0x00000018   Code   RO         5679    x$fpl$basic         fz_wm.l(basic.o)
    0x0800d8a0   0x0800d8a0   0x00000062   Code   RO         5681    x$fpl$d2f           fz_wm.l(d2f.o)
    0x0800d902   0x0800d902   0x00000002   PAD
    0x0800d904   0x0800d904   0x00000150   Code   RO         5683    x$fpl$dadd          fz_wm.l(daddsub_clz.o)
    0x0800da54   0x0800da54   0x00000010   Code   RO         6205    x$fpl$dcheck1       fz_wm.l(dcheck1.o)
    0x0800da64   0x0800da64   0x00000018   Code   RO         6024    x$fpl$dcmpinf       fz_wm.l(dcmpi.o)
    0x0800da7c   0x0800da7c   0x000002b0   Code   RO         5690    x$fpl$ddiv          fz_wm.l(ddiv.o)
    0x0800dd2c   0x0800dd2c   0x00000078   Code   RO         5693    x$fpl$deqf          fz_wm.l(deqf.o)
    0x0800dda4   0x0800dda4   0x0000005e   Code   RO         5695    x$fpl$dfix          fz_wm.l(dfix.o)
    0x0800de02   0x0800de02   0x00000002   PAD
    0x0800de04   0x0800de04   0x0000005a   Code   RO         5699    x$fpl$dfixu         fz_wm.l(dfixu.o)
    0x0800de5e   0x0800de5e   0x0000002e   Code   RO         5704    x$fpl$dflt          fz_wm.l(dflt_clz.o)
    0x0800de8c   0x0800de8c   0x000000a2   Code   RO         5709    x$fpl$dfltll        fz_wm.l(dfltll_clz.o)
    0x0800df2e   0x0800df2e   0x00000026   Code   RO         5703    x$fpl$dfltu         fz_wm.l(dflt_clz.o)
    0x0800df54   0x0800df54   0x00000078   Code   RO         5713    x$fpl$dleqf         fz_wm.l(dleqf.o)
    0x0800dfcc   0x0800dfcc   0x00000154   Code   RO         5715    x$fpl$dmul          fz_wm.l(dmul.o)
    0x0800e120   0x0800e120   0x0000009c   Code   RO         6026    x$fpl$dnaninf       fz_wm.l(dnaninf.o)
    0x0800e1bc   0x0800e1bc   0x0000000c   Code   RO         6028    x$fpl$dretinf       fz_wm.l(dretinf.o)
    0x0800e1c8   0x0800e1c8   0x0000006c   Code   RO         5717    x$fpl$drleqf        fz_wm.l(drleqf.o)
    0x0800e234   0x0800e234   0x00000016   Code   RO         5684    x$fpl$drsb          fz_wm.l(daddsub_clz.o)
    0x0800e24a   0x0800e24a   0x00000002   PAD
    0x0800e24c   0x0800e24c   0x00000198   Code   RO         6030    x$fpl$dsqrt         fz_wm.l(dsqrt_umaal.o)
    0x0800e3e4   0x0800e3e4   0x000001d4   Code   RO         5685    x$fpl$dsub          fz_wm.l(daddsub_clz.o)
    0x0800e5b8   0x0800e5b8   0x00000056   Code   RO         5719    x$fpl$f2d           fz_wm.l(f2d.o)
    0x0800e60e   0x0800e60e   0x00000060   Code   RO         5725    x$fpl$ffltll        fz_wm.l(ffltll_clz.o)
    0x0800e66e   0x0800e66e   0x0000008c   Code   RO         6032    x$fpl$fnaninf       fz_wm.l(fnaninf.o)
    0x0800e6fa   0x0800e6fa   0x0000000a   Code   RO         6207    x$fpl$fpinit        fz_wm.l(fpinit.o)
    0x0800e704   0x0800e704   0x0000000a   Code   RO         6034    x$fpl$fretinf       fz_wm.l(fretinf.o)
    0x0800e70e   0x0800e70e   0x00000002   PAD
    0x0800e710   0x0800e710   0x00000086   Code   RO         5721    x$fpl$llsfromf      fz_wm.l(ffixll.o)
    0x0800e796   0x0800e796   0x00000064   Code   RO         6267    x$fpl$retnan        fz_wm.l(retnan.o)
    0x0800e7fa   0x0800e7fa   0x0000005c   Code   RO         6038    x$fpl$scalbn        fz_wm.l(scalbn.o)
    0x0800e856   0x0800e856   0x00000030   Code   RO         6295    x$fpl$trapveneer    fz_wm.l(trapv.o)
    0x0800e886   0x0800e886   0x00000000   Code   RO         6040    x$fpl$usenofp       fz_wm.l(usenofp.o)
    0x0800e886   0x0800e886   0x00000002   PAD
    0x0800e888   0x0800e888   0x00000790   Data   RO          206    .constdata          main.o
    0x0800f018   0x0800f018   0x0000003d   Data   RO         1158    .constdata          retarget.o
    0x0800f055   0x0800f055   0x00000003   PAD
    0x0800f058   0x0800f058   0x00000050   Data   RO         5730    .constdata          m_wm.l(asin.o)
    0x0800f0a8   0x0800f0a8   0x00000088   Data   RO         5798    .constdata          m_wm.l(pow.o)
    0x0800f130   0x0800f130   0x00000140   Data   RO         5812    .constdata          m_wm.l(powf.o)
    0x0800f270   0x0800f270   0x00000098   Data   RO         6044    .constdata          m_wm.l(atan.o)
    0x0800f308   0x0800f308   0x00000030   Data   RO         6056    .constdata          m_wm.l(cos_i.o)
    0x0800f338   0x0800f338   0x00000008   Data   RO         6092    .constdata          m_wm.l(qnan.o)
    0x0800f340   0x0800f340   0x000000c8   Data   RO         6095    .constdata          m_wm.l(rred.o)
    0x0800f408   0x0800f408   0x00000020   Data   RO         6099    .constdata          m_wm.l(rredf.o)
    0x0800f428   0x0800f428   0x00000028   Data   RO         6102    .constdata          m_wm.l(sin_i.o)
    0x0800f450   0x0800f450   0x00000060   Data   RO         6108    .constdata          m_wm.l(tan_i.o)
    0x0800f4b0   0x0800f4b0   0x00000010   Data   RO         5511    .constdata__ZTV7SSD1306  ssd1306.o
    0x0800f4c0   0x0800f4c0   0x00000020   Data   RO         6356    Region$$Table       anon$$obj.o
    0x0800f4e0   0x0800f4e0   0x00000004   Data   RO          242    .init_array         main.o
    0x0800f4e4   0x0800f4e0   0x00000000   Data   RO         5561    .init_array         c_w.l(init_aeabi.o)


    Execution Region RW_IRAM1 (Exec base: 0x20000000, Load base: 0x0800f4e4, Size: 0x000092c0, Max: 0x00020000, ABSOLUTE, COMPRESSED[0x000002b0])

    Exec Addr    Load Addr    Size         Type   Attr      Idx    E Section Name        Object

    0x20000000   COMPRESSED   0x00000268   Data   RW          207    .data               main.o
    0x20000268   COMPRESSED   0x00000004   Data   RW         1019    .data               system_stm32f4xx.o
    0x2000026c   COMPRESSED   0x00000004   Data   RW         1397    .data               time_service.o
    0x20000270   COMPRESSED   0x00000010   Data   RW         1477    .data               uart2.o
    0x20000280   COMPRESSED   0x00000010   Data   RW         1540    .data               usart3.o
    0x20000290   COMPRESSED   0x00000010   Data   RW         1599    .data               usart6.o
    0x200002a0   COMPRESSED   0x0000000c   Data   RW         1656    .data               usartik1.o
    0x200002ac   COMPRESSED   0x00000008   Data   RW         2587    .data               spi3_dot.o
    0x200002b4   COMPRESSED   0x00000008   Data   RW         2650    .data               spi1_dot.o
    0x200002bc   COMPRESSED   0x00000010   Data   RW         3746    .data               stm32f4xx_rcc.o
    0x200002cc   COMPRESSED   0x00006000   Data   RW         5419    .data               ssd1306.o
    0x200062cc   COMPRESSED   0x00000004   PAD
    0x200062d0        -       0x00000f28   Zero   RW          204    .bss                main.o
    0x200071f8        -       0x0000003c   Zero   RW         1476    .bss                uart2.o
    0x20007234        -       0x000000c8   Zero   RW         1539    .bss                usart3.o
    0x200072fc        -       0x0000003c   Zero   RW         1598    .bss                usart6.o
    0x20007338        -       0x00000032   Zero   RW         1655    .bss                usartik1.o
    0x2000736a   COMPRESSED   0x00000002   PAD
    0x2000736c        -       0x00000060   Zero   RW         6210    .bss                c_w.l(libspace.o)
    0x200073cc   COMPRESSED   0x00000004   PAD
    0x200073d0        -       0x00000f00   Zero   RW         1006    HEAP                startup_stm32f407xx.o
    0x200082d0        -       0x00000ff0   Zero   RW         1005    STACK               startup_stm32f407xx.o


==============================================================================

Image component sizes


      Code (inc. data)   RO Data    RW Data    ZI Data      Debug   Object Name

       292          0          0          0          0       5060   adc.o
       156          0          0          0          0       2728   dma.o
     16040       1128       1940        616       3880     380030   main.o
       260         50          0          0          0      18903   misc.o
      2268        100          0          0          0      12340   motors.o
      4064        170          0          0          0      12177   mpu9250_spi.o
      2394         82          0          0          0      18084   openmv.o
      1564         48          0          0          0       7548   pin_setup.o
         6          0         61          0          0       1364   retarget.o
       292         18          0          8          0       2055   spi1_dot.o
       328         28          0          8          0       2740   spi3_dot.o
      1268         24         16      24576          0      11563   ssd1306.o
        64         26        392          0       7920        844   startup_stm32f407xx.o
      1608        302          0          0          0      20836   stm32f4xx_adc.o
      1392        318          0          0          0      16498   stm32f4xx_dma.o
        40         16          0          0          0        499   stm32f4xx_flash.o
      1080        132          0          0          0      10495   stm32f4xx_gpio.o
       456        138          0         16          0      20787   stm32f4xx_rcc.o
      2956        438          0          0          0      30332   stm32f4xx_tim.o
      1944        302          0          0          0      12417   stm32f4xx_usart.o
       288         26          0          4          0     242979   system_stm32f4xx.o
       118         28          0          4          0      32992   time_service.o
        98          0          0          0          0       3630   tools.o
       114          0          0          0          0       2996   tssp.o
       512         42          0         16         60       8448   uart2.o
       520         44          0         16        200       3584   usart3.o
       512         42          0         16         60       3760   usart6.o
       136         18          0         12         50       1380   usartik1.o

    ----------------------------------------------------------------------
     40824       3540       2444      25292      12176     887069   Object Totals
         0          0         32          0          0          0   (incl. Generated)
        54         20          3          0          6          0   (incl. Padding)

    ----------------------------------------------------------------------

      Code (inc. data)   RO Data    RW Data    ZI Data      Debug   Library Member Name

        90          0          0          0          0          0   __dczerorl2.o
         8          0          0          0          0         68   __main.o
         0          0          0          0          0          0   __rtentry.o
        12          0          0          0          0          0   __rtentry2.o
         6          0          0          0          0          0   __rtentry4.o
        52          8          0          0          0          0   __scatter.o
        28          0          0          0          0          0   __scatter_zi.o
        22          0          0          0          0        100   _rserrno.o
        22          0          0          0          0         80   abort.o
        48         34          0          0          0         76   defsig_abrt_inner.o
        14          0          0          0          0         80   defsig_abrt_outer.o
        10          0          0          0          0         68   defsig_exit.o
        50          0          0          0          0         88   defsig_general.o
        80         58          0          0          0         76   defsig_rtmem_inner.o
        14          0          0          0          0         80   defsig_rtmem_outer.o
        18          0          0          0          0         80   exit.o
        94          0          0          0          0         80   h1_alloc.o
        52          0          0          0          0         68   h1_extend.o
        78          0          0          0          0         80   h1_free.o
        14          0          0          0          0         84   h1_init.o
         6          0          0          0          0        152   heapauxi.o
         4          0          0          0          0        136   hguard.o
         0          0          0          0          0          0   indicate_semi.o
        36         10          0          0          0         80   init_aeabi.o
       138          0          0          0          0        168   init_alloc.o
         2          0          0          0          0          0   libinit.o
        18          0          0          0          0          0   libinit2.o
         2          0          0          0          0          0   libshutdown.o
         2          0          0          0          0          0   libshutdown2.o
         8          4          0          0         96         68   libspace.o
        72          0          0          0          0         76   llsdiv.o
       238          0          0          0          0        100   lludivv7m.o
         0          0          0          0          0          0   maybetermalloc1.o
         8          4          0          0          0         68   rt_eh_globals_addr_intlibspace.o
         8          4          0          0          0         68   rt_errno_addr_intlibspace.o
         8          4          0          0          0         68   rt_heap_descriptor_intlibspace.o
        68          0          0          0          0         68   rt_memclr.o
        78          0          0          0          0         80   rt_memclr_w.o
       100          0          0          0          0         80   rt_memcpy_w.o
         8          4          0          0          0         68   rt_new_handler_addr_intlibspace.o
         2          0          0          0          0          0   rtexit.o
        10          0          0          0          0          0   rtexit2.o
        12          4          0          0          0         68   sys_exit.o
        74          0          0          0          0         80   sys_stackheap_outer.o
        14          0          0          0          0         76   sys_wrch.o
         2          0          0          0          0         68   use_no_semi.o
        80         12          0          0          0        104   arm_exceptions_globs.o
        60          0          0          0          0        108   arm_exceptions_mem.o
        26          0          0          0          0         76   arm_exceptions_terminate.o
         4          0          0          0          0         68   arm_newhandler_noexceptions.o
         8          0          0          0          0         76   array_new.o
         8          0          0          0          0         76   delete.o
        40          6          0          0          0         76   new.o
        24          0          0          0          0        164   basic.o
        98          4          0          0          0        140   d2f.o
       826         16          0          0          0        492   daddsub_clz.o
        16          4          0          0          0        116   dcheck1.o
        24          0          0          0          0        116   dcmpi.o
       688        140          0          0          0        256   ddiv.o
       120          4          0          0          0        140   deqf.o
        94          4          0          0          0        140   dfix.o
        90          4          0          0          0        140   dfixu.o
        84          0          0          0          0        232   dflt_clz.o
       162          0          0          0          0        132   dfltll_clz.o
       120          4          0          0          0        140   dleqf.o
       340         12          0          0          0        152   dmul.o
       156          4          0          0          0        140   dnaninf.o
        12          0          0          0          0        116   dretinf.o
       108          0          0          0          0        128   drleqf.o
       408         56          0          0          0        168   dsqrt_umaal.o
        86          4          0          0          0        132   f2d.o
       134          4          0          0          0        132   ffixll.o
        96          0          0          0          0        132   ffltll_clz.o
       140          4          0          0          0        132   fnaninf.o
        10          0          0          0          0        116   fpinit.o
        10          0          0          0          0        116   fretinf.o
       100          0          0          0          0        116   retnan.o
        92          0          0          0          0        116   scalbn.o
        48          0          0          0          0        116   trapv.o
         0          0          0          0          0          0   usenofp.o
       864         94         80          0          0        280   asin.o
       744        106        152          0          0        352   atan.o
       512         64          0          0          0        208   atan2.o
       280         28          0          0          0        156   ceil.o
       200         20          0          0          0        164   cos.o
       368         46         48          0          0        200   cos_i.o
       336         56          0          0          0        136   cosf.o
       184         44          0          0          0        744   dunder.o
        44          0          0          0          0        248   fabs.o
        48          0          0          0          0        124   fpclassify.o
        38          0          0          0          0        116   fpclassifyf.o
        80         24          0          0          0        696   funder.o
       248          0          0          0          0        152   poly.o
      3152        296        136          0          0        352   pow.o
      1636        110        320          0          0        372   powf.o
         0          0          8          0          0          0   qnan.o
      1080        142        200          0          0        188   rred.o
       340         24         32          0          0        160   rredf.o
       200         20          0          0          0        164   sin.o
       304         24         40          0          0        208   sin_i.o
       400         56          0          0          0        212   sinf.o
       232          0          0          0          0        296   sqrt.o
        58          0          0          0          0        136   sqrtf.o
       128         20          0          0          0        144   tan.o
       848         84         96          0          0        196   tan_i.o

    ----------------------------------------------------------------------
     18312       1678       1112          0        100      13288   Library Totals
        46          4          0          0          4          0   (incl. Padding)

    ----------------------------------------------------------------------

      Code (inc. data)   RO Data    RW Data    ZI Data      Debug   Library Name

      1630        134          0          0         96       2680   c_w.l
       226         18          0          0          0        584   cpprt_w.l
      4086        264          0          0          0       4020   fz_wm.l
     12324       1258       1112          0          0       6004   m_wm.l

    ----------------------------------------------------------------------
     18312       1678       1112          0        100      13288   Library Totals

    ----------------------------------------------------------------------

==============================================================================


      Code (inc. data)   RO Data    RW Data    ZI Data      Debug   

     59136       5218       3556      25292      12276     875685   Grand Totals
     59136       5218       3556        688      12276     875685   ELF Image Totals (compressed)
     59136       5218       3556        688          0          0   ROM Totals

==============================================================================

    Total RO  Size (Code + RO Data)                62692 (  61.22kB)
    Total RW  Size (RW Data + ZI Data)             37568 (  36.69kB)
    Total ROM Size (Code + RO Data + RW Data)      63380 (  61.89kB)

==============================================================================

